<html>
<body>
<pre>
<h1>µVision Build Log</h1>
<h2>Tool Versions:</h2>
IDE-Version: ¦ÌVision V5.25.2.0
Copyright (C) 2018 ARM Ltd and ARM Germany GmbH. All rights reserved.
License Information: dfas 565919545@qq.com, sdf, LIC=YA39U-S4WQX-30YNC-7LQGM-1UVXN-9C4A9
 
Tool Versions:
Toolchain:       MDK-ARM Plus  Version: 5.25.2.0
Toolchain Path:  F:\Keil_v5\ARM\ARMCC\Bin
C Compiler:      Armcc.exe V5.06 update 6 (build 750)
Assembler:       Armasm.exe V5.06 update 6 (build 750)
Linker/Locator:  ArmLink.exe V5.06 update 6 (build 750)
Library Manager: ArmAr.exe V5.06 update 6 (build 750)
Hex Converter:   FromElf.exe V5.06 update 6 (build 750)
CPU DLL:         SARMCM3.DLL V5.25.2.0
Dialog DLL:      DCM.DLL V1.17.1.0
Target DLL:      STLink\ST-LINKIII-KEIL_SWO.dll V3.0.1.0
Dialog DLL:      TCM.DLL V1.35.1.0
 
<h2>Project:</h2>
D:\STM32_Project\APP_FreeRTOS_V1.0\USER\FreeRTOS.uvprojx
Project File Date:  05/12/2020

<h2>Output:</h2>
*** Using Compiler 'V5.06 update 6 (build 750)', folder: 'F:\Keil_v5\ARM\ARMCC\Bin'
Rebuild target 'FreeRTOS'
compiling stm32f4xx_it.c...
compiling system_stm32f4xx.c...
compiling main.c...
compiling delay.c...
compiling sys.c...
assembling startup_stm32f40_41xxx.s...
compiling usart.c...
compiling misc.c...
compiling stm32f4x7_eth.c...
compiling stm32f4xx_gpio.c...
compiling stm32f4xx_usart.c...
compiling stm32f4xx_syscfg.c...
compiling stm32f4xx_fsmc.c...
compiling stm32f4xx_rcc.c...
compiling croutine.c...
compiling stm32f4xx_tim.c...
compiling list.c...
compiling event_groups.c...
compiling queue.c...
compiling timers.c...
compiling port.c...
compiling tasks.c...
compiling key.c...
compiling led.c...
compiling heap_4.c...
compiling sram.c...
compiling lan8720.c...
compiling lcd.c...
compiling timer.c...
compiling cli.c...
compiling command.c...
compiling utl_vt.c...
compiling utl_string.c...
compiling control.c...
compiling log.c...
compiling etharp.c...
compiling task_manage.c...
compiling malloc.c...
compiling def.c...
compiling dns.c...
compiling dhcp.c...
compiling lwip_sys.c...
compiling init.c...
compiling ethernetif.c...
compiling mem.c...
compiling memp.c...
compiling netif.c...
compiling pbuf.c...
compiling raw.c...
compiling stats.c...
compiling tcp.c...
compiling tcp_out.c...
..\LWIP\lwip-1.4.1\src\core\tcp_out.c(845): warning:  #550-D: variable "tcphdr"  was set but never used
    struct tcp_hdr *tcphdr;
..\LWIP\lwip-1.4.1\src\core\tcp_out.c(1367): warning:  #550-D: variable "tcphdr"  was set but never used
    struct tcp_hdr *tcphdr;
..\LWIP\lwip-1.4.1\src\core\tcp_out.c: 2 warnings, 0 errors
compiling tcp_in.c...
compiling autoip.c...
compiling timers.c...
compiling udp.c...
compiling igmp.c...
compiling icmp.c...
compiling inet.c...
compiling inet_chksum.c...
compiling ip.c...
compiling ip_addr.c...
compiling ip_frag.c...
compiling api_lib.c...
compiling api_msg.c...
compiling err.c...
compiling netbuf.c...
compiling netdb.c...
compiling netifapi.c...
compiling sockets.c...
compiling tcpip.c...
compiling sys_arch.c...
compiling lwip_comm.c...
linking...
Program Size: Code=37606 RO-data=9550 RW-data=320 ZI-data=1240016  
FromELF: creating hex file...
After Build - User command #1: fromelf --bin -o ..\STM32F4-explorer.bin ..\OBJ\STM32F4-explorer.axf
"..\OBJ\STM32F4-explorer.axf" - 0 Error(s), 2 Warning(s).

<h2>Software Packages used:</h2>

Package Vendor: Keil
                http://www.keil.com/pack/Keil.STM32F4xx_DFP.2.13.0.pack
                Keil.STM32F4xx_DFP.2.13.0
                STMicroelectronics STM32F4 Series Device Support, Drivers and Examples

<h2>Collection of Component include folders:</h2>
  .\RTE\_FreeRTOS
  F:\Keil_v5\ARM\PACK\Keil\STM32F4xx_DFP\2.13.0\Drivers\CMSIS\Device\ST\STM32F4xx\Include

<h2>Collection of Component Files used:</h2>
Build Time Elapsed:  00:00:21
</pre>
</body>
</html>
