Component: ARM Compiler 5.06 update 6 (build 750) Tool: armlink [4d35ed]

==============================================================================

Section Cross References

    main.o(i.main) refers to _printf_percent.o(.ARM.Collect$$_printf_percent$$00000000) for _printf_percent
    main.o(i.main) refers to _printf_d.o(.ARM.Collect$$_printf_percent$$00000009) for _printf_d
    main.o(i.main) refers to _printf_s.o(.ARM.Collect$$_printf_percent$$00000014) for _printf_s
    main.o(i.main) refers to _printf_dec.o(.text) for _printf_int_dec
    main.o(i.main) refers to _printf_str.o(.text) for _printf_str
    main.o(i.main) refers to misc.o(i.NVIC_PriorityGroupConfig) for NVIC_PriorityGroupConfig
    main.o(i.main) refers to delay.o(i.delay_init) for delay_init
    main.o(i.main) refers to usart.o(i.uart_init) for uart_init
    main.o(i.main) refers to led.o(i.LED_Init) for LED_Init
    main.o(i.main) refers to key.o(i.KEY_Init) for KEY_Init
    main.o(i.main) refers to lcd.o(i.LCD_Init) for LCD_Init
    main.o(i.main) refers to lcd.o(i.LCD_ShowString) for LCD_ShowString
    main.o(i.main) refers to sram.o(i.FSMC_SRAM_Init) for FSMC_SRAM_Init
    main.o(i.main) refers to malloc.o(i.my_mem_init) for my_mem_init
    main.o(i.main) refers to control.o(i.init_queue) for init_queue
    main.o(i.main) refers to strrchr.o(.text) for strrchr
    main.o(i.main) refers to noretval__2printf.o(.text) for __2printf
    main.o(i.main) refers to task_manage.o(i.card_setup) for card_setup
    main.o(i.main) refers to tasks.o(i.vTaskStartScheduler) for vTaskStartScheduler
    main.o(i.main) refers to log.o(.data) for log_level
    main.o(i.main) refers to main.o(.constdata) for .constdata
    system_stm32f4xx.o(i.SystemCoreClockUpdate) refers to system_stm32f4xx.o(.data) for .data
    system_stm32f4xx.o(i.SystemInit) refers to system_stm32f4xx.o(i.SetSysClock) for SetSysClock
    delay.o(i.SysTick_Handler) refers to tasks.o(i.xTaskGetSchedulerState) for xTaskGetSchedulerState
    delay.o(i.SysTick_Handler) refers to port.o(i.xPortSysTickHandler) for xPortSysTickHandler
    delay.o(i.delay_init) refers to misc.o(i.SysTick_CLKSourceConfig) for SysTick_CLKSourceConfig
    delay.o(i.delay_init) refers to delay.o(.data) for .data
    delay.o(i.delay_ms) refers to tasks.o(i.xTaskGetSchedulerState) for xTaskGetSchedulerState
    delay.o(i.delay_ms) refers to tasks.o(i.vTaskDelay) for vTaskDelay
    delay.o(i.delay_ms) refers to delay.o(i.delay_us) for delay_us
    delay.o(i.delay_ms) refers to delay.o(.data) for .data
    delay.o(i.delay_us) refers to delay.o(.data) for .data
    delay.o(i.delay_xms) refers to delay.o(i.delay_us) for delay_us
    delay.o(i.msleep) refers to tasks.o(i.vTaskDelay) for vTaskDelay
    sys.o(i.MY_NVIC_Init) refers to sys.o(i.MY_NVIC_PriorityGroupConfig) for MY_NVIC_PriorityGroupConfig
    sys.o(i.Stm32_Clock_Init) refers to sys.o(i.Sys_Clock_Set) for Sys_Clock_Set
    sys.o(i.Stm32_Clock_Init) refers to sys.o(i.MY_NVIC_SetVectorTable) for MY_NVIC_SetVectorTable
    sys.o(i.Sys_Standby) refers to sys.o(.emb_text) for WFI_SET
    usart.o(.rev16_text) refers (Special) to use_no_semi_2.o(.text) for __use_no_semihosting
    usart.o(.revsh_text) refers (Special) to use_no_semi_2.o(.text) for __use_no_semihosting
    usart.o(i.IfUartGetByte) refers (Special) to use_no_semi_2.o(.text) for __use_no_semihosting
    usart.o(i.IfUartGetByte) refers to usart.o(.data) for .data
    usart.o(i.UARTSend) refers (Special) to use_no_semi_2.o(.text) for __use_no_semihosting
    usart.o(i.UARTSend) refers to usart.o(i.UartSendByte) for UartSendByte
    usart.o(i.USART1_IRQHandler) refers (Special) to use_no_semi_2.o(.text) for __use_no_semihosting
    usart.o(i.USART1_IRQHandler) refers to stm32f4xx_usart.o(i.USART_GetITStatus) for USART_GetITStatus
    usart.o(i.USART1_IRQHandler) refers to stm32f4xx_usart.o(i.USART_ReceiveData) for USART_ReceiveData
    usart.o(i.USART1_IRQHandler) refers to usart.o(.data) for .data
    usart.o(i.USART1_IRQHandler) refers to usart.o(.bss) for .bss
    usart.o(i.USART1_IRQHandler) refers to cli.o(.data) for cli_timeOut
    usart.o(i.USART2_IRQHandler) refers (Special) to use_no_semi_2.o(.text) for __use_no_semihosting
    usart.o(i.USART2_IRQHandler) refers to stm32f4xx_usart.o(i.USART_GetITStatus) for USART_GetITStatus
    usart.o(i.USART2_IRQHandler) refers to stm32f4xx_usart.o(i.USART_ReceiveData) for USART_ReceiveData
    usart.o(i.USART2_IRQHandler) refers to usart.o(.data) for .data
    usart.o(i.USART2_IRQHandler) refers to usart.o(.bss) for .bss
    usart.o(i.USART2_IRQHandler) refers to cli.o(.data) for cli_timeOut
    usart.o(i.USART3_IRQHandler) refers (Special) to use_no_semi_2.o(.text) for __use_no_semihosting
    usart.o(i.USART3_IRQHandler) refers to stm32f4xx_usart.o(i.USART_GetITStatus) for USART_GetITStatus
    usart.o(i.USART3_IRQHandler) refers to stm32f4xx_usart.o(i.USART_ReceiveData) for USART_ReceiveData
[...]
    __initial_sp                             0x2001fe10   Data           0  startup_stm32f40_41xxx.o(STACK)
    .ARM.__AT_0x68000000                     0x68000000   Section    983040  malloc.o(.ARM.__AT_0x68000000)
    .ARM.__AT_0x680F0000                     0x680f0000   Section    61440  malloc.o(.ARM.__AT_0x680F0000)

    Global Symbols

    Symbol Name                              Value     Ov Type        Size  Object(Section)

    BuildAttributes$$THM_ISAv4$E$P$D$K$B$S$7EM$VFPi3$EXTD16$VFPS$VFMA$PE$A:L22UL41UL21$X:L11$S22US41US21$IEEE1$IW$USESV6$~STKCKD$USESV7$~SHL$OSPACE$ROPI$EBA8$UX$STANDARDLIB$REQ8$PRES8$EABIv2 0x00000000   Number         0  anon$$obj.o ABSOLUTE
    __ARM_use_no_argv                        0x00000000   Number         0  main.o ABSOLUTE
    _printf_flags                            0x00000000   Number         0  printf_stubs.o ABSOLUTE
    _printf_return_value                     0x00000000   Number         0  printf_stubs.o ABSOLUTE
    _printf_sizespec                         0x00000000   Number         0  printf_stubs.o ABSOLUTE
    _printf_widthprec                        0x00000000   Number         0  printf_stubs.o ABSOLUTE
    __ARM_exceptions_init                     - Undefined Weak Reference
    __alloca_initialize                       - Undefined Weak Reference
    __arm_preinit_                            - Undefined Weak Reference
    __cpp_initialize__aeabi_                  - Undefined Weak Reference
    __cxa_finalize                            - Undefined Weak Reference
    __rt_locale                               - Undefined Weak Reference
    __sigvec_lookup                           - Undefined Weak Reference
    _atexit_init                              - Undefined Weak Reference
    _call_atexit_fns                          - Undefined Weak Reference
    _clock_init                               - Undefined Weak Reference
    _fp_trap_init                             - Undefined Weak Reference
    _fp_trap_shutdown                         - Undefined Weak Reference
    _get_lc_collate                           - Undefined Weak Reference
    _get_lc_ctype                             - Undefined Weak Reference
    _get_lc_monetary                          - Undefined Weak Reference
    _get_lc_numeric                           - Undefined Weak Reference
    _get_lc_time                              - Undefined Weak Reference
    _getenv_init                              - Undefined Weak Reference
    _handle_redirection                       - Undefined Weak Reference
    _init_alloc                               - Undefined Weak Reference
    _init_user_alloc                          - Undefined Weak Reference
    _initio                                   - Undefined Weak Reference
    _mutex_acquire                            - Undefined Weak Reference
    _mutex_release                            - Undefined Weak Reference
    _printf_mbtowc                            - Undefined Weak Reference
    _printf_truncate_signed                   - Undefined Weak Reference
    _printf_truncate_unsigned                 - Undefined Weak Reference
    _rand_init                                - Undefined Weak Reference
    _signal_finish                            - Undefined Weak Reference
    _signal_init                              - Undefined Weak Reference
    _terminate_alloc                          - Undefined Weak Reference
    _terminate_user_alloc                     - Undefined Weak Reference
    _terminateio                              - Undefined Weak Reference
    __Vectors_Size                           0x00000188   Number         0  startup_stm32f40_41xxx.o ABSOLUTE
    __Vectors                                0x08000000   Data           4  startup_stm32f40_41xxx.o(RESET)
    __Vectors_End                            0x08000188   Data           0  startup_stm32f40_41xxx.o(RESET)
    __main                                   0x08000189   Thumb Code     8  __main.o(!!!main)
    __scatterload                            0x08000191   Thumb Code     0  __scatter.o(!!!scatter)
    __scatterload_rt2                        0x08000191   Thumb Code    44  __scatter.o(!!!scatter)
    __scatterload_rt2_thumb_only             0x08000191   Thumb Code     0  __scatter.o(!!!scatter)
    __scatterload_null                       0x0800019f   Thumb Code     0  __scatter.o(!!!scatter)
    __decompress                             0x080001c5   Thumb Code    90  __dczerorl2.o(!!dczerorl2)
    __decompress1                            0x080001c5   Thumb Code     0  __dczerorl2.o(!!dczerorl2)
    __scatterload_zeroinit                   0x08000221   Thumb Code    28  __scatter_zi.o(!!handler_zi)
    _printf_d                                0x0800023d   Thumb Code     0  _printf_d.o(.ARM.Collect$$_printf_percent$$00000009)
    _printf_percent                          0x0800023d   Thumb Code     0  _printf_percent.o(.ARM.Collect$$_printf_percent$$00000000)
    _printf_s                                0x08000243   Thumb Code     0  _printf_s.o(.ARM.Collect$$_printf_percent$$00000014)
    _printf_percent_end                      0x08000249   Thumb Code     0  _printf_percent_end.o(.ARM.Collect$$_printf_percent$$00000017)
    __rt_lib_init                            0x0800024d   Thumb Code     0  libinit.o(.ARM.Collect$$libinit$$00000000)
    __rt_lib_init_fp_1                       0x0800024f   Thumb Code     0  libinit2.o(.ARM.Collect$$libinit$$00000001)
    __rt_lib_init_alloca_1                   0x08000253   Thumb Code     0  libinit2.o(.ARM.Collect$$libinit$$0000002E)
    __rt_lib_init_argv_1                     0x08000253   Thumb Code     0  libinit2.o(.ARM.Collect$$libinit$$0000002C)
    __rt_lib_init_atexit_1                   0x08000253   Thumb Code     0  libinit2.o(.ARM.Collect$$libinit$$0000001B)
    __rt_lib_init_clock_1                    0x08000253   Thumb Code     0  libinit2.o(.ARM.Collect$$libinit$$00000021)
    __rt_lib_init_cpp_1                      0x08000253   Thumb Code     0  libinit2.o(.ARM.Collect$$libinit$$00000032)
    __rt_lib_init_exceptions_1               0x08000253   Thumb Code     0  libinit2.o(.ARM.Collect$$libinit$$00000030)
    __rt_lib_init_fp_trap_1                  0x08000253   Thumb Code     0  libinit2.o(.ARM.Collect$$libinit$$0000001F)
    __rt_lib_init_getenv_1                   0x08000253   Thumb Code     0  libinit2.o(.ARM.Collect$$libinit$$00000023)
    __rt_lib_init_heap_1                     0x08000253   Thumb Code     0  libinit2.o(.ARM.Collect$$libinit$$0000000A)
    __rt_lib_init_lc_collate_1               0x08000253   Thumb Code     0  libinit2.o(.ARM.Collect$$libinit$$00000011)
    __rt_lib_init_lc_ctype_1                 0x08000253   Thumb Code     0  libinit2.o(.ARM.Collect$$libinit$$00000013)
    __rt_lib_init_lc_monetary_1              0x08000253   Thumb Code     0  libinit2.o(.ARM.Collect$$libinit$$00000015)
    __rt_lib_init_lc_numeric_1               0x08000253   Thumb Code     0  libinit2.o(.ARM.Collect$$libinit$$00000017)
    __rt_lib_init_lc_time_1                  0x08000253   Thumb Code     0  libinit2.o(.ARM.Collect$$libinit$$00000019)
    __rt_lib_init_preinit_1                  0x08000253   Thumb Code     0  libinit2.o(.ARM.Collect$$libinit$$00000004)
    __rt_lib_init_rand_1                     0x08000253   Thumb Code     0  libinit2.o(.ARM.Collect$$libinit$$0000000E)
    __rt_lib_init_return                     0x08000253   Thumb Code     0  libinit2.o(.ARM.Collect$$libinit$$00000033)
    __rt_lib_init_signal_1                   0x08000253   Thumb Code     0  libinit2.o(.ARM.Collect$$libinit$$0000001D)
    __rt_lib_init_stdio_1                    0x08000253   Thumb Code     0  libinit2.o(.ARM.Collect$$libinit$$00000025)
    __rt_lib_init_user_alloc_1               0x08000253   Thumb Code     0  libinit2.o(.ARM.Collect$$libinit$$0000000C)
    __rt_lib_shutdown                        0x08000255   Thumb Code     0  libshutdown.o(.ARM.Collect$$libshutdown$$00000000)
    __rt_lib_shutdown_cpp_1                  0x08000257   Thumb Code     0  libshutdown2.o(.ARM.Collect$$libshutdown$$00000002)
    __rt_lib_shutdown_fp_trap_1              0x08000257   Thumb Code     0  libshutdown2.o(.ARM.Collect$$libshutdown$$00000007)
    __rt_lib_shutdown_heap_1                 0x08000257   Thumb Code     0  libshutdown2.o(.ARM.Collect$$libshutdown$$0000000F)
    __rt_lib_shutdown_return                 0x08000257   Thumb Code     0  libshutdown2.o(.ARM.Collect$$libshutdown$$00000010)
    __rt_lib_shutdown_signal_1               0x08000257   Thumb Code     0  libshutdown2.o(.ARM.Collect$$libshutdown$$0000000A)
    __rt_lib_shutdown_stdio_1                0x08000257   Thumb Code     0  libshutdown2.o(.ARM.Collect$$libshutdown$$00000004)
    __rt_lib_shutdown_user_alloc_1           0x08000257   Thumb Code     0  libshutdown2.o(.ARM.Collect$$libshutdown$$0000000C)
    __rt_entry                               0x08000259   Thumb Code     0  __rtentry.o(.ARM.Collect$$rtentry$$00000000)
    __rt_entry_presh_1                       0x08000259   Thumb Code     0  __rtentry2.o(.ARM.Collect$$rtentry$$00000002)
    __rt_entry_sh                            0x08000259   Thumb Code     0  __rtentry4.o(.ARM.Collect$$rtentry$$00000004)
    __rt_entry_li                            0x0800025f   Thumb Code     0  __rtentry2.o(.ARM.Collect$$rtentry$$0000000A)
    __rt_entry_postsh_1                      0x0800025f   Thumb Code     0  __rtentry2.o(.ARM.Collect$$rtentry$$00000009)
    __rt_entry_main                          0x08000263   Thumb Code     0  __rtentry2.o(.ARM.Collect$$rtentry$$0000000D)
    __rt_entry_postli_1                      0x08000263   Thumb Code     0  __rtentry2.o(.ARM.Collect$$rtentry$$0000000C)
    __rt_exit                                0x0800026b   Thumb Code     0  rtexit.o(.ARM.Collect$$rtexit$$00000000)
    __rt_exit_ls                             0x0800026d   Thumb Code     0  rtexit2.o(.ARM.Collect$$rtexit$$00000003)
    __rt_exit_prels_1                        0x0800026d   Thumb Code     0  rtexit2.o(.ARM.Collect$$rtexit$$00000002)
    __rt_exit_exit                           0x08000271   Thumb Code     0  rtexit2.o(.ARM.Collect$$rtexit$$00000004)
    SVC_Handler                              0x08000279   Thumb Code    28  port.o(.emb_text)
    __asm___6_port_c_39a90d8d__prvStartFirstTask 0x08000299   Thumb Code    28  port.o(.emb_text)
    __asm___6_port_c_39a90d8d__prvEnableVFP  0x080002b9   Thumb Code    16  port.o(.emb_text)
    PendSV_Handler                           0x080002cd   Thumb Code    88  port.o(.emb_text)
    vPortGetIPSR                             0x08000329   Thumb Code     6  port.o(.emb_text)
    Reset_Handler                            0x08000331   Thumb Code     8  startup_stm32f40_41xxx.o(.text)
    ADC_IRQHandler                           0x0800034b   Thumb Code     0  startup_stm32f40_41xxx.o(.text)
    CAN1_RX0_IRQHandler                      0x0800034b   Thumb Code     0  startup_stm32f40_41xxx.o(.text)
    CAN1_RX1_IRQHandler                      0x0800034b   Thumb Code     0  startup_stm32f40_41xxx.o(.text)
    CAN1_SCE_IRQHandler                      0x0800034b   Thumb Code     0  startup_stm32f40_41xxx.o(.text)
    CAN1_TX_IRQHandler                       0x0800034b   Thumb Code     0  startup_stm32f40_41xxx.o(.text)
    CAN2_RX0_IRQHandler                      0x0800034b   Thumb Code     0  startup_stm32f40_41xxx.o(.text)
    CAN2_RX1_IRQHandler                      0x0800034b   Thumb Code     0  startup_stm32f40_41xxx.o(.text)
    CAN2_SCE_IRQHandler                      0x0800034b   Thumb Code     0  startup_stm32f40_41xxx.o(.text)
    CAN2_TX_IRQHandler                       0x0800034b   Thumb Code     0  startup_stm32f40_41xxx.o(.text)
    CRYP_IRQHandler                          0x0800034b   Thumb Code     0  startup_stm32f40_41xxx.o(.text)
    DCMI_IRQHandler                          0x0800034b   Thumb Code     0  startup_stm32f40_41xxx.o(.text)
    DMA1_Stream0_IRQHandler                  0x0800034b   Thumb Code     0  startup_stm32f40_41xxx.o(.text)
    DMA1_Stream1_IRQHandler                  0x0800034b   Thumb Code     0  startup_stm32f40_41xxx.o(.text)
    DMA1_Stream2_IRQHandler                  0x0800034b   Thumb Code     0  startup_stm32f40_41xxx.o(.text)
    DMA1_Stream3_IRQHandler                  0x0800034b   Thumb Code     0  startup_stm32f40_41xxx.o(.text)
    DMA1_Stream4_IRQHandler                  0x0800034b   Thumb Code     0  startup_stm32f40_41xxx.o(.text)
    DMA1_Stream5_IRQHandler                  0x0800034b   Thumb Code     0  startup_stm32f40_41xxx.o(.text)
    DMA1_Stream6_IRQHandler                  0x0800034b   Thumb Code     0  startup_stm32f40_41xxx.o(.text)
    DMA1_Stream7_IRQHandler                  0x0800034b   Thumb Code     0  startup_stm32f40_41xxx.o(.text)
    DMA2_Stream0_IRQHandler                  0x0800034b   Thumb Code     0  startup_stm32f40_41xxx.o(.text)
    DMA2_Stream1_IRQHandler                  0x0800034b   Thumb Code     0  startup_stm32f40_41xxx.o(.text)
    DMA2_Stream2_IRQHandler                  0x0800034b   Thumb Code     0  startup_stm32f40_41xxx.o(.text)
    DMA2_Stream3_IRQHandler                  0x0800034b   Thumb Code     0  startup_stm32f40_41xxx.o(.text)
    DMA2_Stream4_IRQHandler                  0x0800034b   Thumb Code     0  startup_stm32f40_41xxx.o(.text)
    DMA2_Stream5_IRQHandler                  0x0800034b   Thumb Code     0  startup_stm32f40_41xxx.o(.text)
    DMA2_Stream6_IRQHandler                  0x0800034b   Thumb Code     0  startup_stm32f40_41xxx.o(.text)
    DMA2_Stream7_IRQHandler                  0x0800034b   Thumb Code     0  startup_stm32f40_41xxx.o(.text)
    ETH_WKUP_IRQHandler                      0x0800034b   Thumb Code     0  startup_stm32f40_41xxx.o(.text)
    EXTI0_IRQHandler                         0x0800034b   Thumb Code     0  startup_stm32f40_41xxx.o(.text)
    EXTI15_10_IRQHandler                     0x0800034b   Thumb Code     0  startup_stm32f40_41xxx.o(.text)
    EXTI1_IRQHandler                         0x0800034b   Thumb Code     0  startup_stm32f40_41xxx.o(.text)
    EXTI2_IRQHandler                         0x0800034b   Thumb Code     0  startup_stm32f40_41xxx.o(.text)
    EXTI3_IRQHandler                         0x0800034b   Thumb Code     0  startup_stm32f40_41xxx.o(.text)
    EXTI4_IRQHandler                         0x0800034b   Thumb Code     0  startup_stm32f40_41xxx.o(.text)
    EXTI9_5_IRQHandler                       0x0800034b   Thumb Code     0  startup_stm32f40_41xxx.o(.text)
    FLASH_IRQHandler                         0x0800034b   Thumb Code     0  startup_stm32f40_41xxx.o(.text)
    FPU_IRQHandler                           0x0800034b   Thumb Code     0  startup_stm32f40_41xxx.o(.text)
    FSMC_IRQHandler                          0x0800034b   Thumb Code     0  startup_stm32f40_41xxx.o(.text)
    HASH_RNG_IRQHandler                      0x0800034b   Thumb Code     0  startup_stm32f40_41xxx.o(.text)
    I2C1_ER_IRQHandler                       0x0800034b   Thumb Code     0  startup_stm32f40_41xxx.o(.text)
    I2C1_EV_IRQHandler                       0x0800034b   Thumb Code     0  startup_stm32f40_41xxx.o(.text)
    I2C2_ER_IRQHandler                       0x0800034b   Thumb Code     0  startup_stm32f40_41xxx.o(.text)
    I2C2_EV_IRQHandler                       0x0800034b   Thumb Code     0  startup_stm32f40_41xxx.o(.text)
    I2C3_ER_IRQHandler                       0x0800034b   Thumb Code     0  startup_stm32f40_41xxx.o(.text)
    I2C3_EV_IRQHandler                       0x0800034b   Thumb Code     0  startup_stm32f40_41xxx.o(.text)
    OTG_FS_IRQHandler                        0x0800034b   Thumb Code     0  startup_stm32f40_41xxx.o(.text)
    OTG_FS_WKUP_IRQHandler                   0x0800034b   Thumb Code     0  startup_stm32f40_41xxx.o(.text)
    OTG_HS_EP1_IN_IRQHandler                 0x0800034b   Thumb Code     0  startup_stm32f40_41xxx.o(.text)
    OTG_HS_EP1_OUT_IRQHandler                0x0800034b   Thumb Code     0  startup_stm32f40_41xxx.o(.text)
    OTG_HS_IRQHandler                        0x0800034b   Thumb Code     0  startup_stm32f40_41xxx.o(.text)
    OTG_HS_WKUP_IRQHandler                   0x0800034b   Thumb Code     0  startup_stm32f40_41xxx.o(.text)
    PVD_IRQHandler                           0x0800034b   Thumb Code     0  startup_stm32f40_41xxx.o(.text)
    RCC_IRQHandler                           0x0800034b   Thumb Code     0  startup_stm32f40_41xxx.o(.text)
    RTC_Alarm_IRQHandler                     0x0800034b   Thumb Code     0  startup_stm32f40_41xxx.o(.text)
    RTC_WKUP_IRQHandler                      0x0800034b   Thumb Code     0  startup_stm32f40_41xxx.o(.text)
    SDIO_IRQHandler                          0x0800034b   Thumb Code     0  startup_stm32f40_41xxx.o(.text)
    SPI1_IRQHandler                          0x0800034b   Thumb Code     0  startup_stm32f40_41xxx.o(.text)
    SPI2_IRQHandler                          0x0800034b   Thumb Code     0  startup_stm32f40_41xxx.o(.text)
    SPI3_IRQHandler                          0x0800034b   Thumb Code     0  startup_stm32f40_41xxx.o(.text)
    TAMP_STAMP_IRQHandler                    0x0800034b   Thumb Code     0  startup_stm32f40_41xxx.o(.text)
    TIM1_BRK_TIM9_IRQHandler                 0x0800034b   Thumb Code     0  startup_stm32f40_41xxx.o(.text)
    TIM1_CC_IRQHandler                       0x0800034b   Thumb Code     0  startup_stm32f40_41xxx.o(.text)
    TIM1_TRG_COM_TIM11_IRQHandler            0x0800034b   Thumb Code     0  startup_stm32f40_41xxx.o(.text)
    TIM1_UP_TIM10_IRQHandler                 0x0800034b   Thumb Code     0  startup_stm32f40_41xxx.o(.text)
    TIM2_IRQHandler                          0x0800034b   Thumb Code     0  startup_stm32f40_41xxx.o(.text)
    TIM4_IRQHandler                          0x0800034b   Thumb Code     0  startup_stm32f40_41xxx.o(.text)
    TIM5_IRQHandler                          0x0800034b   Thumb Code     0  startup_stm32f40_41xxx.o(.text)
    TIM6_DAC_IRQHandler                      0x0800034b   Thumb Code     0  startup_stm32f40_41xxx.o(.text)
    TIM7_IRQHandler                          0x0800034b   Thumb Code     0  startup_stm32f40_41xxx.o(.text)
    TIM8_BRK_TIM12_IRQHandler                0x0800034b   Thumb Code     0  startup_stm32f40_41xxx.o(.text)
    TIM8_CC_IRQHandler                       0x0800034b   Thumb Code     0  startup_stm32f40_41xxx.o(.text)
    TIM8_TRG_COM_TIM14_IRQHandler            0x0800034b   Thumb Code     0  startup_stm32f40_41xxx.o(.text)
    TIM8_UP_TIM13_IRQHandler                 0x0800034b   Thumb Code     0  startup_stm32f40_41xxx.o(.text)
    UART4_IRQHandler                         0x0800034b   Thumb Code     0  startup_stm32f40_41xxx.o(.text)
    UART5_IRQHandler                         0x0800034b   Thumb Code     0  startup_stm32f40_41xxx.o(.text)
    USART6_IRQHandler                        0x0800034b   Thumb Code     0  startup_stm32f40_41xxx.o(.text)
    WWDG_IRQHandler                          0x0800034b   Thumb Code     0  startup_stm32f40_41xxx.o(.text)
    __user_initial_stackheap                 0x0800034d   Thumb Code     0  startup_stm32f40_41xxx.o(.text)
    __use_no_semihosting                     0x08000371   Thumb Code     2  use_no_semi_2.o(.text)
    __2printf                                0x08000375   Thumb Code    20  noretval__2printf.o(.text)
    __2sprintf                               0x0800038d   Thumb Code    34  noretval__2sprintf.o(.text)
    _printf_pre_padding                      0x080003b5   Thumb Code    44  _printf_pad.o(.text)
    _printf_post_padding                     0x080003e1   Thumb Code    34  _printf_pad.o(.text)
    _printf_str                              0x08000403   Thumb Code    82  _printf_str.o(.text)
    _printf_int_dec                          0x08000455   Thumb Code   104  _printf_dec.o(.text)
    __printf                                 0x080004cd   Thumb Code   308  __printf_flags_wp.o(.text)
    strrchr                                  0x08000605   Thumb Code    22  strrchr.o(.text)
    strlen                                   0x0800061b   Thumb Code    62  strlen.o(.text)
    __aeabi_memcpy                           0x08000659   Thumb Code     0  rt_memcpy_v6.o(.text)
    __rt_memcpy                              0x08000659   Thumb Code   138  rt_memcpy_v6.o(.text)
    _memcpy_lastbytes                        0x080006bf   Thumb Code     0  rt_memcpy_v6.o(.text)
    __aeabi_memcpy4                          0x080006e3   Thumb Code     0  rt_memcpy_w.o(.text)
    __aeabi_memcpy8                          0x080006e3   Thumb Code     0  rt_memcpy_w.o(.text)
    __rt_memcpy_w                            0x080006e3   Thumb Code   100  rt_memcpy_w.o(.text)
    _memcpy_lastbytes_aligned                0x0800072b   Thumb Code     0  rt_memcpy_w.o(.text)
    __aeabi_memset                           0x08000747   Thumb Code    16  aeabi_memset.o(.text)
    __aeabi_memclr                           0x08000757   Thumb Code     0  rt_memclr.o(.text)
    __rt_memclr                              0x08000757   Thumb Code    68  rt_memclr.o(.text)
    _memset                                  0x0800075b   Thumb Code     0  rt_memclr.o(.text)
    __aeabi_memclr4                          0x0800079b   Thumb Code     0  rt_memclr_w.o(.text)
    __aeabi_memclr8                          0x0800079b   Thumb Code     0  rt_memclr_w.o(.text)
    __rt_memclr_w                            0x0800079b   Thumb Code    78  rt_memclr_w.o(.text)
    _memset_w                                0x0800079f   Thumb Code     0  rt_memclr_w.o(.text)
    __use_two_region_memory                  0x080007e9   Thumb Code     2  heapauxi.o(.text)
    __rt_heap_escrow$2region                 0x080007eb   Thumb Code     2  heapauxi.o(.text)
    __rt_heap_expand$2region                 0x080007ed   Thumb Code     2  heapauxi.o(.text)
    __I$use$semihosting                      0x080007ef   Thumb Code     0  use_no_semi.o(.text)
    __use_no_semihosting_swi                 0x080007ef   Thumb Code     2  use_no_semi.o(.text)
    _printf_int_common                       0x080007f1   Thumb Code   178  _printf_intcommon.o(.text)
    _printf_char_common                      0x080008af   Thumb Code    32  _printf_char_common.o(.text)
    _sputc                                   0x080008d5   Thumb Code    10  _sputc.o(.text)
    _printf_cs_common                        0x080008df   Thumb Code    20  _printf_char.o(.text)
    _printf_char                             0x080008f3   Thumb Code    16  _printf_char.o(.text)
    _printf_string                           0x08000903   Thumb Code     8  _printf_char.o(.text)
    _printf_char_file                        0x0800090d   Thumb Code    32  _printf_char_file.o(.text)
    ferror                                   0x08000931   Thumb Code     8  ferror.o(.text)
    __user_setup_stackheap                   0x08000939   Thumb Code    74  sys_stackheap_outer.o(.text)
    exit                                     0x08000983   Thumb Code    18  exit.o(.text)
    __user_libspace                          0x08000995   Thumb Code     8  libspace.o(.text)
    __user_perproc_libspace                  0x08000995   Thumb Code     0  libspace.o(.text)
    __user_perthread_libspace                0x08000995   Thumb Code     0  libspace.o(.text)
    ATOI8                                    0x0800099d   Thumb Code    38  utl_string.o(i.ATOI8)
    BusFault_Handler                         0x080009c3   Thumb Code     2  stm32f4xx_it.o(i.BusFault_Handler)
    CLI_CMD_ClearScreen                      0x080009c5   Thumb Code    10  cli.o(i.CLI_CMD_ClearScreen)
    CLI_CMD_DEBUG_LEVEL                      0x080009cf   Thumb Code    28  command.o(i.CLI_CMD_DEBUG_LEVEL)
    CLI_CMD_Help                             0x080009ed   Thumb Code   192  cli.o(i.CLI_CMD_Help)
    CLI_CMD_LOGOUT                           0x08000ab9   Thumb Code    18  cli.o(i.CLI_CMD_LOGOUT)
    CLI_CMD_N_Help                           0x08000ad1   Thumb Code   108  cli.o(i.CLI_CMD_N_Help)
    CLI_CMD_SystemRestart                    0x08000b41   Thumb Code    30  command.o(i.CLI_CMD_SystemRestart)
    CheckPwd                                 0x08000b69   Thumb Code    90  cli.o(i.CheckPwd)
    CliTask                                  0x08000bcd   Thumb Code    24  task_manage.o(i.CliTask)
    DebugMon_Handler                         0x08000be9   Thumb Code     2  stm32f4xx_it.o(i.DebugMon_Handler)
    ETH_DMAClearITPendingBit                 0x08000bed   Thumb Code     6  stm32f4x7_eth.o(i.ETH_DMAClearITPendingBit)
    ETH_GetRxPktSize                         0x08000bf9   Thumb Code    30  stm32f4x7_eth.o(i.ETH_GetRxPktSize)
    ETH_IRQHandler                           0x08000c19   Thumb Code    38  lan8720.o(i.ETH_IRQHandler)
    ETH_Rx_Packet                            0x08000c45   Thumb Code    80  lan8720.o(i.ETH_Rx_Packet)
    FSMC_NORSRAMCmd                          0x08000c9d   Thumb Code    26  stm32f4xx_fsmc.o(i.FSMC_NORSRAMCmd)
    FSMC_NORSRAMInit                         0x08000cbd   Thumb Code   200  stm32f4xx_fsmc.o(i.FSMC_NORSRAMInit)
    FSMC_SRAM_Init                           0x08000d85   Thumb Code   668  sram.o(i.FSMC_SRAM_Init)
    GPIO_Init                                0x08001035   Thumb Code   120  stm32f4xx_gpio.o(i.GPIO_Init)
    GPIO_PinAFConfig                         0x080010ad   Thumb Code    32  stm32f4xx_gpio.o(i.GPIO_PinAFConfig)
    GPIO_SetBits                             0x080010cd   Thumb Code     4  stm32f4xx_gpio.o(i.GPIO_SetBits)
    HardFault_Handler                        0x080010d1   Thumb Code     2  stm32f4xx_it.o(i.HardFault_Handler)
    KEY_Init                                 0x080010d5   Thumb Code    58  key.o(i.KEY_Init)
    LCD_Clear                                0x08001119   Thumb Code   104  lcd.o(i.LCD_Clear)
    LCD_Display_Dir                          0x08001185   Thumb Code   304  lcd.o(i.LCD_Display_Dir)
    LCD_Fast_DrawPoint                       0x080012b9   Thumb Code   268  lcd.o(i.LCD_Fast_DrawPoint)
    LCD_Init                                 0x080013c9   Thumb Code 14076  lcd.o(i.LCD_Init)
    LCD_RD_DATA                              0x08004ac5   Thumb Code    20  lcd.o(i.LCD_RD_DATA)
    LCD_ReadReg                              0x08004ad9   Thumb Code    20  lcd.o(i.LCD_ReadReg)
    LCD_SSD_BackLightSet                     0x08004aed   Thumb Code    72  lcd.o(i.LCD_SSD_BackLightSet)
    LCD_Scan_Dir                             0x08004b3d   Thumb Code   510  lcd.o(i.LCD_Scan_Dir)
    LCD_SetCursor                            0x08004d41   Thumb Code   332  lcd.o(i.LCD_SetCursor)
    LCD_ShowChar                             0x08004e91   Thumb Code   184  lcd.o(i.LCD_ShowChar)
    LCD_ShowString                           0x08004f5d   Thumb Code    84  lcd.o(i.LCD_ShowString)
    LCD_WR_DATA                              0x08004fb1   Thumb Code    24  lcd.o(i.LCD_WR_DATA)
    LCD_WR_REG                               0x08004fc9   Thumb Code    24  lcd.o(i.LCD_WR_REG)
    LCD_WriteRAM_Prepare                     0x08004fe1   Thumb Code    14  lcd.o(i.LCD_WriteRAM_Prepare)
    LCD_WriteReg                             0x08004ff5   Thumb Code    12  lcd.o(i.LCD_WriteReg)
    LED_Init                                 0x08005001   Thumb Code    58  led.o(i.LED_Init)
    MEMCPY                                   0x08005041   Thumb Code    22  utl_string.o(i.MEMCPY)
    MEMSET                                   0x08005057   Thumb Code    18  utl_string.o(i.MEMSET)
    MemManage_Handler                        0x08005069   Thumb Code     2  stm32f4xx_it.o(i.MemManage_Handler)
    NMI_Handler                              0x0800506b   Thumb Code     2  stm32f4xx_it.o(i.NMI_Handler)
    NVIC_Init                                0x0800506d   Thumb Code    96  misc.o(i.NVIC_Init)
    NVIC_PriorityGroupConfig                 0x080050d1   Thumb Code    10  misc.o(i.NVIC_PriorityGroupConfig)
    P_MEMCPY                                 0x080050e5   Thumb Code    24  utl_string.o(i.P_MEMCPY)
    RCC_AHB1PeriphClockCmd                   0x080050fd   Thumb Code    18  stm32f4xx_rcc.o(i.RCC_AHB1PeriphClockCmd)
    RCC_AHB3PeriphClockCmd                   0x08005115   Thumb Code    18  stm32f4xx_rcc.o(i.RCC_AHB3PeriphClockCmd)
    RCC_APB1PeriphClockCmd                   0x0800512d   Thumb Code    18  stm32f4xx_rcc.o(i.RCC_APB1PeriphClockCmd)
    RCC_GetClocksFreq                        0x08005145   Thumb Code   132  stm32f4xx_rcc.o(i.RCC_GetClocksFreq)
    STRCMP                                   0x080051d5   Thumb Code    26  utl_string.o(i.STRCMP)
    STRCPY                                   0x080051ef   Thumb Code    18  utl_string.o(i.STRCPY)
    STRLCMP                                  0x08005201   Thumb Code    32  utl_string.o(i.STRLCMP)
    STRLEN_                                  0x08005221   Thumb Code    24  utl_string.o(i.STRLEN_)
    STRMCMP                                  0x08005239   Thumb Code    44  utl_string.o(i.STRMCMP)
    STRMCPY                                  0x08005265   Thumb Code    32  utl_string.o(i.STRMCPY)
    STRNCPY                                  0x08005285   Thumb Code    46  utl_string.o(i.STRNCPY)
    STRSCMP                                  0x080052b3   Thumb Code    88  utl_string.o(i.STRSCMP)
    STRTCMP                                  0x0800530b   Thumb Code    96  utl_string.o(i.STRTCMP)
    STRTOHEAD                                0x0800536b   Thumb Code    74  utl_string.o(i.STRTOHEAD)
    SearchUser                               0x080053b5   Thumb Code    72  cli.o(i.SearchUser)
    SysTick_CLKSourceConfig                  0x080054bd   Thumb Code    24  misc.o(i.SysTick_CLKSourceConfig)
    SysTick_Handler                          0x080054d5   Thumb Code    20  delay.o(i.SysTick_Handler)
    SystemInit                               0x080054e9   Thumb Code    74  system_stm32f4xx.o(i.SystemInit)
    TIM3_IRQHandler                          0x08005545   Thumb Code    36  timer.o(i.TIM3_IRQHandler)
    TIM_ClearITPendingBit                    0x08005571   Thumb Code     6  stm32f4xx_tim.o(i.TIM_ClearITPendingBit)
    TIM_GetITStatus                          0x08005577   Thumb Code    24  stm32f4xx_tim.o(i.TIM_GetITStatus)
    USART1_IRQHandler                        0x08005591   Thumb Code    58  usart.o(i.USART1_IRQHandler)
    USART2_IRQHandler                        0x080055dd   Thumb Code    58  usart.o(i.USART2_IRQHandler)
    USART3_IRQHandler                        0x08005629   Thumb Code    58  usart.o(i.USART3_IRQHandler)
    USART_ClearFlag                          0x08005675   Thumb Code     6  stm32f4xx_usart.o(i.USART_ClearFlag)
    USART_Cmd                                0x0800567b   Thumb Code    20  stm32f4xx_usart.o(i.USART_Cmd)
    USART_GetFlagStatus                      0x0800568f   Thumb Code    14  stm32f4xx_usart.o(i.USART_GetFlagStatus)
    USART_GetITStatus                        0x0800569d   Thumb Code    62  stm32f4xx_usart.o(i.USART_GetITStatus)
    USART_ITConfig                           0x080056db   Thumb Code    48  stm32f4xx_usart.o(i.USART_ITConfig)
    USART_Init                               0x0800570d   Thumb Code   164  stm32f4xx_usart.o(i.USART_Init)
    USART_ReceiveData                        0x080057b9   Thumb Code     8  stm32f4xx_usart.o(i.USART_ReceiveData)
    USART_SendData                           0x080057c1   Thumb Code     8  stm32f4xx_usart.o(i.USART_SendData)
    UTL_VT_ClearRight                        0x080057c9   Thumb Code    34  utl_vt.o(i.UTL_VT_ClearRight)
    UTL_VT_ClearScreen                       0x080057ed   Thumb Code    30  cli.o(i.UTL_VT_ClearScreen)
    UTL_VT_InitScreen                        0x08005811   Thumb Code    58  utl_vt.o(i.UTL_VT_InitScreen)
    UTL_VT_MoveLeft                          0x08005855   Thumb Code    64  utl_vt.o(i.UTL_VT_MoveLeft)
    UTL_VT_MoveRight                         0x08005895   Thumb Code    44  utl_vt.o(i.UTL_VT_MoveRight)
    UTL_VT_PutAscii                          0x080058c1   Thumb Code    28  utl_vt.o(i.UTL_VT_PutAscii)
    UTL_VT_ReadKey                           0x080058dd   Thumb Code   258  utl_vt.o(i.UTL_VT_ReadKey)
    UTL_VT_ReadLine                          0x080059e5   Thumb Code   138  cli.o(i.UTL_VT_ReadLine)
    UartGetByte                              0x08005a75   Thumb Code    72  usart.o(i.UartGetByte)
    UartSendByte                             0x08005ac5   Thumb Code    36  usart.o(i.UartSendByte)
    UartSendStr                              0x08005aed   Thumb Code    24  usart.o(i.UartSendStr)
    UsageFault_Handler                       0x08005b05   Thumb Code     2  stm32f4xx_it.o(i.UsageFault_Handler)
    _is_digit                                0x08005b07   Thumb Code    14  __printf_wp.o(i._is_digit)
    _sys_exit                                0x08005b15   Thumb Code     2  usart.o(i._sys_exit)
    card_setup                               0x08005b19   Thumb Code    94  task_manage.o(i.card_setup)
    cli_MainProcess                          0x08005bd1   Thumb Code   776  cli.o(i.cli_MainProcess)
    cli_Search_ExecuteCmd                    0x08005ef1   Thumb Code   356  cli.o(i.cli_Search_ExecuteCmd)
    cli_TabMatchCmd                          0x08006071   Thumb Code   726  cli.o(i.cli_TabMatchCmd)
    cli_UserLogin                            0x08006371   Thumb Code   116  cli.o(i.cli_UserLogin)
    cli_timeout_count                        0x080063f1   Thumb Code    14  cli.o(i.cli_timeout_count)
    delay_init                               0x08006405   Thumb Code    50  delay.o(i.delay_init)
    delay_ms                                 0x0800643d   Thumb Code    52  delay.o(i.delay_ms)
    delay_us                                 0x08006475   Thumb Code    48  delay.o(i.delay_us)
    ethernetif_input                         0x080064a9   Thumb Code   116  ethernetif.o(i.ethernetif_input)
    float_task                               0x08006521   Thumb Code   102  task_manage.o(i.float_task)
    fputc                                    0x080065e1   Thumb Code    18  usart.o(i.fputc)
    init_queue                               0x080065f9   Thumb Code    36  control.o(i.init_queue)
    led0_task                                0x08006621   Thumb Code    24  task_manage.o(i.led0_task)
    led1_task                                0x0800663d   Thumb Code    32  task_manage.o(i.led1_task)
    lwip_pkt_handle                          0x08006661   Thumb Code     6  lwip_comm.o(i.lwip_pkt_handle)
    main                                     0x0800666d   Thumb Code   148  main.o(i.main)
    mem_free                                 0x08006765   Thumb Code   110  mem.o(i.mem_free)
    mem_malloc                               0x08006879   Thumb Code   258  mem.o(i.mem_malloc)
    memp_free                                0x08006a71   Thumb Code    40  memp.o(i.memp_free)
    memp_malloc                              0x08006b0d   Thumb Code    62  memp.o(i.memp_malloc)
    msleep                                   0x08006be5   Thumb Code     4  delay.o(i.msleep)
    my_mem_init                              0x08006be9   Thumb Code    52  malloc.o(i.my_mem_init)
    my_mem_malloc                            0x08006c25   Thumb Code   132  malloc.o(i.my_mem_malloc)
    my_mem_perused                           0x08006cb1   Thumb Code    48  malloc.o(i.my_mem_perused)
    mymalloc                                 0x08006ce9   Thumb Code    28  malloc.o(i.mymalloc)
    mymemset                                 0x08006d09   Thumb Code    12  malloc.o(i.mymemset)
    pbuf_alloc                               0x08006d15   Thumb Code   460  pbuf.o(i.pbuf_alloc)
    pbuf_free                                0x08007071   Thumb Code   170  pbuf.o(i.pbuf_free)
    pvPortMalloc                             0x08007b9d   Thumb Code   214  heap_4.o(i.pvPortMalloc)
    pvTaskIncrementMutexHeldCount            0x08007cb1   Thumb Code    18  tasks.o(i.pvTaskIncrementMutexHeldCount)
    pxPortInitialiseStack                    0x08007cc9   Thumb Code    40  port.o(i.pxPortInitialiseStack)
    set_log_level                            0x08007cf5   Thumb Code    58  log.o(i.set_log_level)
    start_task                               0x08007d8d   Thumb Code    98  task_manage.o(i.start_task)
    uart3_send_str                           0x08007e35   Thumb Code     8  usart.o(i.uart3_send_str)
    uart_init                                0x08007e3d   Thumb Code   172  usart.o(i.uart_init)
    uxListRemove                             0x08007ef1   Thumb Code    36  list.o(i.uxListRemove)
    vListInitialise                          0x08007f15   Thumb Code    22  list.o(i.vListInitialise)
    vListInitialiseItem                      0x08007f2b   Thumb Code     6  list.o(i.vListInitialiseItem)
    vListInsert                              0x08007f31   Thumb Code    48  list.o(i.vListInsert)
    vListInsertEnd                           0x08007f61   Thumb Code    24  list.o(i.vListInsertEnd)
    vPortEnterCritical                       0x08007f79   Thumb Code    50  port.o(i.vPortEnterCritical)
    vPortExitCritical                        0x08007ff1   Thumb Code    34  port.o(i.vPortExitCritical)
    vPortFree                                0x08008055   Thumb Code    94  heap_4.o(i.vPortFree)
    vPortSetupTimerInterrupt                 0x080080f1   Thumb Code    26  port.o(i.vPortSetupTimerInterrupt)
    vPortValidateInterruptPriority           0x08008111   Thumb Code    70  port.o(i.vPortValidateInterruptPriority)
    vQueueAddToRegistry                      0x0800819d   Thumb Code    32  queue.o(i.vQueueAddToRegistry)
    vQueueWaitForMessageRestricted           0x080081c1   Thumb Code    68  queue.o(i.vQueueWaitForMessageRestricted)
    vTaskDelay                               0x08008205   Thumb Code    62  tasks.o(i.vTaskDelay)
    vTaskDelete                              0x08008271   Thumb Code   152  tasks.o(i.vTaskDelete)
    vTaskMissedYield                         0x0800833d   Thumb Code     8  tasks.o(i.vTaskMissedYield)
    vTaskPlaceOnEventList                    0x08008349   Thumb Code    44  tasks.o(i.vTaskPlaceOnEventList)
    vTaskPlaceOnEventListRestricted          0x0800839d   Thumb Code    52  tasks.o(i.vTaskPlaceOnEventListRestricted)
    vTaskPriorityInherit                     0x080083f9   Thumb Code   124  tasks.o(i.vTaskPriorityInherit)
    vTaskSetTimeOutState                     0x0800847d   Thumb Code    30  tasks.o(i.vTaskSetTimeOutState)
    vTaskStartScheduler                      0x080084c5   Thumb Code    96  tasks.o(i.vTaskStartScheduler)
    vTaskSuspendAll                          0x08008559   Thumb Code    10  tasks.o(i.vTaskSuspendAll)
    vTaskSwitchContext                       0x08008569   Thumb Code    80  tasks.o(i.vTaskSwitchContext)
    vTimerCallback1                          0x080085e5   Thumb Code    28  task_manage.o(i.vTimerCallback1)
    xPortStartScheduler                      0x08008605   Thumb Code   196  port.o(i.xPortStartScheduler)
    xPortSysTickHandler                      0x08008719   Thumb Code    38  port.o(i.xPortSysTickHandler)
    xQueueGenericCreate                      0x08008745   Thumb Code    82  queue.o(i.xQueueGenericCreate)
    xQueueGenericReceive                     0x080087bd   Thumb Code   348  queue.o(i.xQueueGenericReceive)
    xQueueGenericReset                       0x08008941   Thumb Code   128  queue.o(i.xQueueGenericReset)
    xQueueGenericSend                        0x080089e9   Thumb Code   350  queue.o(i.xQueueGenericSend)
    xQueueGenericSendFromISR                 0x08008b71   Thumb Code   188  queue.o(i.xQueueGenericSendFromISR)
    xTaskCheckForTimeOut                     0x08008c51   Thumb Code    94  tasks.o(i.xTaskCheckForTimeOut)
    xTaskCreate                              0x08008cd9   Thumb Code    86  tasks.o(i.xTaskCreate)
    xTaskGetSchedulerState                   0x08008d31   Thumb Code    22  tasks.o(i.xTaskGetSchedulerState)
    xTaskGetTickCount                        0x08008d4d   Thumb Code     6  tasks.o(i.xTaskGetTickCount)
    xTaskIncrementTick                       0x08008d59   Thumb Code   188  tasks.o(i.xTaskIncrementTick)
    xTaskPriorityDisinherit                  0x08008e41   Thumb Code   136  tasks.o(i.xTaskPriorityDisinherit)
    xTaskRemoveFromEventList                 0x08008ef5   Thumb Code   102  tasks.o(i.xTaskRemoveFromEventList)
    xTaskResumeAll                           0x08008f8d   Thumb Code   180  tasks.o(i.xTaskResumeAll)
    xTimerCreate                             0x08009071   Thumb Code    74  timers.o(i.xTimerCreate)
    xTimerCreateTimerTask                    0x080090e5   Thumb Code    58  timers.o(i.xTimerCreateTimerTask)
    xTimerGenericCommand                     0x08009159   Thumb Code    98  timers.o(i.xTimerGenericCommand)
    __aeabi_d2uiz                            0x080091e9   Thumb Code     0  dfixu.o(x$fpl$dfixu)
    _dfixu                                   0x080091e9   Thumb Code    90  dfixu.o(x$fpl$dfixu)
    __aeabi_ui2d                             0x08009243   Thumb Code     0  dflt_clz.o(x$fpl$dfltu)
    _dfltu                                   0x08009243   Thumb Code    38  dflt_clz.o(x$fpl$dfltu)
    __aeabi_dmul                             0x08009269   Thumb Code     0  dmul.o(x$fpl$dmul)
    _dmul                                    0x08009269   Thumb Code   332  dmul.o(x$fpl$dmul)
    __fpl_dnaninf                            0x080093bd   Thumb Code   156  dnaninf.o(x$fpl$dnaninf)
    __fpl_dretinf                            0x08009459   Thumb Code    12  dretinf.o(x$fpl$dretinf)
    _fp_init                                 0x08009465   Thumb Code    10  fpinit.o(x$fpl$fpinit)
    __fplib_config_fpu_vfp                   0x0800946d   Thumb Code     0  fpinit.o(x$fpl$fpinit)
    __fplib_config_pureend_doubles           0x0800946d   Thumb Code     0  fpinit.o(x$fpl$fpinit)
    __I$use$fp                               0x0800946e   Number         0  usenofp.o(x$fpl$usenofp)
    asc2_1206                                0x08009473   Data        1140  lcd.o(.constdata)
    asc2_1608                                0x080098e7   Data        1520  lcd.o(.constdata)
    asc2_2412                                0x08009ed7   Data        3420  lcd.o(.constdata)
    cli_cmd_debug_log                        0x0800ac34   Data          88  cli.o(.constdata)
    cli_cmd_debug                            0x0800ac8c   Data          88  cli.o(.constdata)
    cli_cmd                                  0x0800acec   Data         352  cli.o(.constdata)
    cli_cmd_kernel                           0x0800ae4c   Data         176  cli.o(.constdata)
    cli_account_hide                         0x0800aefc   Data          36  cli.o(.constdata)
    ansiclr                                  0x0800af20   Data           9  cli.o(.constdata)
    print_success                            0x0800afd8   Data           9  cli.o(.constdata)
    print_fail                               0x0800afe1   Data           9  cli.o(.constdata)
    print_parameter_error                    0x0800afea   Data          20  cli.o(.constdata)
    print_portnum_error                      0x0800affe   Data          23  cli.o(.constdata)
    print_port_disable                       0x0800b015   Data          17  cli.o(.constdata)
    print_module_not_inserted                0x0800b026   Data          25  cli.o(.constdata)
    print_unknow_error                       0x0800b03f   Data          17  cli.o(.constdata)
    print_not_support_function               0x0800b050   Data          30  cli.o(.constdata)
    print_uncongnized_module                 0x0800b06e   Data          23  cli.o(.constdata)
    print_linenum_error                      0x0800b085   Data          23  cli.o(.constdata)
    CRC8Table                                0x0800b2cc   Data         256  utl_vt.o(.constdata)
    memtblsize                               0x0800b7dc   Data          12  malloc.o(.constdata)
    memblksize                               0x0800b7e8   Data          12  malloc.o(.constdata)
    memsize                                  0x0800b7f4   Data          12  malloc.o(.constdata)
    Region$$Table$$Base                      0x0800b814   Number         0  anon$$obj.o(Region$$Table)
    Region$$Table$$Limit                     0x0800b834   Number         0  anon$$obj.o(Region$$Table)
    mem3base                                 0x10000000   Data       61440  malloc.o(.ARM.__AT_0x10000000)
    mem3mapbase                              0x1000f000   Data        3840  malloc.o(.ARM.__AT_0x1000F000)
    SystemCoreClock                          0x20000000   Data           4  system_stm32f4xx.o(.data)
    AHBPrescTable                            0x20000004   Data          16  system_stm32f4xx.o(.data)
    __stdout                                 0x20000030   Data           4  usart.o(.data)
    DMATxDescToSet                           0x20000034   Data           4  stm32f4x7_eth.o(.data)
    DMARxDescToGet                           0x20000038   Data           4  stm32f4x7_eth.o(.data)
    DMA_RX_FRAME_infos                       0x2000003c   Data           4  stm32f4x7_eth.o(.data)
    pxCurrentTCB                             0x20000050   Data           4  tasks.o(.data)
    POINT_COLOR                              0x200000c4   Data           2  lcd.o(.data)
    BACK_COLOR                               0x200000c6   Data           2  lcd.o(.data)
    cmd_history_index                        0x200000c8   Data           1  cli.o(.data)
    cli_timeOut                              0x200000c9   Data           1  cli.o(.data)
    user_index                               0x200000ca   Data           1  cli.o(.data)
    user_level                               0x200000cb   Data           1  cli.o(.data)
    Pass_word                                0x200000cc   Data          17  cli.o(.data)
    timer_count                              0x200000e4   Data           1  task_manage.o(.data)
    time_1s_count                            0x200000e5   Data           1  task_manage.o(.data)
    StartTask_Handler                        0x200000ec   Data           4  task_manage.o(.data)
    LED0Task_Handler                         0x200000f0   Data           4  task_manage.o(.data)
    LED1Task_Handler                         0x200000f4   Data           4  task_manage.o(.data)
    FLOATTask_Handler                        0x200000f8   Data           4  task_manage.o(.data)
    log_level                                0x200000fc   Data           1  log.o(.data)
    mallco_dev                               0x20000100   Data          36  malloc.o(.data)
    ram_heap                                 0x20000124   Data           4  mem.o(.data)
    TCPTimer                                 0x20000134   Data           4  lwip_comm.o(.data)
    ARPTimer                                 0x20000138   Data           4  lwip_comm.o(.data)
    lwip_localtime                           0x2000013c   Data           4  lwip_comm.o(.data)
    xQueueRegistry                           0x20000f50   Data          64  queue.o(.bss)
    lcddev                                   0x2000629c   Data          14  lcd.o(.bss)
    cmd_history_buffer                       0x200062aa   Data         195  cli.o(.bss)
    mem1base                                 0x20006380   Data       97280  malloc.o(.bss)
    mem1mapbase                              0x2001df80   Data        6080  malloc.o(.bss)
    lwipdev                                  0x2001f768   Data          23  lwip_comm.o(.bss)
    lwip_netif                               0x2001f780   Data          48  lwip_comm.o(.bss)
    __libspace_start                         0x2001f7b0   Data          96  libspace.o(.bss)
    __temporary_stack_top$libspace           0x2001f810   Data           0  libspace.o(.bss)
    mem2base                                 0x68000000   Data       983040  malloc.o(.ARM.__AT_0x68000000)
    mem2mapbase                              0x680f0000   Data       61440  malloc.o(.ARM.__AT_0x680F0000)



==============================================================================

Memory Map of the image

  Image Entry point : 0x08000189

  Load Region LR_IROM1 (Base: 0x08000000, Size: 0x0000b974, Max: 0x00100000, ABSOLUTE, COMPRESSED[0x0000b88c])

    Execution Region ER_IROM1 (Exec base: 0x08000000, Load base: 0x08000000, Size: 0x0000b834, Max: 0x00100000, ABSOLUTE)

    Exec Addr    Load Addr    Size         Type   Attr      Idx    E Section Name        Object

    0x08000000   0x08000000   0x00000188   Data   RO          654    RESET               startup_stm32f40_41xxx.o
    0x08000188   0x08000188   0x00000008   Code   RO         6337  * !!!main             c_w.l(__main.o)
    0x08000190   0x08000190   0x00000034   Code   RO         6540    !!!scatter          c_w.l(__scatter.o)
    0x080001c4   0x080001c4   0x0000005a   Code   RO         6538    !!dczerorl2         c_w.l(__dczerorl2.o)
    0x0800021e   0x0800021e   0x00000002   PAD
    0x08000220   0x08000220   0x0000001c   Code   RO         6542    !!handler_zi        c_w.l(__scatter_zi.o)
    0x0800023c   0x0800023c   0x00000000   Code   RO         6316    .ARM.Collect$$_printf_percent$$00000000  c_w.l(_printf_percent.o)
    0x0800023c   0x0800023c   0x00000006   Code   RO         6314    .ARM.Collect$$_printf_percent$$00000009  c_w.l(_printf_d.o)
    0x08000242   0x08000242   0x00000006   Code   RO         6312    .ARM.Collect$$_printf_percent$$00000014  c_w.l(_printf_s.o)
    0x08000248   0x08000248   0x00000004   Code   RO         6374    .ARM.Collect$$_printf_percent$$00000017  c_w.l(_printf_percent_end.o)
    0x0800024c   0x0800024c   0x00000002   Code   RO         6412    .ARM.Collect$$libinit$$00000000  c_w.l(libinit.o)
    0x0800024e   0x0800024e   0x00000004   Code   RO         6418    .ARM.Collect$$libinit$$00000001  c_w.l(libinit2.o)
    0x08000252   0x08000252   0x00000000   Code   RO         6421    .ARM.Collect$$libinit$$00000004  c_w.l(libinit2.o)
    0x08000252   0x08000252   0x00000000   Code   RO         6424    .ARM.Collect$$libinit$$0000000A  c_w.l(libinit2.o)
    0x08000252   0x08000252   0x00000000   Code   RO         6426    .ARM.Collect$$libinit$$0000000C  c_w.l(libinit2.o)
    0x08000252   0x08000252   0x00000000   Code   RO         6428    .ARM.Collect$$libinit$$0000000E  c_w.l(libinit2.o)
    0x08000252   0x08000252   0x00000000   Code   RO         6431    .ARM.Collect$$libinit$$00000011  c_w.l(libinit2.o)
    0x08000252   0x08000252   0x00000000   Code   RO         6433    .ARM.Collect$$libinit$$00000013  c_w.l(libinit2.o)
    0x08000252   0x08000252   0x00000000   Code   RO         6435    .ARM.Collect$$libinit$$00000015  c_w.l(libinit2.o)
    0x08000252   0x08000252   0x00000000   Code   RO         6437    .ARM.Collect$$libinit$$00000017  c_w.l(libinit2.o)
    0x08000252   0x08000252   0x00000000   Code   RO         6439    .ARM.Collect$$libinit$$00000019  c_w.l(libinit2.o)
    0x08000252   0x08000252   0x00000000   Code   RO         6441    .ARM.Collect$$libinit$$0000001B  c_w.l(libinit2.o)
    0x08000252   0x08000252   0x00000000   Code   RO         6443    .ARM.Collect$$libinit$$0000001D  c_w.l(libinit2.o)
    0x08000252   0x08000252   0x00000000   Code   RO         6445    .ARM.Collect$$libinit$$0000001F  c_w.l(libinit2.o)
    0x08000252   0x08000252   0x00000000   Code   RO         6447    .ARM.Collect$$libinit$$00000021  c_w.l(libinit2.o)
    0x08000252   0x08000252   0x00000000   Code   RO         6449    .ARM.Collect$$libinit$$00000023  c_w.l(libinit2.o)
    0x08000252   0x08000252   0x00000000   Code   RO         6451    .ARM.Collect$$libinit$$00000025  c_w.l(libinit2.o)
    0x08000252   0x08000252   0x00000000   Code   RO         6455    .ARM.Collect$$libinit$$0000002C  c_w.l(libinit2.o)
    0x08000252   0x08000252   0x00000000   Code   RO         6457    .ARM.Collect$$libinit$$0000002E  c_w.l(libinit2.o)
    0x08000252   0x08000252   0x00000000   Code   RO         6459    .ARM.Collect$$libinit$$00000030  c_w.l(libinit2.o)
    0x08000252   0x08000252   0x00000000   Code   RO         6461    .ARM.Collect$$libinit$$00000032  c_w.l(libinit2.o)
    0x08000252   0x08000252   0x00000002   Code   RO         6462    .ARM.Collect$$libinit$$00000033  c_w.l(libinit2.o)
    0x08000254   0x08000254   0x00000002   Code   RO         6480    .ARM.Collect$$libshutdown$$00000000  c_w.l(libshutdown.o)
    0x08000256   0x08000256   0x00000000   Code   RO         6490    .ARM.Collect$$libshutdown$$00000002  c_w.l(libshutdown2.o)
    0x08000256   0x08000256   0x00000000   Code   RO         6492    .ARM.Collect$$libshutdown$$00000004  c_w.l(libshutdown2.o)
    0x08000256   0x08000256   0x00000000   Code   RO         6495    .ARM.Collect$$libshutdown$$00000007  c_w.l(libshutdown2.o)
    0x08000256   0x08000256   0x00000000   Code   RO         6498    .ARM.Collect$$libshutdown$$0000000A  c_w.l(libshutdown2.o)
    0x08000256   0x08000256   0x00000000   Code   RO         6500    .ARM.Collect$$libshutdown$$0000000C  c_w.l(libshutdown2.o)
    0x08000256   0x08000256   0x00000000   Code   RO         6503    .ARM.Collect$$libshutdown$$0000000F  c_w.l(libshutdown2.o)
    0x08000256   0x08000256   0x00000002   Code   RO         6504    .ARM.Collect$$libshutdown$$00000010  c_w.l(libshutdown2.o)
    0x08000258   0x08000258   0x00000000   Code   RO         6363    .ARM.Collect$$rtentry$$00000000  c_w.l(__rtentry.o)
    0x08000258   0x08000258   0x00000000   Code   RO         6383    .ARM.Collect$$rtentry$$00000002  c_w.l(__rtentry2.o)
    0x08000258   0x08000258   0x00000006   Code   RO         6395    .ARM.Collect$$rtentry$$00000004  c_w.l(__rtentry4.o)
    0x0800025e   0x0800025e   0x00000000   Code   RO         6385    .ARM.Collect$$rtentry$$00000009  c_w.l(__rtentry2.o)
    0x0800025e   0x0800025e   0x00000004   Code   RO         6386    .ARM.Collect$$rtentry$$0000000A  c_w.l(__rtentry2.o)
    0x08000262   0x08000262   0x00000000   Code   RO         6388    .ARM.Collect$$rtentry$$0000000C  c_w.l(__rtentry2.o)
    0x08000262   0x08000262   0x00000008   Code   RO         6389    .ARM.Collect$$rtentry$$0000000D  c_w.l(__rtentry2.o)
    0x0800026a   0x0800026a   0x00000002   Code   RO         6416    .ARM.Collect$$rtexit$$00000000  c_w.l(rtexit.o)
    0x0800026c   0x0800026c   0x00000000   Code   RO         6464    .ARM.Collect$$rtexit$$00000002  c_w.l(rtexit2.o)
    0x0800026c   0x0800026c   0x00000004   Code   RO         6465    .ARM.Collect$$rtexit$$00000003  c_w.l(rtexit2.o)
    0x08000270   0x08000270   0x00000006   Code   RO         6466    .ARM.Collect$$rtexit$$00000004  c_w.l(rtexit2.o)
    0x08000276   0x08000276   0x00000002   PAD
    0x08000278   0x08000278   0x000000b6   Code   RO         3461    .emb_text           port.o
    0x0800032e   0x0800032e   0x00000002   PAD
    0x08000330   0x08000330   0x00000040   Code   RO          655    .text               startup_stm32f40_41xxx.o
    0x08000370   0x08000370   0x00000002   Code   RO         6252    .text               c_w.l(use_no_semi_2.o)
    0x08000372   0x08000372   0x00000002   PAD
    0x08000374   0x08000374   0x00000018   Code   RO         6258    .text               c_w.l(noretval__2printf.o)
    0x0800038c   0x0800038c   0x00000028   Code   RO         6260    .text               c_w.l(noretval__2sprintf.o)
    0x080003b4   0x080003b4   0x0000004e   Code   RO         6264    .text               c_w.l(_printf_pad.o)
    0x08000402   0x08000402   0x00000052   Code   RO         6266    .text               c_w.l(_printf_str.o)
    0x08000454   0x08000454   0x00000078   Code   RO         6268    .text               c_w.l(_printf_dec.o)
    0x080004cc   0x080004cc   0x00000138   Code   RO         6303    .text               c_w.l(__printf_flags_wp.o)
    0x08000604   0x08000604   0x00000016   Code   RO         6321    .text               c_w.l(strrchr.o)
    0x0800061a   0x0800061a   0x0000003e   Code   RO         6323    .text               c_w.l(strlen.o)
    0x08000658   0x08000658   0x0000008a   Code   RO         6325    .text               c_w.l(rt_memcpy_v6.o)
    0x080006e2   0x080006e2   0x00000064   Code   RO         6327    .text               c_w.l(rt_memcpy_w.o)
    0x08000746   0x08000746   0x00000010   Code   RO         6329    .text               c_w.l(aeabi_memset.o)
    0x08000756   0x08000756   0x00000044   Code   RO         6331    .text               c_w.l(rt_memclr.o)
    0x0800079a   0x0800079a   0x0000004e   Code   RO         6333    .text               c_w.l(rt_memclr_w.o)
    0x080007e8   0x080007e8   0x00000006   Code   RO         6335    .text               c_w.l(heapauxi.o)
    0x080007ee   0x080007ee   0x00000002   Code   RO         6361    .text               c_w.l(use_no_semi.o)
    0x080007f0   0x080007f0   0x000000b2   Code   RO         6364    .text               c_w.l(_printf_intcommon.o)
    0x080008a2   0x080008a2   0x00000002   PAD
    0x080008a4   0x080008a4   0x00000030   Code   RO         6366    .text               c_w.l(_printf_char_common.o)
    0x080008d4   0x080008d4   0x0000000a   Code   RO         6368    .text               c_w.l(_sputc.o)
    0x080008de   0x080008de   0x0000002c   Code   RO         6370    .text               c_w.l(_printf_char.o)
    0x0800090a   0x0800090a   0x00000002   PAD
    0x0800090c   0x0800090c   0x00000024   Code   RO         6372    .text               c_w.l(_printf_char_file.o)
    0x08000930   0x08000930   0x00000008   Code   RO         6399    .text               c_w.l(ferror.o)
    0x08000938   0x08000938   0x0000004a   Code   RO         6403    .text               c_w.l(sys_stackheap_outer.o)
    0x08000982   0x08000982   0x00000012   Code   RO         6405    .text               c_w.l(exit.o)
    0x08000994   0x08000994   0x00000008   Code   RO         6413    .text               c_w.l(libspace.o)
    0x0800099c   0x0800099c   0x00000026   Code   RO         4267    i.ATOI8             utl_string.o
    0x080009c2   0x080009c2   0x00000002   Code   RO          267    i.BusFault_Handler  stm32f4xx_it.o
    0x080009c4   0x080009c4   0x0000000a   Code   RO         4003    i.CLI_CMD_ClearScreen  cli.o
    0x080009ce   0x080009ce   0x0000001c   Code   RO         4141    i.CLI_CMD_DEBUG_LEVEL  command.o
    0x080009ea   0x080009ea   0x00000002   PAD
    0x080009ec   0x080009ec   0x000000cc   Code   RO         4004    i.CLI_CMD_Help      cli.o
    0x08000ab8   0x08000ab8   0x00000018   Code   RO         4005    i.CLI_CMD_LOGOUT    cli.o
    0x08000ad0   0x08000ad0   0x00000070   Code   RO         4006    i.CLI_CMD_N_Help    cli.o
    0x08000b40   0x08000b40   0x00000028   Code   RO         4142    i.CLI_CMD_SystemRestart  command.o
    0x08000b68   0x08000b68   0x00000064   Code   RO         4009    i.CheckPwd          cli.o
    0x08000bcc   0x08000bcc   0x0000001c   Code   RO         4542    i.CliTask           task_manage.o
    0x08000be8   0x08000be8   0x00000002   Code   RO          268    i.DebugMon_Handler  stm32f4xx_it.o
    0x08000bea   0x08000bea   0x00000002   PAD
    0x08000bec   0x08000bec   0x0000000c   Code   RO          664    i.ETH_DMAClearITPendingBit  stm32f4x7_eth.o
    0x08000bf8   0x08000bf8   0x0000001e   Code   RO          706    i.ETH_GetRxPktSize  stm32f4x7_eth.o
    0x08000c16   0x08000c16   0x00000002   PAD
    0x08000c18   0x08000c18   0x0000002c   Code   RO         3896    i.ETH_IRQHandler    lan8720.o
    0x08000c44   0x08000c44   0x00000058   Code   RO         3900    i.ETH_Rx_Packet     lan8720.o
    0x08000c9c   0x08000c9c   0x00000020   Code   RO         1578    i.FSMC_NORSRAMCmd   stm32f4xx_fsmc.o
    0x08000cbc   0x08000cbc   0x000000c8   Code   RO         1580    i.FSMC_NORSRAMInit  stm32f4xx_fsmc.o
    0x08000d84   0x08000d84   0x000002b0   Code   RO         3650    i.FSMC_SRAM_Init    sram.o
    0x08001034   0x08001034   0x00000078   Code   RO         1226    i.GPIO_Init         stm32f4xx_gpio.o
    0x080010ac   0x080010ac   0x00000020   Code   RO         1227    i.GPIO_PinAFConfig  stm32f4xx_gpio.o
    0x080010cc   0x080010cc   0x00000004   Code   RO         1234    i.GPIO_SetBits      stm32f4xx_gpio.o
    0x080010d0   0x080010d0   0x00000002   Code   RO          269    i.HardFault_Handler  stm32f4xx_it.o
    0x080010d2   0x080010d2   0x00000002   PAD
    0x080010d4   0x080010d4   0x00000044   Code   RO         3603    i.KEY_Init          key.o
    0x08001118   0x08001118   0x0000006c   Code   RO         3694    i.LCD_Clear         lcd.o
    0x08001184   0x08001184   0x00000134   Code   RO         3698    i.LCD_Display_Dir   lcd.o
    0x080012b8   0x080012b8   0x00000110   Code   RO         3703    i.LCD_Fast_DrawPoint  lcd.o
    0x080013c8   0x080013c8   0x000036fc   Code   RO         3705    i.LCD_Init          lcd.o
    0x08004ac4   0x08004ac4   0x00000014   Code   RO         3707    i.LCD_RD_DATA       lcd.o
    0x08004ad8   0x08004ad8   0x00000014   Code   RO         3709    i.LCD_ReadReg       lcd.o
    0x08004aec   0x08004aec   0x00000050   Code   RO         3710    i.LCD_SSD_BackLightSet  lcd.o
    0x08004b3c   0x08004b3c   0x00000204   Code   RO         3711    i.LCD_Scan_Dir      lcd.o
    0x08004d40   0x08004d40   0x00000150   Code   RO         3712    i.LCD_SetCursor     lcd.o
    0x08004e90   0x08004e90   0x000000cc   Code   RO         3714    i.LCD_ShowChar      lcd.o
    0x08004f5c   0x08004f5c   0x00000054   Code   RO         3716    i.LCD_ShowString    lcd.o
    0x08004fb0   0x08004fb0   0x00000018   Code   RO         3718    i.LCD_WR_DATA       lcd.o
    0x08004fc8   0x08004fc8   0x00000018   Code   RO         3719    i.LCD_WR_REG        lcd.o
    0x08004fe0   0x08004fe0   0x00000014   Code   RO         3721    i.LCD_WriteRAM_Prepare  lcd.o
    0x08004ff4   0x08004ff4   0x0000000c   Code   RO         3722    i.LCD_WriteReg      lcd.o
    0x08005000   0x08005000   0x00000040   Code   RO         3630    i.LED_Init          led.o
    0x08005040   0x08005040   0x00000016   Code   RO         4273    i.MEMCPY            utl_string.o
    0x08005056   0x08005056   0x00000012   Code   RO         4274    i.MEMSET            utl_string.o
    0x08005068   0x08005068   0x00000002   Code   RO          270    i.MemManage_Handler  stm32f4xx_it.o
    0x0800506a   0x0800506a   0x00000002   Code   RO          271    i.NMI_Handler       stm32f4xx_it.o
    0x0800506c   0x0800506c   0x00000064   Code   RO         1181    i.NVIC_Init         misc.o
    0x080050d0   0x080050d0   0x00000014   Code   RO         1182    i.NVIC_PriorityGroupConfig  misc.o
    0x080050e4   0x080050e4   0x00000018   Code   RO         4275    i.P_MEMCPY          utl_string.o
    0x080050fc   0x080050fc   0x00000018   Code   RO         1695    i.RCC_AHB1PeriphClockCmd  stm32f4xx_rcc.o
    0x08005114   0x08005114   0x00000018   Code   RO         1701    i.RCC_AHB3PeriphClockCmd  stm32f4xx_rcc.o
    0x0800512c   0x0800512c   0x00000018   Code   RO         1704    i.RCC_APB1PeriphClockCmd  stm32f4xx_rcc.o
    0x08005144   0x08005144   0x00000090   Code   RO         1716    i.RCC_GetClocksFreq  stm32f4xx_rcc.o
    0x080051d4   0x080051d4   0x0000001a   Code   RO         4278    i.STRCMP            utl_string.o
    0x080051ee   0x080051ee   0x00000012   Code   RO         4279    i.STRCPY            utl_string.o
    0x08005200   0x08005200   0x00000020   Code   RO         4281    i.STRLCMP           utl_string.o
    0x08005220   0x08005220   0x00000018   Code   RO         4283    i.STRLEN_           utl_string.o
    0x08005238   0x08005238   0x0000002c   Code   RO         4284    i.STRMCMP           utl_string.o
    0x08005264   0x08005264   0x00000020   Code   RO         4285    i.STRMCPY           utl_string.o
    0x08005284   0x08005284   0x0000002e   Code   RO         4287    i.STRNCPY           utl_string.o
    0x080052b2   0x080052b2   0x00000058   Code   RO         4288    i.STRSCMP           utl_string.o
    0x0800530a   0x0800530a   0x00000060   Code   RO         4290    i.STRTCMP           utl_string.o
    0x0800536a   0x0800536a   0x0000004a   Code   RO         4292    i.STRTOHEAD         utl_string.o
    0x080053b4   0x080053b4   0x00000054   Code   RO         4010    i.SearchUser        cli.o
    0x08005408   0x08005408   0x000000b4   Code   RO          346    i.SetSysClock       system_stm32f4xx.o
    0x080054bc   0x080054bc   0x00000018   Code   RO         1185    i.SysTick_CLKSourceConfig  misc.o
    0x080054d4   0x080054d4   0x00000014   Code   RO          383    i.SysTick_Handler   delay.o
    0x080054e8   0x080054e8   0x0000005c   Code   RO          348    i.SystemInit        system_stm32f4xx.o
    0x08005544   0x08005544   0x0000002c   Code   RO         3970    i.TIM3_IRQHandler   timer.o
    0x08005570   0x08005570   0x00000006   Code   RO         2032    i.TIM_ClearITPendingBit  stm32f4xx_tim.o
    0x08005576   0x08005576   0x00000018   Code   RO         2058    i.TIM_GetITStatus   stm32f4xx_tim.o
    0x0800558e   0x0800558e   0x00000002   PAD
    0x08005590   0x08005590   0x0000004c   Code   RO          524    i.USART1_IRQHandler  usart.o
    0x080055dc   0x080055dc   0x0000004c   Code   RO          525    i.USART2_IRQHandler  usart.o
    0x08005628   0x08005628   0x0000004c   Code   RO          526    i.USART3_IRQHandler  usart.o
    0x08005674   0x08005674   0x00000006   Code   RO         1323    i.USART_ClearFlag   stm32f4xx_usart.o
    0x0800567a   0x0800567a   0x00000014   Code   RO         1327    i.USART_Cmd         stm32f4xx_usart.o
    0x0800568e   0x0800568e   0x0000000e   Code   RO         1330    i.USART_GetFlagStatus  stm32f4xx_usart.o
    0x0800569c   0x0800569c   0x0000003e   Code   RO         1331    i.USART_GetITStatus  stm32f4xx_usart.o
    0x080056da   0x080056da   0x00000030   Code   RO         1333    i.USART_ITConfig    stm32f4xx_usart.o
    0x0800570a   0x0800570a   0x00000002   PAD
    0x0800570c   0x0800570c   0x000000ac   Code   RO         1334    i.USART_Init        stm32f4xx_usart.o
    0x080057b8   0x080057b8   0x00000008   Code   RO         1341    i.USART_ReceiveData  stm32f4xx_usart.o
    0x080057c0   0x080057c0   0x00000008   Code   RO         1344    i.USART_SendData    stm32f4xx_usart.o
    0x080057c8   0x080057c8   0x00000022   Code   RO         4177    i.UTL_VT_ClearRight  utl_vt.o
    0x080057ea   0x080057ea   0x00000002   PAD
    0x080057ec   0x080057ec   0x00000024   Code   RO         4011    i.UTL_VT_ClearScreen  cli.o
    0x08005810   0x08005810   0x00000044   Code   RO         4178    i.UTL_VT_InitScreen  utl_vt.o
    0x08005854   0x08005854   0x00000040   Code   RO         4179    i.UTL_VT_MoveLeft   utl_vt.o
    0x08005894   0x08005894   0x0000002c   Code   RO         4180    i.UTL_VT_MoveRight  utl_vt.o
    0x080058c0   0x080058c0   0x0000001c   Code   RO         4181    i.UTL_VT_PutAscii   utl_vt.o
    0x080058dc   0x080058dc   0x00000108   Code   RO         4182    i.UTL_VT_ReadKey    utl_vt.o
    0x080059e4   0x080059e4   0x00000090   Code   RO         4012    i.UTL_VT_ReadLine   cli.o
    0x08005a74   0x08005a74   0x00000050   Code   RO          527    i.UartGetByte       usart.o
    0x08005ac4   0x08005ac4   0x00000028   Code   RO          528    i.UartSendByte      usart.o
    0x08005aec   0x08005aec   0x00000018   Code   RO          529    i.UartSendStr       usart.o
    0x08005b04   0x08005b04   0x00000002   Code   RO          272    i.UsageFault_Handler  stm32f4xx_it.o
    0x08005b06   0x08005b06   0x0000000e   Code   RO         6301    i._is_digit         c_w.l(__printf_wp.o)
    0x08005b14   0x08005b14   0x00000002   Code   RO          530    i._sys_exit         usart.o
    0x08005b16   0x08005b16   0x00000002   PAD
    0x08005b18   0x08005b18   0x000000b8   Code   RO         4543    i.card_setup        task_manage.o
    0x08005bd0   0x08005bd0   0x00000320   Code   RO         4013    i.cli_MainProcess   cli.o
    0x08005ef0   0x08005ef0   0x00000180   Code   RO         4014    i.cli_Search_ExecuteCmd  cli.o
    0x08006070   0x08006070   0x00000300   Code   RO         4015    i.cli_TabMatchCmd   cli.o
    0x08006370   0x08006370   0x00000080   Code   RO         4016    i.cli_UserLogin     cli.o
    0x080063f0   0x080063f0   0x00000014   Code   RO         4017    i.cli_timeout_count  cli.o
    0x08006404   0x08006404   0x00000038   Code   RO          384    i.delay_init        delay.o
    0x0800643c   0x0800643c   0x00000038   Code   RO          385    i.delay_ms          delay.o
    0x08006474   0x08006474   0x00000034   Code   RO          386    i.delay_us          delay.o
    0x080064a8   0x080064a8   0x00000078   Code   RO         4843    i.ethernetif_input  ethernetif.o
    0x08006520   0x08006520   0x000000c0   Code   RO         4544    i.float_task        task_manage.o
    0x080065e0   0x080065e0   0x00000018   Code   RO          531    i.fputc             usart.o
    0x080065f8   0x080065f8   0x00000028   Code   RO         4493    i.init_queue        control.o
    0x08006620   0x08006620   0x0000001c   Code   RO         4546    i.led0_task         task_manage.o
    0x0800663c   0x0800663c   0x00000024   Code   RO         4547    i.led1_task         task_manage.o
    0x08006660   0x08006660   0x0000000c   Code   RO         6184    i.lwip_pkt_handle   lwip_comm.o
    0x0800666c   0x0800666c   0x000000f8   Code   RO            3    i.main              main.o
    0x08006764   0x08006764   0x00000114   Code   RO         5001    i.mem_free          mem.o
    0x08006878   0x08006878   0x000001f8   Code   RO         5003    i.mem_malloc        mem.o
    0x08006a70   0x08006a70   0x0000009c   Code   RO         5044    i.memp_free         memp.o
    0x08006b0c   0x08006b0c   0x000000d8   Code   RO         5047    i.memp_malloc       memp.o
    0x08006be4   0x08006be4   0x00000004   Code   RO          388    i.msleep            delay.o
    0x08006be8   0x08006be8   0x0000003c   Code   RO         4643    i.my_mem_init       malloc.o
    0x08006c24   0x08006c24   0x0000008c   Code   RO         4644    i.my_mem_malloc     malloc.o
    0x08006cb0   0x08006cb0   0x00000038   Code   RO         4645    i.my_mem_perused    malloc.o
    0x08006ce8   0x08006ce8   0x00000020   Code   RO         4647    i.mymalloc          malloc.o
    0x08006d08   0x08006d08   0x0000000c   Code   RO         4649    i.mymemset          malloc.o
    0x08006d14   0x08006d14   0x0000035c   Code   RO         5184    i.pbuf_alloc        pbuf.o
    0x08007070   0x08007070   0x0000015c   Code   RO         5193    i.pbuf_free         pbuf.o
    0x080071cc   0x080071cc   0x0000016c   Code   RO         5005    i.plug_holes        mem.o
    0x08007338   0x08007338   0x00000070   Code   RO         2980    i.prvAddCurrentTaskToDelayedList  tasks.o
    0x080073a8   0x080073a8   0x000000d0   Code   RO         2981    i.prvAddNewTaskToReadyList  tasks.o
    0x08007478   0x08007478   0x00000050   Code   RO         3333    i.prvCheckForValidListAndQueue  timers.o
    0x080074c8   0x080074c8   0x00000054   Code   RO         2982    i.prvCheckTasksWaitingTermination  tasks.o
    0x0800751c   0x0800751c   0x00000026   Code   RO         2754    i.prvCopyDataFromQueue  queue.o
    0x08007542   0x08007542   0x0000006c   Code   RO         2755    i.prvCopyDataToQueue  queue.o
    0x080075ae   0x080075ae   0x00000014   Code   RO         2983    i.prvDeleteTCB      tasks.o
    0x080075c2   0x080075c2   0x00000002   PAD
    0x080075c4   0x080075c4   0x0000004c   Code   RO         3546    i.prvHeapInit       heap_4.o
    0x08007610   0x08007610   0x00000028   Code   RO         2984    i.prvIdleTask       tasks.o
    0x08007638   0x08007638   0x000000c0   Code   RO         2985    i.prvInitialiseNewTask  tasks.o
    0x080076f8   0x080076f8   0x0000004c   Code   RO         3547    i.prvInsertBlockIntoFreeList  heap_4.o
    0x08007744   0x08007744   0x00000038   Code   RO         3334    i.prvInsertTimerInActiveList  timers.o
    0x0800777c   0x0800777c   0x0000001a   Code   RO         2756    i.prvIsQueueEmpty   queue.o
    0x08007796   0x08007796   0x00000002   PAD
    0x08007798   0x08007798   0x00000090   Code   RO         2757    i.prvNotifyQueueSetContainer  queue.o
    0x08007828   0x08007828   0x00000060   Code   RO         3335    i.prvProcessExpiredTimer  timers.o
    0x08007888   0x08007888   0x000000f0   Code   RO         3336    i.prvProcessReceivedCommands  timers.o
    0x08007978   0x08007978   0x0000006c   Code   RO         3337    i.prvProcessTimerOrBlockTask  timers.o
    0x080079e4   0x080079e4   0x00000020   Code   RO         2987    i.prvResetNextTaskUnblockTime  tasks.o
    0x08007a04   0x08007a04   0x00000028   Code   RO         3338    i.prvSampleTimeNow  timers.o
    0x08007a2c   0x08007a2c   0x0000006c   Code   RO         3339    i.prvSwitchTimerLists  timers.o
    0x08007a98   0x08007a98   0x00000064   Code   RO         3462    i.prvTaskExitError  port.o
    0x08007afc   0x08007afc   0x00000028   Code   RO         3340    i.prvTimerTask      timers.o
    0x08007b24   0x08007b24   0x00000078   Code   RO         2758    i.prvUnlockQueue    queue.o
    0x08007b9c   0x08007b9c   0x00000114   Code   RO         3548    i.pvPortMalloc      heap_4.o
    0x08007cb0   0x08007cb0   0x00000018   Code   RO         2989    i.pvTaskIncrementMutexHeldCount  tasks.o
    0x08007cc8   0x08007cc8   0x0000002c   Code   RO         3463    i.pxPortInitialiseStack  port.o
    0x08007cf4   0x08007cf4   0x00000098   Code   RO         4621    i.set_log_level     log.o
    0x08007d8c   0x08007d8c   0x000000a8   Code   RO         4550    i.start_task        task_manage.o
    0x08007e34   0x08007e34   0x00000008   Code   RO          536    i.uart3_send_str    usart.o
    0x08007e3c   0x08007e3c   0x000000b4   Code   RO          537    i.uart_init         usart.o
    0x08007ef0   0x08007ef0   0x00000024   Code   RO         2709    i.uxListRemove      list.o
    0x08007f14   0x08007f14   0x00000016   Code   RO         2710    i.vListInitialise   list.o
    0x08007f2a   0x08007f2a   0x00000006   Code   RO         2711    i.vListInitialiseItem  list.o
    0x08007f30   0x08007f30   0x00000030   Code   RO         2712    i.vListInsert       list.o
    0x08007f60   0x08007f60   0x00000018   Code   RO         2713    i.vListInsertEnd    list.o
    0x08007f78   0x08007f78   0x00000078   Code   RO         3465    i.vPortEnterCritical  port.o
    0x08007ff0   0x08007ff0   0x00000064   Code   RO         3466    i.vPortExitCritical  port.o
    0x08008054   0x08008054   0x0000009c   Code   RO         3549    i.vPortFree         heap_4.o
    0x080080f0   0x080080f0   0x00000020   Code   RO         3467    i.vPortSetupTimerInterrupt  port.o
    0x08008110   0x08008110   0x0000008c   Code   RO         3468    i.vPortValidateInterruptPriority  port.o
    0x0800819c   0x0800819c   0x00000024   Code   RO         2764    i.vQueueAddToRegistry  queue.o
    0x080081c0   0x080081c0   0x00000044   Code   RO         2768    i.vQueueWaitForMessageRestricted  queue.o
    0x08008204   0x08008204   0x0000006c   Code   RO         2997    i.vTaskDelay        tasks.o
    0x08008270   0x08008270   0x000000cc   Code   RO         2999    i.vTaskDelete       tasks.o
    0x0800833c   0x0800833c   0x0000000c   Code   RO         3003    i.vTaskMissedYield  tasks.o
    0x08008348   0x08008348   0x00000054   Code   RO         3005    i.vTaskPlaceOnEventList  tasks.o
    0x0800839c   0x0800839c   0x0000005c   Code   RO         3006    i.vTaskPlaceOnEventListRestricted  tasks.o
    0x080083f8   0x080083f8   0x00000084   Code   RO         3008    i.vTaskPriorityInherit  tasks.o
    0x0800847c   0x0800847c   0x00000048   Code   RO         3012    i.vTaskSetTimeOutState  tasks.o
    0x080084c4   0x080084c4   0x00000094   Code   RO         3013    i.vTaskStartScheduler  tasks.o
    0x08008558   0x08008558   0x00000010   Code   RO         3015    i.vTaskSuspendAll   tasks.o
    0x08008568   0x08008568   0x0000007c   Code   RO         3016    i.vTaskSwitchContext  tasks.o
    0x080085e4   0x080085e4   0x00000020   Code   RO         4551    i.vTimerCallback1   task_manage.o
    0x08008604   0x08008604   0x00000114   Code   RO         3469    i.xPortStartScheduler  port.o
    0x08008718   0x08008718   0x0000002c   Code   RO         3470    i.xPortSysTickHandler  port.o
    0x08008744   0x08008744   0x00000078   Code   RO         2773    i.xQueueGenericCreate  queue.o
    0x080087bc   0x080087bc   0x00000184   Code   RO         2774    i.xQueueGenericReceive  queue.o
    0x08008940   0x08008940   0x000000a8   Code   RO         2775    i.xQueueGenericReset  queue.o
    0x080089e8   0x080089e8   0x00000188   Code   RO         2776    i.xQueueGenericSend  queue.o
    0x08008b70   0x08008b70   0x000000e0   Code   RO         2777    i.xQueueGenericSendFromISR  queue.o
    0x08008c50   0x08008c50   0x00000088   Code   RO         3017    i.xTaskCheckForTimeOut  tasks.o
    0x08008cd8   0x08008cd8   0x00000056   Code   RO         3018    i.xTaskCreate       tasks.o
    0x08008d2e   0x08008d2e   0x00000002   PAD
    0x08008d30   0x08008d30   0x0000001c   Code   RO         3022    i.xTaskGetSchedulerState  tasks.o
    0x08008d4c   0x08008d4c   0x0000000c   Code   RO         3023    i.xTaskGetTickCount  tasks.o
    0x08008d58   0x08008d58   0x000000e8   Code   RO         3025    i.xTaskIncrementTick  tasks.o
    0x08008e40   0x08008e40   0x000000b4   Code   RO         3028    i.xTaskPriorityDisinherit  tasks.o
    0x08008ef4   0x08008ef4   0x00000098   Code   RO         3029    i.xTaskRemoveFromEventList  tasks.o
    0x08008f8c   0x08008f8c   0x000000e4   Code   RO         3031    i.xTaskResumeAll    tasks.o
    0x08009070   0x08009070   0x00000074   Code   RO         3343    i.xTimerCreate      timers.o
    0x080090e4   0x080090e4   0x00000074   Code   RO         3344    i.xTimerCreateTimerTask  timers.o
    0x08009158   0x08009158   0x00000090   Code   RO         3345    i.xTimerGenericCommand  timers.o
    0x080091e8   0x080091e8   0x0000005a   Code   RO         6349    x$fpl$dfixu         fz_wm.l(dfixu.o)
    0x08009242   0x08009242   0x00000026   Code   RO         6353    x$fpl$dfltu         fz_wm.l(dflt_clz.o)
    0x08009268   0x08009268   0x00000154   Code   RO         6359    x$fpl$dmul          fz_wm.l(dmul.o)
    0x080093bc   0x080093bc   0x0000009c   Code   RO         6375    x$fpl$dnaninf       fz_wm.l(dnaninf.o)
    0x08009458   0x08009458   0x0000000c   Code   RO         6377    x$fpl$dretinf       fz_wm.l(dretinf.o)
    0x08009464   0x08009464   0x0000000a   Code   RO         6472    x$fpl$fpinit        fz_wm.l(fpinit.o)
    0x0800946e   0x0800946e   0x00000000   Code   RO         6381    x$fpl$usenofp       fz_wm.l(usenofp.o)
    0x0800946e   0x0800946e   0x00000005   Data   RO            4    .constdata          main.o
    0x08009473   0x08009473   0x000017c0   Data   RO         3725    .constdata          lcd.o
    0x0800ac33   0x0800ac33   0x00000001   PAD
    0x0800ac34   0x0800ac34   0x00000058   Data   RO         4019    .constdata          cli.o
    0x0800ac8c   0x0800ac8c   0x00000058   Data   RO         4020    .constdata          cli.o
    0x0800ace4   0x0800ace4   0x000003b8   Data   RO         4021    .constdata          cli.o
    0x0800b09c   0x0800b09c   0x00000730   Data   RO         4185    .constdata          utl_vt.o
    0x0800b7cc   0x0800b7cc   0x0000000e   Data   RO         4622    .constdata          log.o
    0x0800b7da   0x0800b7da   0x00000002   PAD
    0x0800b7dc   0x0800b7dc   0x00000024   Data   RO         4657    .constdata          malloc.o
    0x0800b800   0x0800b800   0x00000011   Data   RO         6304    .constdata          c_w.l(__printf_flags_wp.o)
    0x0800b811   0x0800b811   0x00000003   PAD
    0x0800b814   0x0800b814   0x00000020   Data   RO         6536    Region$$Table       anon$$obj.o


    Execution Region RW_IRAM1 (Exec base: 0x20000000, Load base: 0x0800b834, Size: 0x0001fe10, Max: 0x00020000, ABSOLUTE, COMPRESSED[0x00000058])

    Exec Addr    Load Addr    Size         Type   Attr      Idx    E Section Name        Object

    0x20000000   COMPRESSED   0x00000014   Data   RW          349    .data               system_stm32f4xx.o
    0x20000014   COMPRESSED   0x00000004   Data   RW          389    .data               delay.o
    0x20000018   COMPRESSED   0x00000018   Data   RW          540    .data               usart.o
    0x20000030   COMPRESSED   0x00000004   Data   RW          541    .data               usart.o
    0x20000034   COMPRESSED   0x0000000c   Data   RW          746    .data               stm32f4x7_eth.o
    0x20000040   COMPRESSED   0x00000010   Data   RW         1747    .data               stm32f4xx_rcc.o
    0x20000050   COMPRESSED   0x0000003c   Data   RW         3034    .data               tasks.o
    0x2000008c   COMPRESSED   0x00000014   Data   RW         3353    .data               timers.o
    0x200000a0   COMPRESSED   0x0000000c   Data   RW         3471    .data               port.o
    0x200000ac   COMPRESSED   0x00000018   Data   RW         3554    .data               heap_4.o
    0x200000c4   COMPRESSED   0x00000004   Data   RW         3726    .data               lcd.o
    0x200000c8   COMPRESSED   0x00000015   Data   RW         4023    .data               cli.o
    0x200000dd   COMPRESSED   0x00000002   Data   RW         4186    .data               utl_vt.o
    0x200000df   COMPRESSED   0x00000001   PAD
    0x200000e0   COMPRESSED   0x00000004   Data   RW         4498    .data               control.o
    0x200000e4   COMPRESSED   0x00000018   Data   RW         4553    .data               task_manage.o
    0x200000fc   COMPRESSED   0x00000001   Data   RW         4623    .data               log.o
    0x200000fd   COMPRESSED   0x00000003   PAD
    0x20000100   COMPRESSED   0x00000024   Data   RW         4658    .data               malloc.o
    0x20000124   COMPRESSED   0x00000010   Data   RW         5006    .data               mem.o
    0x20000134   COMPRESSED   0x0000000c   Data   RW         6187    .data               lwip_comm.o
    0x20000140        -       0x00000e10   Zero   RW          539    .bss                usart.o
    0x20000f50        -       0x00000040   Zero   RW         2788    .bss                queue.o
    0x20000f90        -       0x000002e4   Zero   RW         3033    .bss                tasks.o
    0x20001274        -       0x00000028   Zero   RW         3352    .bss                timers.o
    0x2000129c        -       0x00005000   Zero   RW         3553    .bss                heap_4.o
    0x2000629c        -       0x0000000e   Zero   RW         3724    .bss                lcd.o
    0x200062aa        -       0x000000c3   Zero   RW         4018    .bss                cli.o
    0x2000636d   COMPRESSED   0x00000013   PAD
    0x20006380        -       0x00017c00   Zero   RW         4655    .bss                malloc.o
    0x2001df80        -       0x000017c0   Zero   RW         4656    .bss                malloc.o
    0x2001f740        -       0x00000028   Zero   RW         5048    .bss                memp.o
    0x2001f768        -       0x00000048   Zero   RW         6186    .bss                lwip_comm.o
    0x2001f7b0        -       0x00000060   Zero   RW         6414    .bss                c_w.l(libspace.o)
    0x2001f810        -       0x00000200   Zero   RW          653    HEAP                startup_stm32f40_41xxx.o
    0x2001fa10        -       0x00000400   Zero   RW          652    STACK               startup_stm32f40_41xxx.o



  Load Region LR$$.ARM.__AT_0x10000000 (Base: 0x10000000, Size: 0x00000000, Max: 0x0000f000, ABSOLUTE)

    Execution Region ER$$.ARM.__AT_0x10000000 (Exec base: 0x10000000, Load base: 0x10000000, Size: 0x0000f000, Max: 0x0000f000, ABSOLUTE, UNINIT)

    Exec Addr    Load Addr    Size         Type   Attr      Idx    E Section Name        Object

    0x10000000        -       0x0000f000   Zero   RW         4651    .ARM.__AT_0x10000000  malloc.o



  Load Region LR$$.ARM.__AT_0x1000F000 (Base: 0x1000f000, Size: 0x00000000, Max: 0x00000f00, ABSOLUTE)

    Execution Region ER$$.ARM.__AT_0x1000F000 (Exec base: 0x1000f000, Load base: 0x1000f000, Size: 0x00000f00, Max: 0x00000f00, ABSOLUTE, UNINIT)

    Exec Addr    Load Addr    Size         Type   Attr      Idx    E Section Name        Object

    0x1000f000        -       0x00000f00   Zero   RW         4652    .ARM.__AT_0x1000F000  malloc.o



  Load Region LR$$.ARM.__AT_0x68000000 (Base: 0x68000000, Size: 0x00000000, Max: 0x000f0000, ABSOLUTE)

    Execution Region ER$$.ARM.__AT_0x68000000 (Exec base: 0x68000000, Load base: 0x68000000, Size: 0x000f0000, Max: 0x000f0000, ABSOLUTE, UNINIT)

    Exec Addr    Load Addr    Size         Type   Attr      Idx    E Section Name        Object

    0x68000000        -       0x000f0000   Zero   RW         4653    .ARM.__AT_0x68000000  malloc.o



  Load Region LR$$.ARM.__AT_0x680F0000 (Base: 0x680f0000, Size: 0x00000000, Max: 0x0000f000, ABSOLUTE)

    Execution Region ER$$.ARM.__AT_0x680F0000 (Exec base: 0x680f0000, Load base: 0x680f0000, Size: 0x0000f000, Max: 0x0000f000, ABSOLUTE, UNINIT)

    Exec Addr    Load Addr    Size         Type   Attr      Idx    E Section Name        Object

    0x680f0000        -       0x0000f000   Zero   RW         4654    .ARM.__AT_0x680F0000  malloc.o


==============================================================================

Image component sizes


      Code (inc. data)   RO Data    RW Data    ZI Data      Debug   Object Name

      2814        178       1128         21        195      16074   cli.o
        68         10          0          0          0      29417   command.o
        40          4          0          4          0       3361   control.o
       188         14          0          4          0       2978   delay.o
         0          0          0          0          0       2863   etharp.o
       120          4          0          0          0       3966   ethernetif.o
         0          0          0          0          0      11716   event_groups.o
       584        138          0         24      20480       4035   heap_4.o
        68         10          0          0          0        515   key.o
       132         14          0          0          0       1849   lan8720.o
     16104        108       6080          4         14      21453   lcd.o
        64          6          0          0          0        531   led.o
       136          0          0          0          0       3102   list.o
       152         94         14          1          0        792   log.o
        12          6          0         12         72       1408   lwip_comm.o
       248        100          5          0          0     346671   main.o
       300         28         36         36    1213120       5139   malloc.o
      1144        622          0         16          0       3615   mem.o
       372        270          0          0         40       2744   memp.o
       144         14          0          0          0       2289   misc.o
      1208        578          0          0          0       3028   pbuf.o
      1038        382          0         12          0      10657   port.o
      1832        236          0          0         64      13193   queue.o
       688         20          0          0          0       1005   sram.o
        64         26        392          0       1536        828   startup_stm32f40_41xxx.o
        42          6          0         12          0       2690   stm32f4x7_eth.o
       232          6          0          0          0       2025   stm32f4xx_fsmc.o
       156          0          0          0          0       2498   stm32f4xx_gpio.o
        12          0          0          0          0       2609   stm32f4xx_it.o
       216         30          0         16          0       4955   stm32f4xx_rcc.o
        30          0          0          0          0       2949   stm32f4xx_tim.o
       338          8          0          0          0       6607   stm32f4xx_usart.o
       272         36          0         20          0       1705   system_stm32f4xx.o
       668        266          0         24          0       5161   task_manage.o
      2758        670          0         60        740      29367   tasks.o
        44          8          0          0          0        514   timer.o
      1144        260          0         20         40       9798   timers.o
       586         80          0         28       3600       8039   usart.o
       582          0          0          0          0      10325   utl_string.o
       502         28       1840          2          0       4940   utl_vt.o

    ----------------------------------------------------------------------
     35126       4260       9530        320    1239920     587411   Object Totals
         0          0         32          0          0          0   (incl. Generated)
        24          0          3          4         19          0   (incl. Padding)

    ----------------------------------------------------------------------

      Code (inc. data)   RO Data    RW Data    ZI Data      Debug   Library Member Name

        90          0          0          0          0          0   __dczerorl2.o
         8          0          0          0          0         68   __main.o
       312          4         17          0          0         92   __printf_flags_wp.o
        14          0          0          0          0         68   __printf_wp.o
         0          0          0          0          0          0   __rtentry.o
        12          0          0          0          0          0   __rtentry2.o
         6          0          0          0          0          0   __rtentry4.o
        52          8          0          0          0          0   __scatter.o
        28          0          0          0          0          0   __scatter_zi.o
        44          0          0          0          0        108   _printf_char.o
        48          6          0          0          0         96   _printf_char_common.o
        36          4          0          0          0         80   _printf_char_file.o
         6          0          0          0          0          0   _printf_d.o
       120         16          0          0          0         92   _printf_dec.o
       178          0          0          0          0         88   _printf_intcommon.o
        78          0          0          0          0        108   _printf_pad.o
         0          0          0          0          0          0   _printf_percent.o
         4          0          0          0          0          0   _printf_percent_end.o
         6          0          0          0          0          0   _printf_s.o
        82          0          0          0          0         80   _printf_str.o
        10          0          0          0          0         68   _sputc.o
        16          0          0          0          0         68   aeabi_memset.o
        18          0          0          0          0         80   exit.o
         8          0          0          0          0         68   ferror.o
         6          0          0          0          0        152   heapauxi.o
         2          0          0          0          0          0   libinit.o
         6          0          0          0          0          0   libinit2.o
         2          0          0          0          0          0   libshutdown.o
         2          0          0          0          0          0   libshutdown2.o
         8          4          0          0         96         68   libspace.o
        24          4          0          0          0         84   noretval__2printf.o
        40          6          0          0          0         84   noretval__2sprintf.o
        68          0          0          0          0         68   rt_memclr.o
        78          0          0          0          0         80   rt_memclr_w.o
       138          0          0          0          0         68   rt_memcpy_v6.o
       100          0          0          0          0         80   rt_memcpy_w.o
         2          0          0          0          0          0   rtexit.o
        10          0          0          0          0          0   rtexit2.o
        62          0          0          0          0         76   strlen.o
        22          0          0          0          0         68   strrchr.o
        74          0          0          0          0         80   sys_stackheap_outer.o
         2          0          0          0          0         68   use_no_semi.o
         2          0          0          0          0         68   use_no_semi_2.o
        90          4          0          0          0        140   dfixu.o
        38          0          0          0          0        116   dflt_clz.o
       340         12          0          0          0        152   dmul.o
       156          4          0          0          0        140   dnaninf.o
        12          0          0          0          0        116   dretinf.o
        10          0          0          0          0        116   fpinit.o
         0          0          0          0          0          0   usenofp.o

    ----------------------------------------------------------------------
      2480         72         20          0         96       2988   Library Totals
        10          0          3          0          0          0   (incl. Padding)

    ----------------------------------------------------------------------

      Code (inc. data)   RO Data    RW Data    ZI Data      Debug   Library Name

      1824         52         17          0         96       2208   c_w.l
       646         20          0          0          0        780   fz_wm.l

    ----------------------------------------------------------------------
      2480         72         20          0         96       2988   Library Totals

    ----------------------------------------------------------------------

==============================================================================


      Code (inc. data)   RO Data    RW Data    ZI Data      Debug   

     37606       4332       9550        320    1240016     570203   Grand Totals
     37606       4332       9550         88    1240016     570203   ELF Image Totals (compressed)
     37606       4332       9550         88          0          0   ROM Totals

==============================================================================

    Total RO  Size (Code + RO Data)                47156 (  46.05kB)
    Total RW  Size (RW Data + ZI Data)           1240336 (1211.27kB)
    Total ROM Size (Code + RO Data + RW Data)      47244 (  46.14kB)

==============================================================================

