Component: ARM Compiler 5.06 update 6 (build 750) Tool: armlink [4d35ed]

==============================================================================

Section Cross References

    main.o(i.main) refers to _printf_pad.o(.text) for _printf_pre_padding
    main.o(i.main) refers to _printf_percent.o(.ARM.Collect$$_printf_percent$$00000000) for _printf_percent
    main.o(i.main) refers to _printf_d.o(.ARM.Collect$$_printf_percent$$00000009) for _printf_d
    main.o(i.main) refers to _printf_s.o(.ARM.Collect$$_printf_percent$$00000014) for _printf_s
    main.o(i.main) refers to _printf_dec.o(.text) for _printf_int_dec
    main.o(i.main) refers to _printf_str.o(.text) for _printf_str
    main.o(i.main) refers to misc.o(i.NVIC_PriorityGroupConfig) for NVIC_PriorityGroupConfig
    main.o(i.main) refers to delay.o(i.delay_init) for delay_init
    main.o(i.main) refers to usart.o(i.uart_init) for uart_init
    main.o(i.main) refers to led.o(i.LED_Init) for LED_Init
    main.o(i.main) refers to key.o(i.KEY_Init) for KEY_Init
    main.o(i.main) refers to lcd.o(i.LCD_Init) for LCD_Init
    main.o(i.main) refers to timer.o(i.TIM3_Int_Init) for TIM3_Int_Init
    main.o(i.main) refers to lcd.o(i.LCD_ShowString) for LCD_ShowString
    main.o(i.main) refers to sram.o(i.FSMC_SRAM_Init) for FSMC_SRAM_Init
    main.o(i.main) refers to noretval__2printf.o(.text) for __2printf
    main.o(i.main) refers to malloc.o(i.my_mem_init) for my_mem_init
    main.o(i.main) refers to control.o(i.init_queue) for init_queue
    main.o(i.main) refers to control.o(i.lock_init) for lock_init
    main.o(i.main) refers to control.o(i.lock_src) for lock_src
    main.o(i.main) refers to strrchr.o(.text) for strrchr
    main.o(i.main) refers to control.o(i.unlock_src) for unlock_src
    main.o(i.main) refers to task_manage.o(i.card_setup) for card_setup
    main.o(i.main) refers to tasks.o(i.vTaskStartScheduler) for vTaskStartScheduler
    main.o(i.main) refers to log.o(.data) for log_level
    main.o(i.main) refers to main.o(.constdata) for .constdata
    main.o(i.main) refers to main.o(.conststring) for .conststring
    main.o(i.main) refers to lcd.o(.data) for POINT_COLOR
    system_stm32f4xx.o(i.SystemCoreClockUpdate) refers to system_stm32f4xx.o(.data) for .data
    system_stm32f4xx.o(i.SystemInit) refers to system_stm32f4xx.o(i.SetSysClock) for SetSysClock
    delay.o(i.SysTick_Handler) refers to tasks.o(i.xTaskGetSchedulerState) for xTaskGetSchedulerState
    delay.o(i.SysTick_Handler) refers to port.o(i.xPortSysTickHandler) for xPortSysTickHandler
    delay.o(i.delay_init) refers to misc.o(i.SysTick_CLKSourceConfig) for SysTick_CLKSourceConfig
    delay.o(i.delay_init) refers to delay.o(.data) for .data
    delay.o(i.delay_ms) refers to tasks.o(i.xTaskGetSchedulerState) for xTaskGetSchedulerState
    delay.o(i.delay_ms) refers to tasks.o(i.vTaskDelay) for vTaskDelay
    delay.o(i.delay_ms) refers to delay.o(i.delay_us) for delay_us
    delay.o(i.delay_ms) refers to delay.o(.data) for .data
    delay.o(i.delay_us) refers to delay.o(.data) for .data
    delay.o(i.delay_xms) refers to delay.o(i.delay_us) for delay_us
    delay.o(i.msleep) refers to tasks.o(i.vTaskDelay) for vTaskDelay
    sys.o(i.MY_NVIC_Init) refers to sys.o(i.MY_NVIC_PriorityGroupConfig) for MY_NVIC_PriorityGroupConfig
    sys.o(i.Stm32_Clock_Init) refers to sys.o(i.Sys_Clock_Set) for Sys_Clock_Set
    sys.o(i.Stm32_Clock_Init) refers to sys.o(i.MY_NVIC_SetVectorTable) for MY_NVIC_SetVectorTable
    sys.o(i.Sys_Standby) refers to sys.o(.emb_text) for WFI_SET
    usart.o(.rev16_text) refers (Special) to use_no_semi_2.o(.text) for __use_no_semihosting
    usart.o(.revsh_text) refers (Special) to use_no_semi_2.o(.text) for __use_no_semihosting
    usart.o(i.IfUartGetByte) refers (Special) to use_no_semi_2.o(.text) for __use_no_semihosting
    usart.o(i.IfUartGetByte) refers to usart.o(.data) for .data
    usart.o(i.UARTSend) refers (Special) to use_no_semi_2.o(.text) for __use_no_semihosting
    usart.o(i.UARTSend) refers to usart.o(i.UartSendByte) for UartSendByte
    usart.o(i.USART1_IRQHandler) refers (Special) to use_no_semi_2.o(.text) for __use_no_semihosting
    usart.o(i.USART1_IRQHandler) refers to stm32f4xx_usart.o(i.USART_GetITStatus) for USART_GetITStatus
    usart.o(i.USART1_IRQHandler) refers to stm32f4xx_usart.o(i.USART_ReceiveData) for USART_ReceiveData
    usart.o(i.USART1_IRQHandler) refers to usart.o(.data) for .data
    usart.o(i.USART1_IRQHandler) refers to usart.o(.bss) for .bss
    usart.o(i.USART1_IRQHandler) refers to cli.o(.data) for cli_timeOut
    usart.o(i.USART2_IRQHandler) refers (Special) to use_no_semi_2.o(.text) for __use_no_semihosting
    usart.o(i.USART2_IRQHandler) refers to stm32f4xx_usart.o(i.USART_GetITStatus) for USART_GetITStatus
    usart.o(i.USART2_IRQHandler) refers to stm32f4xx_usart.o(i.USART_ReceiveData) for USART_ReceiveData
    usart.o(i.USART2_IRQHandler) refers to usart.o(.data) for .data
[...]
    .bss                                     0x20001258   Section       40  timers.o(.bss)
    xActiveTimerList1                        0x20001258   Data          20  timers.o(.bss)
    xActiveTimerList2                        0x2000126c   Data          20  timers.o(.bss)
    .bss                                     0x20001280   Section    20480  heap_4.o(.bss)
    ucHeap                                   0x20001280   Data       20480  heap_4.o(.bss)
    .bss                                     0x20006280   Section       14  lcd.o(.bss)
    .bss                                     0x2000628e   Section      195  cli.o(.bss)
    .bss                                     0x20006354   Section       28  control.o(.bss)
    mutex_lock                               0x20006354   Data          28  control.o(.bss)
    .bss                                     0x20006380   Section    97280  malloc.o(.bss)
    .bss                                     0x2001df80   Section     6080  malloc.o(.bss)
    .bss                                     0x2001f740   Section       96  libspace.o(.bss)
    HEAP                                     0x2001f7a0   Section      512  startup_stm32f40_41xxx.o(HEAP)
    Heap_Mem                                 0x2001f7a0   Data         512  startup_stm32f40_41xxx.o(HEAP)
    STACK                                    0x2001f9a0   Section     1024  startup_stm32f40_41xxx.o(STACK)
    Stack_Mem                                0x2001f9a0   Data        1024  startup_stm32f40_41xxx.o(STACK)
    __initial_sp                             0x2001fda0   Data           0  startup_stm32f40_41xxx.o(STACK)
    .ARM.__AT_0x68000000                     0x68000000   Section    983040  malloc.o(.ARM.__AT_0x68000000)
    .ARM.__AT_0x680F0000                     0x680f0000   Section    61440  malloc.o(.ARM.__AT_0x680F0000)

    Global Symbols

    Symbol Name                              Value     Ov Type        Size  Object(Section)

    BuildAttributes$$THM_ISAv4$E$P$D$K$B$S$7EM$VFPi3$EXTD16$VFPS$VFMA$PE$A:L22UL41UL21$X:L11$S22US41US21$IEEE1$IW$USESV6$~STKCKD$USESV7$~SHL$OSPACE$ROPI$EBA8$UX$STANDARDLIB$REQ8$PRES8$EABIv2 0x00000000   Number         0  anon$$obj.o ABSOLUTE
    __ARM_use_no_argv                        0x00000000   Number         0  main.o ABSOLUTE
    _printf_flags                            0x00000000   Number         0  printf_stubs.o ABSOLUTE
    _printf_return_value                     0x00000000   Number         0  printf_stubs.o ABSOLUTE
    _printf_sizespec                         0x00000000   Number         0  printf_stubs.o ABSOLUTE
    _printf_widthprec                        0x00000000   Number         0  printf_stubs.o ABSOLUTE
    __ARM_exceptions_init                     - Undefined Weak Reference
    __alloca_initialize                       - Undefined Weak Reference
    __arm_preinit_                            - Undefined Weak Reference
    __cpp_initialize__aeabi_                  - Undefined Weak Reference
    __cxa_finalize                            - Undefined Weak Reference
    __rt_locale                               - Undefined Weak Reference
    __sigvec_lookup                           - Undefined Weak Reference
    _atexit_init                              - Undefined Weak Reference
    _call_atexit_fns                          - Undefined Weak Reference
    _clock_init                               - Undefined Weak Reference
    _fp_trap_init                             - Undefined Weak Reference
    _fp_trap_shutdown                         - Undefined Weak Reference
    _get_lc_collate                           - Undefined Weak Reference
    _get_lc_ctype                             - Undefined Weak Reference
    _get_lc_monetary                          - Undefined Weak Reference
    _get_lc_numeric                           - Undefined Weak Reference
    _get_lc_time                              - Undefined Weak Reference
    _getenv_init                              - Undefined Weak Reference
    _handle_redirection                       - Undefined Weak Reference
    _init_alloc                               - Undefined Weak Reference
    _init_user_alloc                          - Undefined Weak Reference
    _initio                                   - Undefined Weak Reference
    _mutex_acquire                            - Undefined Weak Reference
    _mutex_release                            - Undefined Weak Reference
    _printf_mbtowc                            - Undefined Weak Reference
    _printf_truncate_signed                   - Undefined Weak Reference
    _printf_truncate_unsigned                 - Undefined Weak Reference
    _rand_init                                - Undefined Weak Reference
    _signal_finish                            - Undefined Weak Reference
    _signal_init                              - Undefined Weak Reference
    _terminate_alloc                          - Undefined Weak Reference
    _terminate_user_alloc                     - Undefined Weak Reference
    _terminateio                              - Undefined Weak Reference
    __Vectors_Size                           0x00000188   Number         0  startup_stm32f40_41xxx.o ABSOLUTE
    __Vectors                                0x08000000   Data           4  startup_stm32f40_41xxx.o(RESET)
    __Vectors_End                            0x08000188   Data           0  startup_stm32f40_41xxx.o(RESET)
    __main                                   0x08000189   Thumb Code     8  __main.o(!!!main)
    __scatterload                            0x08000191   Thumb Code     0  __scatter.o(!!!scatter)
    __scatterload_rt2                        0x08000191   Thumb Code    44  __scatter.o(!!!scatter)
    __scatterload_rt2_thumb_only             0x08000191   Thumb Code     0  __scatter.o(!!!scatter)
    __scatterload_null                       0x0800019f   Thumb Code     0  __scatter.o(!!!scatter)
    __scatterload_copy                       0x080001c5   Thumb Code    26  __scatter_copy.o(!!handler_copy)
    __scatterload_zeroinit                   0x080001e1   Thumb Code    28  __scatter_zi.o(!!handler_zi)
    _printf_d                                0x080001fd   Thumb Code     0  _printf_d.o(.ARM.Collect$$_printf_percent$$00000009)
    _printf_percent                          0x080001fd   Thumb Code     0  _printf_percent.o(.ARM.Collect$$_printf_percent$$00000000)
    _printf_s                                0x08000203   Thumb Code     0  _printf_s.o(.ARM.Collect$$_printf_percent$$00000014)
    _printf_percent_end                      0x08000209   Thumb Code     0  _printf_percent_end.o(.ARM.Collect$$_printf_percent$$00000017)
    __rt_lib_init                            0x0800020d   Thumb Code     0  libinit.o(.ARM.Collect$$libinit$$00000000)
    __rt_lib_init_fp_1                       0x0800020f   Thumb Code     0  libinit2.o(.ARM.Collect$$libinit$$00000001)
    __rt_lib_init_alloca_1                   0x08000213   Thumb Code     0  libinit2.o(.ARM.Collect$$libinit$$0000002E)
    __rt_lib_init_argv_1                     0x08000213   Thumb Code     0  libinit2.o(.ARM.Collect$$libinit$$0000002C)
    __rt_lib_init_atexit_1                   0x08000213   Thumb Code     0  libinit2.o(.ARM.Collect$$libinit$$0000001B)
    __rt_lib_init_clock_1                    0x08000213   Thumb Code     0  libinit2.o(.ARM.Collect$$libinit$$00000021)
    __rt_lib_init_cpp_1                      0x08000213   Thumb Code     0  libinit2.o(.ARM.Collect$$libinit$$00000032)
    __rt_lib_init_exceptions_1               0x08000213   Thumb Code     0  libinit2.o(.ARM.Collect$$libinit$$00000030)
    __rt_lib_init_fp_trap_1                  0x08000213   Thumb Code     0  libinit2.o(.ARM.Collect$$libinit$$0000001F)
    __rt_lib_init_getenv_1                   0x08000213   Thumb Code     0  libinit2.o(.ARM.Collect$$libinit$$00000023)
    __rt_lib_init_heap_1                     0x08000213   Thumb Code     0  libinit2.o(.ARM.Collect$$libinit$$0000000A)
    __rt_lib_init_lc_collate_1               0x08000213   Thumb Code     0  libinit2.o(.ARM.Collect$$libinit$$00000011)
    __rt_lib_init_lc_ctype_1                 0x08000213   Thumb Code     0  libinit2.o(.ARM.Collect$$libinit$$00000013)
    __rt_lib_init_lc_monetary_1              0x08000213   Thumb Code     0  libinit2.o(.ARM.Collect$$libinit$$00000015)
    __rt_lib_init_lc_numeric_1               0x08000213   Thumb Code     0  libinit2.o(.ARM.Collect$$libinit$$00000017)
    __rt_lib_init_lc_time_1                  0x08000213   Thumb Code     0  libinit2.o(.ARM.Collect$$libinit$$00000019)
    __rt_lib_init_preinit_1                  0x08000213   Thumb Code     0  libinit2.o(.ARM.Collect$$libinit$$00000004)
    __rt_lib_init_rand_1                     0x08000213   Thumb Code     0  libinit2.o(.ARM.Collect$$libinit$$0000000E)
    __rt_lib_init_return                     0x08000213   Thumb Code     0  libinit2.o(.ARM.Collect$$libinit$$00000033)
    __rt_lib_init_signal_1                   0x08000213   Thumb Code     0  libinit2.o(.ARM.Collect$$libinit$$0000001D)
    __rt_lib_init_stdio_1                    0x08000213   Thumb Code     0  libinit2.o(.ARM.Collect$$libinit$$00000025)
    __rt_lib_init_user_alloc_1               0x08000213   Thumb Code     0  libinit2.o(.ARM.Collect$$libinit$$0000000C)
    __rt_lib_shutdown                        0x08000215   Thumb Code     0  libshutdown.o(.ARM.Collect$$libshutdown$$00000000)
    __rt_lib_shutdown_cpp_1                  0x08000217   Thumb Code     0  libshutdown2.o(.ARM.Collect$$libshutdown$$00000002)
    __rt_lib_shutdown_fp_trap_1              0x08000217   Thumb Code     0  libshutdown2.o(.ARM.Collect$$libshutdown$$00000007)
    __rt_lib_shutdown_heap_1                 0x08000217   Thumb Code     0  libshutdown2.o(.ARM.Collect$$libshutdown$$0000000F)
    __rt_lib_shutdown_return                 0x08000217   Thumb Code     0  libshutdown2.o(.ARM.Collect$$libshutdown$$00000010)
    __rt_lib_shutdown_signal_1               0x08000217   Thumb Code     0  libshutdown2.o(.ARM.Collect$$libshutdown$$0000000A)
    __rt_lib_shutdown_stdio_1                0x08000217   Thumb Code     0  libshutdown2.o(.ARM.Collect$$libshutdown$$00000004)
    __rt_lib_shutdown_user_alloc_1           0x08000217   Thumb Code     0  libshutdown2.o(.ARM.Collect$$libshutdown$$0000000C)
    __rt_entry                               0x08000219   Thumb Code     0  __rtentry.o(.ARM.Collect$$rtentry$$00000000)
    __rt_entry_presh_1                       0x08000219   Thumb Code     0  __rtentry2.o(.ARM.Collect$$rtentry$$00000002)
    __rt_entry_sh                            0x08000219   Thumb Code     0  __rtentry4.o(.ARM.Collect$$rtentry$$00000004)
    __rt_entry_li                            0x0800021f   Thumb Code     0  __rtentry2.o(.ARM.Collect$$rtentry$$0000000A)
    __rt_entry_postsh_1                      0x0800021f   Thumb Code     0  __rtentry2.o(.ARM.Collect$$rtentry$$00000009)
    __rt_entry_main                          0x08000223   Thumb Code     0  __rtentry2.o(.ARM.Collect$$rtentry$$0000000D)
    __rt_entry_postli_1                      0x08000223   Thumb Code     0  __rtentry2.o(.ARM.Collect$$rtentry$$0000000C)
    __rt_exit                                0x0800022b   Thumb Code     0  rtexit.o(.ARM.Collect$$rtexit$$00000000)
    __rt_exit_ls                             0x0800022d   Thumb Code     0  rtexit2.o(.ARM.Collect$$rtexit$$00000003)
    __rt_exit_prels_1                        0x0800022d   Thumb Code     0  rtexit2.o(.ARM.Collect$$rtexit$$00000002)
    __rt_exit_exit                           0x08000231   Thumb Code     0  rtexit2.o(.ARM.Collect$$rtexit$$00000004)
    SVC_Handler                              0x08000239   Thumb Code    28  port.o(.emb_text)
    __asm___6_port_c_39a90d8d__prvStartFirstTask 0x08000259   Thumb Code    28  port.o(.emb_text)
    __asm___6_port_c_39a90d8d__prvEnableVFP  0x08000279   Thumb Code    16  port.o(.emb_text)
    PendSV_Handler                           0x0800028d   Thumb Code    88  port.o(.emb_text)
    vPortGetIPSR                             0x080002e9   Thumb Code     6  port.o(.emb_text)
    Reset_Handler                            0x080002f1   Thumb Code     8  startup_stm32f40_41xxx.o(.text)
    ADC_IRQHandler                           0x0800030b   Thumb Code     0  startup_stm32f40_41xxx.o(.text)
    CAN1_RX0_IRQHandler                      0x0800030b   Thumb Code     0  startup_stm32f40_41xxx.o(.text)
    CAN1_RX1_IRQHandler                      0x0800030b   Thumb Code     0  startup_stm32f40_41xxx.o(.text)
    CAN1_SCE_IRQHandler                      0x0800030b   Thumb Code     0  startup_stm32f40_41xxx.o(.text)
    CAN1_TX_IRQHandler                       0x0800030b   Thumb Code     0  startup_stm32f40_41xxx.o(.text)
    CAN2_RX0_IRQHandler                      0x0800030b   Thumb Code     0  startup_stm32f40_41xxx.o(.text)
    CAN2_RX1_IRQHandler                      0x0800030b   Thumb Code     0  startup_stm32f40_41xxx.o(.text)
    CAN2_SCE_IRQHandler                      0x0800030b   Thumb Code     0  startup_stm32f40_41xxx.o(.text)
    CAN2_TX_IRQHandler                       0x0800030b   Thumb Code     0  startup_stm32f40_41xxx.o(.text)
    CRYP_IRQHandler                          0x0800030b   Thumb Code     0  startup_stm32f40_41xxx.o(.text)
    DCMI_IRQHandler                          0x0800030b   Thumb Code     0  startup_stm32f40_41xxx.o(.text)
    DMA1_Stream0_IRQHandler                  0x0800030b   Thumb Code     0  startup_stm32f40_41xxx.o(.text)
    DMA1_Stream1_IRQHandler                  0x0800030b   Thumb Code     0  startup_stm32f40_41xxx.o(.text)
    DMA1_Stream2_IRQHandler                  0x0800030b   Thumb Code     0  startup_stm32f40_41xxx.o(.text)
    DMA1_Stream3_IRQHandler                  0x0800030b   Thumb Code     0  startup_stm32f40_41xxx.o(.text)
    DMA1_Stream4_IRQHandler                  0x0800030b   Thumb Code     0  startup_stm32f40_41xxx.o(.text)
    DMA1_Stream5_IRQHandler                  0x0800030b   Thumb Code     0  startup_stm32f40_41xxx.o(.text)
    DMA1_Stream6_IRQHandler                  0x0800030b   Thumb Code     0  startup_stm32f40_41xxx.o(.text)
    DMA1_Stream7_IRQHandler                  0x0800030b   Thumb Code     0  startup_stm32f40_41xxx.o(.text)
    DMA2_Stream0_IRQHandler                  0x0800030b   Thumb Code     0  startup_stm32f40_41xxx.o(.text)
    DMA2_Stream1_IRQHandler                  0x0800030b   Thumb Code     0  startup_stm32f40_41xxx.o(.text)
    DMA2_Stream2_IRQHandler                  0x0800030b   Thumb Code     0  startup_stm32f40_41xxx.o(.text)
    DMA2_Stream3_IRQHandler                  0x0800030b   Thumb Code     0  startup_stm32f40_41xxx.o(.text)
    DMA2_Stream4_IRQHandler                  0x0800030b   Thumb Code     0  startup_stm32f40_41xxx.o(.text)
    DMA2_Stream5_IRQHandler                  0x0800030b   Thumb Code     0  startup_stm32f40_41xxx.o(.text)
    DMA2_Stream6_IRQHandler                  0x0800030b   Thumb Code     0  startup_stm32f40_41xxx.o(.text)
    DMA2_Stream7_IRQHandler                  0x0800030b   Thumb Code     0  startup_stm32f40_41xxx.o(.text)
    ETH_WKUP_IRQHandler                      0x0800030b   Thumb Code     0  startup_stm32f40_41xxx.o(.text)
    EXTI0_IRQHandler                         0x0800030b   Thumb Code     0  startup_stm32f40_41xxx.o(.text)
    EXTI15_10_IRQHandler                     0x0800030b   Thumb Code     0  startup_stm32f40_41xxx.o(.text)
    EXTI1_IRQHandler                         0x0800030b   Thumb Code     0  startup_stm32f40_41xxx.o(.text)
    EXTI2_IRQHandler                         0x0800030b   Thumb Code     0  startup_stm32f40_41xxx.o(.text)
    EXTI3_IRQHandler                         0x0800030b   Thumb Code     0  startup_stm32f40_41xxx.o(.text)
    EXTI4_IRQHandler                         0x0800030b   Thumb Code     0  startup_stm32f40_41xxx.o(.text)
    EXTI9_5_IRQHandler                       0x0800030b   Thumb Code     0  startup_stm32f40_41xxx.o(.text)
    FLASH_IRQHandler                         0x0800030b   Thumb Code     0  startup_stm32f40_41xxx.o(.text)
    FPU_IRQHandler                           0x0800030b   Thumb Code     0  startup_stm32f40_41xxx.o(.text)
    FSMC_IRQHandler                          0x0800030b   Thumb Code     0  startup_stm32f40_41xxx.o(.text)
    HASH_RNG_IRQHandler                      0x0800030b   Thumb Code     0  startup_stm32f40_41xxx.o(.text)
    I2C1_ER_IRQHandler                       0x0800030b   Thumb Code     0  startup_stm32f40_41xxx.o(.text)
    I2C1_EV_IRQHandler                       0x0800030b   Thumb Code     0  startup_stm32f40_41xxx.o(.text)
    I2C2_ER_IRQHandler                       0x0800030b   Thumb Code     0  startup_stm32f40_41xxx.o(.text)
    I2C2_EV_IRQHandler                       0x0800030b   Thumb Code     0  startup_stm32f40_41xxx.o(.text)
    I2C3_ER_IRQHandler                       0x0800030b   Thumb Code     0  startup_stm32f40_41xxx.o(.text)
    I2C3_EV_IRQHandler                       0x0800030b   Thumb Code     0  startup_stm32f40_41xxx.o(.text)
    OTG_FS_IRQHandler                        0x0800030b   Thumb Code     0  startup_stm32f40_41xxx.o(.text)
    OTG_FS_WKUP_IRQHandler                   0x0800030b   Thumb Code     0  startup_stm32f40_41xxx.o(.text)
    OTG_HS_EP1_IN_IRQHandler                 0x0800030b   Thumb Code     0  startup_stm32f40_41xxx.o(.text)
    OTG_HS_EP1_OUT_IRQHandler                0x0800030b   Thumb Code     0  startup_stm32f40_41xxx.o(.text)
    OTG_HS_IRQHandler                        0x0800030b   Thumb Code     0  startup_stm32f40_41xxx.o(.text)
    OTG_HS_WKUP_IRQHandler                   0x0800030b   Thumb Code     0  startup_stm32f40_41xxx.o(.text)
    PVD_IRQHandler                           0x0800030b   Thumb Code     0  startup_stm32f40_41xxx.o(.text)
    RCC_IRQHandler                           0x0800030b   Thumb Code     0  startup_stm32f40_41xxx.o(.text)
    RTC_Alarm_IRQHandler                     0x0800030b   Thumb Code     0  startup_stm32f40_41xxx.o(.text)
    RTC_WKUP_IRQHandler                      0x0800030b   Thumb Code     0  startup_stm32f40_41xxx.o(.text)
    SDIO_IRQHandler                          0x0800030b   Thumb Code     0  startup_stm32f40_41xxx.o(.text)
    SPI1_IRQHandler                          0x0800030b   Thumb Code     0  startup_stm32f40_41xxx.o(.text)
    SPI2_IRQHandler                          0x0800030b   Thumb Code     0  startup_stm32f40_41xxx.o(.text)
    SPI3_IRQHandler                          0x0800030b   Thumb Code     0  startup_stm32f40_41xxx.o(.text)
    TAMP_STAMP_IRQHandler                    0x0800030b   Thumb Code     0  startup_stm32f40_41xxx.o(.text)
    TIM1_BRK_TIM9_IRQHandler                 0x0800030b   Thumb Code     0  startup_stm32f40_41xxx.o(.text)
    TIM1_CC_IRQHandler                       0x0800030b   Thumb Code     0  startup_stm32f40_41xxx.o(.text)
    TIM1_TRG_COM_TIM11_IRQHandler            0x0800030b   Thumb Code     0  startup_stm32f40_41xxx.o(.text)
    TIM1_UP_TIM10_IRQHandler                 0x0800030b   Thumb Code     0  startup_stm32f40_41xxx.o(.text)
    TIM2_IRQHandler                          0x0800030b   Thumb Code     0  startup_stm32f40_41xxx.o(.text)
    TIM4_IRQHandler                          0x0800030b   Thumb Code     0  startup_stm32f40_41xxx.o(.text)
    TIM5_IRQHandler                          0x0800030b   Thumb Code     0  startup_stm32f40_41xxx.o(.text)
    TIM6_DAC_IRQHandler                      0x0800030b   Thumb Code     0  startup_stm32f40_41xxx.o(.text)
    TIM7_IRQHandler                          0x0800030b   Thumb Code     0  startup_stm32f40_41xxx.o(.text)
    TIM8_BRK_TIM12_IRQHandler                0x0800030b   Thumb Code     0  startup_stm32f40_41xxx.o(.text)
    TIM8_CC_IRQHandler                       0x0800030b   Thumb Code     0  startup_stm32f40_41xxx.o(.text)
    TIM8_TRG_COM_TIM14_IRQHandler            0x0800030b   Thumb Code     0  startup_stm32f40_41xxx.o(.text)
    TIM8_UP_TIM13_IRQHandler                 0x0800030b   Thumb Code     0  startup_stm32f40_41xxx.o(.text)
    UART4_IRQHandler                         0x0800030b   Thumb Code     0  startup_stm32f40_41xxx.o(.text)
    UART5_IRQHandler                         0x0800030b   Thumb Code     0  startup_stm32f40_41xxx.o(.text)
    USART6_IRQHandler                        0x0800030b   Thumb Code     0  startup_stm32f40_41xxx.o(.text)
    WWDG_IRQHandler                          0x0800030b   Thumb Code     0  startup_stm32f40_41xxx.o(.text)
    __user_initial_stackheap                 0x0800030d   Thumb Code     0  startup_stm32f40_41xxx.o(.text)
    __use_no_semihosting                     0x08000331   Thumb Code     2  use_no_semi_2.o(.text)
    __2printf                                0x08000335   Thumb Code    20  noretval__2printf.o(.text)
    __2sprintf                               0x0800034d   Thumb Code    34  noretval__2sprintf.o(.text)
    _printf_pre_padding                      0x08000375   Thumb Code    44  _printf_pad.o(.text)
    _printf_post_padding                     0x080003a1   Thumb Code    34  _printf_pad.o(.text)
    _printf_str                              0x080003c3   Thumb Code    82  _printf_str.o(.text)
    _printf_int_dec                          0x08000415   Thumb Code   104  _printf_dec.o(.text)
    __printf                                 0x0800048d   Thumb Code   308  __printf_flags_wp.o(.text)
    strrchr                                  0x080005c5   Thumb Code    22  strrchr.o(.text)
    strlen                                   0x080005db   Thumb Code    62  strlen.o(.text)
    __aeabi_memcpy                           0x08000619   Thumb Code     0  rt_memcpy_v6.o(.text)
    __rt_memcpy                              0x08000619   Thumb Code   138  rt_memcpy_v6.o(.text)
    _memcpy_lastbytes                        0x0800067f   Thumb Code     0  rt_memcpy_v6.o(.text)
    __aeabi_memcpy4                          0x080006a3   Thumb Code     0  rt_memcpy_w.o(.text)
    __aeabi_memcpy8                          0x080006a3   Thumb Code     0  rt_memcpy_w.o(.text)
    __rt_memcpy_w                            0x080006a3   Thumb Code   100  rt_memcpy_w.o(.text)
    _memcpy_lastbytes_aligned                0x080006eb   Thumb Code     0  rt_memcpy_w.o(.text)
    __aeabi_memset                           0x08000707   Thumb Code    16  aeabi_memset.o(.text)
    __use_two_region_memory                  0x08000717   Thumb Code     2  heapauxi.o(.text)
    __rt_heap_escrow$2region                 0x08000719   Thumb Code     2  heapauxi.o(.text)
    __rt_heap_expand$2region                 0x0800071b   Thumb Code     2  heapauxi.o(.text)
    __I$use$semihosting                      0x0800071d   Thumb Code     0  use_no_semi.o(.text)
    __use_no_semihosting_swi                 0x0800071d   Thumb Code     2  use_no_semi.o(.text)
    _printf_int_common                       0x0800071f   Thumb Code   178  _printf_intcommon.o(.text)
    _printf_char_common                      0x080007db   Thumb Code    32  _printf_char_common.o(.text)
    _sputc                                   0x08000801   Thumb Code    10  _sputc.o(.text)
    _printf_cs_common                        0x0800080b   Thumb Code    20  _printf_char.o(.text)
    _printf_char                             0x0800081f   Thumb Code    16  _printf_char.o(.text)
    _printf_string                           0x0800082f   Thumb Code     8  _printf_char.o(.text)
    _printf_char_file                        0x08000839   Thumb Code    32  _printf_char_file.o(.text)
    __aeabi_memclr                           0x0800085d   Thumb Code     0  rt_memclr.o(.text)
    __rt_memclr                              0x0800085d   Thumb Code    68  rt_memclr.o(.text)
    _memset                                  0x08000861   Thumb Code     0  rt_memclr.o(.text)
    ferror                                   0x080008a1   Thumb Code     8  ferror.o(.text)
    __aeabi_memclr4                          0x080008a9   Thumb Code     0  rt_memclr_w.o(.text)
    __aeabi_memclr8                          0x080008a9   Thumb Code     0  rt_memclr_w.o(.text)
    __rt_memclr_w                            0x080008a9   Thumb Code    78  rt_memclr_w.o(.text)
    _memset_w                                0x080008ad   Thumb Code     0  rt_memclr_w.o(.text)
    __user_setup_stackheap                   0x080008f7   Thumb Code    74  sys_stackheap_outer.o(.text)
    exit                                     0x08000941   Thumb Code    18  exit.o(.text)
    __user_libspace                          0x08000955   Thumb Code     8  libspace.o(.text)
    __user_perproc_libspace                  0x08000955   Thumb Code     0  libspace.o(.text)
    __user_perthread_libspace                0x08000955   Thumb Code     0  libspace.o(.text)
    ATOI8                                    0x0800095d   Thumb Code    38  utl_string.o(i.ATOI8)
    BusFault_Handler                         0x08000983   Thumb Code     2  stm32f4xx_it.o(i.BusFault_Handler)
    CLI_CMD_ClearScreen                      0x08000985   Thumb Code    10  cli.o(i.CLI_CMD_ClearScreen)
    CLI_CMD_DEBUG_LEVEL                      0x0800098f   Thumb Code    28  command.o(i.CLI_CMD_DEBUG_LEVEL)
    CLI_CMD_Help                             0x080009ad   Thumb Code   192  cli.o(i.CLI_CMD_Help)
    CLI_CMD_LOGOUT                           0x08000a79   Thumb Code    18  cli.o(i.CLI_CMD_LOGOUT)
    CLI_CMD_N_Help                           0x08000a91   Thumb Code   108  cli.o(i.CLI_CMD_N_Help)
    CLI_CMD_SystemRestart                    0x08000b01   Thumb Code    30  command.o(i.CLI_CMD_SystemRestart)
    CheckPwd                                 0x08000b29   Thumb Code    90  cli.o(i.CheckPwd)
    CliTask                                  0x08000b8d   Thumb Code    24  task_manage.o(i.CliTask)
    DebugMon_Handler                         0x08000ba9   Thumb Code     2  stm32f4xx_it.o(i.DebugMon_Handler)
    ETH_DMAClearITPendingBit                 0x08000bad   Thumb Code     6  stm32f4x7_eth.o(i.ETH_DMAClearITPendingBit)
    ETH_GetRxPktSize                         0x08000bb9   Thumb Code    30  stm32f4x7_eth.o(i.ETH_GetRxPktSize)
    ETH_IRQHandler                           0x08000bd9   Thumb Code    32  lan8720.o(i.ETH_IRQHandler)
    FSMC_NORSRAMCmd                          0x08000bfd   Thumb Code    26  stm32f4xx_fsmc.o(i.FSMC_NORSRAMCmd)
    FSMC_NORSRAMInit                         0x08000c1d   Thumb Code   200  stm32f4xx_fsmc.o(i.FSMC_NORSRAMInit)
    FSMC_SRAM_Init                           0x08000ce5   Thumb Code   668  sram.o(i.FSMC_SRAM_Init)
    GPIO_Init                                0x08000f95   Thumb Code   120  stm32f4xx_gpio.o(i.GPIO_Init)
    GPIO_PinAFConfig                         0x0800100d   Thumb Code    32  stm32f4xx_gpio.o(i.GPIO_PinAFConfig)
    GPIO_SetBits                             0x0800102d   Thumb Code     4  stm32f4xx_gpio.o(i.GPIO_SetBits)
    HardFault_Handler                        0x08001031   Thumb Code     2  stm32f4xx_it.o(i.HardFault_Handler)
    KEY_Init                                 0x08001035   Thumb Code    58  key.o(i.KEY_Init)
    LCD_Clear                                0x08001079   Thumb Code   104  lcd.o(i.LCD_Clear)
    LCD_Display_Dir                          0x080010e5   Thumb Code   304  lcd.o(i.LCD_Display_Dir)
    LCD_Fast_DrawPoint                       0x08001219   Thumb Code   268  lcd.o(i.LCD_Fast_DrawPoint)
    LCD_Init                                 0x08001329   Thumb Code 14076  lcd.o(i.LCD_Init)
    LCD_RD_DATA                              0x08004a25   Thumb Code    20  lcd.o(i.LCD_RD_DATA)
    LCD_ReadReg                              0x08004a39   Thumb Code    20  lcd.o(i.LCD_ReadReg)
    LCD_SSD_BackLightSet                     0x08004a4d   Thumb Code    72  lcd.o(i.LCD_SSD_BackLightSet)
    LCD_Scan_Dir                             0x08004a9d   Thumb Code   510  lcd.o(i.LCD_Scan_Dir)
    LCD_SetCursor                            0x08004ca1   Thumb Code   332  lcd.o(i.LCD_SetCursor)
    LCD_ShowChar                             0x08004df1   Thumb Code   184  lcd.o(i.LCD_ShowChar)
    LCD_ShowString                           0x08004ebd   Thumb Code    84  lcd.o(i.LCD_ShowString)
    LCD_WR_DATA                              0x08004f11   Thumb Code    24  lcd.o(i.LCD_WR_DATA)
    LCD_WR_REG                               0x08004f29   Thumb Code    24  lcd.o(i.LCD_WR_REG)
    LCD_WriteRAM_Prepare                     0x08004f41   Thumb Code    14  lcd.o(i.LCD_WriteRAM_Prepare)
    LCD_WriteReg                             0x08004f55   Thumb Code    12  lcd.o(i.LCD_WriteReg)
    LED_Init                                 0x08004f61   Thumb Code    58  led.o(i.LED_Init)
    MEMCPY                                   0x08004fa1   Thumb Code    22  utl_string.o(i.MEMCPY)
    MEMSET                                   0x08004fb7   Thumb Code    18  utl_string.o(i.MEMSET)
    MemManage_Handler                        0x08004fc9   Thumb Code     2  stm32f4xx_it.o(i.MemManage_Handler)
    NMI_Handler                              0x08004fcb   Thumb Code     2  stm32f4xx_it.o(i.NMI_Handler)
    NVIC_Init                                0x08004fcd   Thumb Code    96  misc.o(i.NVIC_Init)
    NVIC_PriorityGroupConfig                 0x08005031   Thumb Code    10  misc.o(i.NVIC_PriorityGroupConfig)
    P_MEMCPY                                 0x08005045   Thumb Code    24  utl_string.o(i.P_MEMCPY)
    RCC_AHB1PeriphClockCmd                   0x0800505d   Thumb Code    18  stm32f4xx_rcc.o(i.RCC_AHB1PeriphClockCmd)
    RCC_AHB3PeriphClockCmd                   0x08005075   Thumb Code    18  stm32f4xx_rcc.o(i.RCC_AHB3PeriphClockCmd)
    RCC_APB1PeriphClockCmd                   0x0800508d   Thumb Code    18  stm32f4xx_rcc.o(i.RCC_APB1PeriphClockCmd)
    RCC_GetClocksFreq                        0x080050a5   Thumb Code   132  stm32f4xx_rcc.o(i.RCC_GetClocksFreq)
    STRCMP                                   0x08005135   Thumb Code    26  utl_string.o(i.STRCMP)
    STRCPY                                   0x0800514f   Thumb Code    18  utl_string.o(i.STRCPY)
    STRLCMP                                  0x08005161   Thumb Code    32  utl_string.o(i.STRLCMP)
    STRLEN_                                  0x08005181   Thumb Code    24  utl_string.o(i.STRLEN_)
    STRMCMP                                  0x08005199   Thumb Code    44  utl_string.o(i.STRMCMP)
    STRMCPY                                  0x080051c5   Thumb Code    32  utl_string.o(i.STRMCPY)
    STRNCPY                                  0x080051e5   Thumb Code    46  utl_string.o(i.STRNCPY)
    STRSCMP                                  0x08005213   Thumb Code    88  utl_string.o(i.STRSCMP)
    STRTCMP                                  0x0800526b   Thumb Code    96  utl_string.o(i.STRTCMP)
    STRTOHEAD                                0x080052cb   Thumb Code    74  utl_string.o(i.STRTOHEAD)
    SearchUser                               0x08005315   Thumb Code    72  cli.o(i.SearchUser)
    SysTick_CLKSourceConfig                  0x0800541d   Thumb Code    24  misc.o(i.SysTick_CLKSourceConfig)
    SysTick_Handler                          0x08005435   Thumb Code    20  delay.o(i.SysTick_Handler)
    SystemInit                               0x08005449   Thumb Code    74  system_stm32f4xx.o(i.SystemInit)
    TIM3_IRQHandler                          0x080054a5   Thumb Code    24  timer.o(i.TIM3_IRQHandler)
    TIM3_Int_Init                            0x080054c1   Thumb Code    88  timer.o(i.TIM3_Int_Init)
    TIM_ClearITPendingBit                    0x0800551d   Thumb Code     6  stm32f4xx_tim.o(i.TIM_ClearITPendingBit)
    TIM_Cmd                                  0x08005523   Thumb Code    20  stm32f4xx_tim.o(i.TIM_Cmd)
    TIM_GetITStatus                          0x08005537   Thumb Code    24  stm32f4xx_tim.o(i.TIM_GetITStatus)
    TIM_ITConfig                             0x0800554f   Thumb Code    16  stm32f4xx_tim.o(i.TIM_ITConfig)
    TIM_TimeBaseInit                         0x08005561   Thumb Code    96  stm32f4xx_tim.o(i.TIM_TimeBaseInit)
    USART1_IRQHandler                        0x080055dd   Thumb Code    58  usart.o(i.USART1_IRQHandler)
    USART2_IRQHandler                        0x08005629   Thumb Code    58  usart.o(i.USART2_IRQHandler)
    USART3_IRQHandler                        0x08005675   Thumb Code    58  usart.o(i.USART3_IRQHandler)
    USART_ClearFlag                          0x080056c1   Thumb Code     6  stm32f4xx_usart.o(i.USART_ClearFlag)
    USART_Cmd                                0x080056c7   Thumb Code    20  stm32f4xx_usart.o(i.USART_Cmd)
    USART_GetFlagStatus                      0x080056db   Thumb Code    14  stm32f4xx_usart.o(i.USART_GetFlagStatus)
    USART_GetITStatus                        0x080056e9   Thumb Code    62  stm32f4xx_usart.o(i.USART_GetITStatus)
    USART_ITConfig                           0x08005727   Thumb Code    48  stm32f4xx_usart.o(i.USART_ITConfig)
    USART_Init                               0x08005759   Thumb Code   164  stm32f4xx_usart.o(i.USART_Init)
    USART_ReceiveData                        0x08005805   Thumb Code     8  stm32f4xx_usart.o(i.USART_ReceiveData)
    USART_SendData                           0x0800580d   Thumb Code     8  stm32f4xx_usart.o(i.USART_SendData)
    UTL_VT_ClearRight                        0x08005815   Thumb Code    34  utl_vt.o(i.UTL_VT_ClearRight)
    UTL_VT_ClearScreen                       0x08005839   Thumb Code    30  cli.o(i.UTL_VT_ClearScreen)
    UTL_VT_InitScreen                        0x0800585d   Thumb Code    58  utl_vt.o(i.UTL_VT_InitScreen)
    UTL_VT_MoveLeft                          0x080058a1   Thumb Code    64  utl_vt.o(i.UTL_VT_MoveLeft)
    UTL_VT_MoveRight                         0x080058e1   Thumb Code    44  utl_vt.o(i.UTL_VT_MoveRight)
    UTL_VT_PutAscii                          0x0800590d   Thumb Code    28  utl_vt.o(i.UTL_VT_PutAscii)
    UTL_VT_ReadKey                           0x08005929   Thumb Code   258  utl_vt.o(i.UTL_VT_ReadKey)
    UTL_VT_ReadLine                          0x08005a31   Thumb Code   138  cli.o(i.UTL_VT_ReadLine)
    UartGetByte                              0x08005ac1   Thumb Code    72  usart.o(i.UartGetByte)
    UartSendByte                             0x08005b11   Thumb Code    36  usart.o(i.UartSendByte)
    UartSendStr                              0x08005b39   Thumb Code    24  usart.o(i.UartSendStr)
    UsageFault_Handler                       0x08005b51   Thumb Code     2  stm32f4xx_it.o(i.UsageFault_Handler)
    _is_digit                                0x08005b53   Thumb Code    14  __printf_wp.o(i._is_digit)
    _sys_exit                                0x08005b61   Thumb Code     2  usart.o(i._sys_exit)
    card_setup                               0x08005b65   Thumb Code   158  task_manage.o(i.card_setup)
    cli_MainProcess                          0x08005cc5   Thumb Code   776  cli.o(i.cli_MainProcess)
    cli_Search_ExecuteCmd                    0x08005fe5   Thumb Code   356  cli.o(i.cli_Search_ExecuteCmd)
    cli_TabMatchCmd                          0x08006165   Thumb Code   726  cli.o(i.cli_TabMatchCmd)
    cli_UserLogin                            0x08006465   Thumb Code   116  cli.o(i.cli_UserLogin)
    cli_timeout_count                        0x080064e5   Thumb Code    14  cli.o(i.cli_timeout_count)
    delay_init                               0x080064f9   Thumb Code    50  delay.o(i.delay_init)
    delay_ms                                 0x08006531   Thumb Code    52  delay.o(i.delay_ms)
    delay_us                                 0x08006569   Thumb Code    48  delay.o(i.delay_us)
    float_task                               0x0800659d   Thumb Code   102  task_manage.o(i.float_task)
    fputc                                    0x0800665d   Thumb Code    18  usart.o(i.fputc)
    init_queue                               0x08006675   Thumb Code    36  control.o(i.init_queue)
    led0_task                                0x0800669d   Thumb Code    24  task_manage.o(i.led0_task)
    led1_task                                0x080066b9   Thumb Code    32  task_manage.o(i.led1_task)
    lock_init                                0x080066dd   Thumb Code    42  control.o(i.lock_init)
    lock_src                                 0x0800670d   Thumb Code    16  control.o(i.lock_src)
    main                                     0x08006721   Thumb Code   230  main.o(i.main)
    msleep                                   0x08006865   Thumb Code     4  delay.o(i.msleep)
    my_mem_init                              0x08006869   Thumb Code    52  malloc.o(i.my_mem_init)
    my_mem_malloc                            0x080068a5   Thumb Code   132  malloc.o(i.my_mem_malloc)
    my_mem_perused                           0x08006931   Thumb Code    48  malloc.o(i.my_mem_perused)
    mymalloc                                 0x08006969   Thumb Code    28  malloc.o(i.mymalloc)
    mymemset                                 0x08006989   Thumb Code    12  malloc.o(i.mymemset)
    pvPortMalloc                             0x080071f9   Thumb Code   214  heap_4.o(i.pvPortMalloc)
    pvTaskIncrementMutexHeldCount            0x0800730d   Thumb Code    18  tasks.o(i.pvTaskIncrementMutexHeldCount)
    pxPortInitialiseStack                    0x08007325   Thumb Code    40  port.o(i.pxPortInitialiseStack)
    set_log_level                            0x08007351   Thumb Code    74  log.o(i.set_log_level)
    start_task                               0x08007401   Thumb Code   162  task_manage.o(i.start_task)
    uart3_send_str                           0x08007555   Thumb Code     8  usart.o(i.uart3_send_str)
    uart_init                                0x0800755d   Thumb Code   172  usart.o(i.uart_init)
    unlock_src                               0x08007611   Thumb Code    16  control.o(i.unlock_src)
    uxListRemove                             0x08007625   Thumb Code    36  list.o(i.uxListRemove)
    vListInitialise                          0x08007649   Thumb Code    22  list.o(i.vListInitialise)
    vListInitialiseItem                      0x0800765f   Thumb Code     6  list.o(i.vListInitialiseItem)
    vListInsert                              0x08007665   Thumb Code    48  list.o(i.vListInsert)
    vListInsertEnd                           0x08007695   Thumb Code    24  list.o(i.vListInsertEnd)
    vPortEnterCritical                       0x080076ad   Thumb Code    50  port.o(i.vPortEnterCritical)
    vPortExitCritical                        0x08007725   Thumb Code    34  port.o(i.vPortExitCritical)
    vPortFree                                0x08007789   Thumb Code    94  heap_4.o(i.vPortFree)
    vPortSetupTimerInterrupt                 0x08007825   Thumb Code    26  port.o(i.vPortSetupTimerInterrupt)
    vPortValidateInterruptPriority           0x08007845   Thumb Code    70  port.o(i.vPortValidateInterruptPriority)
    vQueueAddToRegistry                      0x080078d1   Thumb Code    32  queue.o(i.vQueueAddToRegistry)
    vQueueWaitForMessageRestricted           0x080078f5   Thumb Code    68  queue.o(i.vQueueWaitForMessageRestricted)
    vTaskDelay                               0x08007939   Thumb Code    62  tasks.o(i.vTaskDelay)
    vTaskDelete                              0x080079a5   Thumb Code   152  tasks.o(i.vTaskDelete)
    vTaskMissedYield                         0x08007a71   Thumb Code     8  tasks.o(i.vTaskMissedYield)
    vTaskPlaceOnEventList                    0x08007a7d   Thumb Code    44  tasks.o(i.vTaskPlaceOnEventList)
    vTaskPlaceOnEventListRestricted          0x08007ad1   Thumb Code    52  tasks.o(i.vTaskPlaceOnEventListRestricted)
    vTaskPriorityInherit                     0x08007b2d   Thumb Code   124  tasks.o(i.vTaskPriorityInherit)
    vTaskSetTimeOutState                     0x08007bb1   Thumb Code    30  tasks.o(i.vTaskSetTimeOutState)
    vTaskStartScheduler                      0x08007bf9   Thumb Code    96  tasks.o(i.vTaskStartScheduler)
    vTaskSuspendAll                          0x08007c8d   Thumb Code    10  tasks.o(i.vTaskSuspendAll)
    vTaskSwitchContext                       0x08007c9d   Thumb Code    80  tasks.o(i.vTaskSwitchContext)
    vTimerCallback1                          0x08007d19   Thumb Code    28  task_manage.o(i.vTimerCallback1)
    xPortStartScheduler                      0x08007d39   Thumb Code   196  port.o(i.xPortStartScheduler)
    xPortSysTickHandler                      0x08007e4d   Thumb Code    38  port.o(i.xPortSysTickHandler)
    xQueueCreateMutex                        0x08007e79   Thumb Code    36  queue.o(i.xQueueCreateMutex)
    xQueueGenericCreate                      0x08007e9d   Thumb Code    82  queue.o(i.xQueueGenericCreate)
    xQueueGenericReceive                     0x08007f15   Thumb Code   348  queue.o(i.xQueueGenericReceive)
    xQueueGenericReset                       0x08008099   Thumb Code   128  queue.o(i.xQueueGenericReset)
    xQueueGenericSend                        0x08008141   Thumb Code   350  queue.o(i.xQueueGenericSend)
    xQueueGenericSendFromISR                 0x080082c9   Thumb Code   188  queue.o(i.xQueueGenericSendFromISR)
    xTaskCheckForTimeOut                     0x080083a9   Thumb Code    94  tasks.o(i.xTaskCheckForTimeOut)
    xTaskCreate                              0x08008431   Thumb Code    86  tasks.o(i.xTaskCreate)
    xTaskGetSchedulerState                   0x08008489   Thumb Code    22  tasks.o(i.xTaskGetSchedulerState)
    xTaskGetTickCount                        0x080084a5   Thumb Code     6  tasks.o(i.xTaskGetTickCount)
    xTaskIncrementTick                       0x080084b1   Thumb Code   188  tasks.o(i.xTaskIncrementTick)
    xTaskPriorityDisinherit                  0x08008599   Thumb Code   136  tasks.o(i.xTaskPriorityDisinherit)
    xTaskRemoveFromEventList                 0x0800864d   Thumb Code   102  tasks.o(i.xTaskRemoveFromEventList)
    xTaskResumeAll                           0x080086e5   Thumb Code   180  tasks.o(i.xTaskResumeAll)
    xTimerCreate                             0x080087c9   Thumb Code    74  timers.o(i.xTimerCreate)
    xTimerCreateTimerTask                    0x0800883d   Thumb Code    58  timers.o(i.xTimerCreateTimerTask)
    xTimerGenericCommand                     0x080088b1   Thumb Code    98  timers.o(i.xTimerGenericCommand)
    __aeabi_d2uiz                            0x08008941   Thumb Code     0  dfixu.o(x$fpl$dfixu)
    _dfixu                                   0x08008941   Thumb Code    90  dfixu.o(x$fpl$dfixu)
    __aeabi_ui2d                             0x0800899b   Thumb Code     0  dflt_clz.o(x$fpl$dfltu)
    _dfltu                                   0x0800899b   Thumb Code    38  dflt_clz.o(x$fpl$dfltu)
    __aeabi_dmul                             0x080089c1   Thumb Code     0  dmul.o(x$fpl$dmul)
    _dmul                                    0x080089c1   Thumb Code   332  dmul.o(x$fpl$dmul)
    __fpl_dnaninf                            0x08008b15   Thumb Code   156  dnaninf.o(x$fpl$dnaninf)
    __fpl_dretinf                            0x08008bb1   Thumb Code    12  dretinf.o(x$fpl$dretinf)
    _fp_init                                 0x08008bbd   Thumb Code    10  fpinit.o(x$fpl$fpinit)
    __fplib_config_fpu_vfp                   0x08008bc5   Thumb Code     0  fpinit.o(x$fpl$fpinit)
    __fplib_config_pureend_doubles           0x08008bc5   Thumb Code     0  fpinit.o(x$fpl$fpinit)
    __I$use$fp                               0x08008bc6   Number         0  usenofp.o(x$fpl$usenofp)
    asc2_1206                                0x08008bcb   Data        1140  lcd.o(.constdata)
    asc2_1608                                0x0800903f   Data        1520  lcd.o(.constdata)
    asc2_2412                                0x0800962f   Data        3420  lcd.o(.constdata)
    cli_cmd_debug_log                        0x0800a38c   Data          88  cli.o(.constdata)
    cli_cmd_debug                            0x0800a3e4   Data          88  cli.o(.constdata)
    cli_cmd                                  0x0800a444   Data         352  cli.o(.constdata)
    cli_cmd_kernel                           0x0800a5a4   Data         176  cli.o(.constdata)
    cli_account_hide                         0x0800a654   Data          36  cli.o(.constdata)
    ansiclr                                  0x0800a678   Data           9  cli.o(.constdata)
    print_success                            0x0800a730   Data           9  cli.o(.constdata)
    print_fail                               0x0800a739   Data           9  cli.o(.constdata)
    print_parameter_error                    0x0800a742   Data          20  cli.o(.constdata)
    print_portnum_error                      0x0800a756   Data          23  cli.o(.constdata)
    print_port_disable                       0x0800a76d   Data          17  cli.o(.constdata)
    print_module_not_inserted                0x0800a77e   Data          25  cli.o(.constdata)
    print_unknow_error                       0x0800a797   Data          17  cli.o(.constdata)
    print_not_support_function               0x0800a7a8   Data          30  cli.o(.constdata)
    print_uncongnized_module                 0x0800a7c6   Data          23  cli.o(.constdata)
    print_linenum_error                      0x0800a7dd   Data          23  cli.o(.constdata)
    CRC8Table                                0x0800aa24   Data         256  utl_vt.o(.constdata)
    memtblsize                               0x0800af70   Data          12  malloc.o(.constdata)
    memblksize                               0x0800af7c   Data          12  malloc.o(.constdata)
    memsize                                  0x0800af88   Data          12  malloc.o(.constdata)
    Region$$Table$$Base                      0x0800aff0   Number         0  anon$$obj.o(Region$$Table)
    Region$$Table$$Limit                     0x0800b010   Number         0  anon$$obj.o(Region$$Table)
    mem3base                                 0x10000000   Data       61440  malloc.o(.ARM.__AT_0x10000000)
    mem3mapbase                              0x1000f000   Data        3840  malloc.o(.ARM.__AT_0x1000F000)
    SystemCoreClock                          0x20000000   Data           4  system_stm32f4xx.o(.data)
    AHBPrescTable                            0x20000004   Data          16  system_stm32f4xx.o(.data)
    __stdout                                 0x20000030   Data           4  usart.o(.data)
    DMATxDescToSet                           0x20000034   Data           4  stm32f4x7_eth.o(.data)
    DMARxDescToGet                           0x20000038   Data           4  stm32f4x7_eth.o(.data)
    DMA_RX_FRAME_infos                       0x2000003c   Data           4  stm32f4x7_eth.o(.data)
    pxCurrentTCB                             0x20000050   Data           4  tasks.o(.data)
    POINT_COLOR                              0x200000c4   Data           2  lcd.o(.data)
    BACK_COLOR                               0x200000c6   Data           2  lcd.o(.data)
    cmd_history_index                        0x200000c8   Data           1  cli.o(.data)
    cli_timeOut                              0x200000c9   Data           1  cli.o(.data)
    user_index                               0x200000ca   Data           1  cli.o(.data)
    user_level                               0x200000cb   Data           1  cli.o(.data)
    Pass_word                                0x200000cc   Data          17  cli.o(.data)
    timer_count                              0x200000e4   Data           1  task_manage.o(.data)
    time_1s_count                            0x200000e5   Data           1  task_manage.o(.data)
    StartTask_Handler                        0x200000ec   Data           4  task_manage.o(.data)
    LED0Task_Handler                         0x200000f0   Data           4  task_manage.o(.data)
    LED1Task_Handler                         0x200000f4   Data           4  task_manage.o(.data)
    FLOATTask_Handler                        0x200000f8   Data           4  task_manage.o(.data)
    log_level                                0x200000fc   Data           1  log.o(.data)
    mallco_dev                               0x20000100   Data          36  malloc.o(.data)
    xQueueRegistry                           0x20000f34   Data          64  queue.o(.bss)
    lcddev                                   0x20006280   Data          14  lcd.o(.bss)
    cmd_history_buffer                       0x2000628e   Data         195  cli.o(.bss)
    mem1base                                 0x20006380   Data       97280  malloc.o(.bss)
    mem1mapbase                              0x2001df80   Data        6080  malloc.o(.bss)
    __libspace_start                         0x2001f740   Data          96  libspace.o(.bss)
    __temporary_stack_top$libspace           0x2001f7a0   Data           0  libspace.o(.bss)
    mem2base                                 0x68000000   Data       983040  malloc.o(.ARM.__AT_0x68000000)
    mem2mapbase                              0x680f0000   Data       61440  malloc.o(.ARM.__AT_0x680F0000)



==============================================================================

Memory Map of the image

  Image Entry point : 0x08000189

  Load Region LR_IROM1 (Base: 0x08000000, Size: 0x0000b134, Max: 0x00100000, ABSOLUTE)

    Execution Region ER_IROM1 (Exec base: 0x08000000, Load base: 0x08000000, Size: 0x0000b010, Max: 0x00100000, ABSOLUTE)

    Exec Addr    Load Addr    Size         Type   Attr      Idx    E Section Name        Object

    0x08000000   0x08000000   0x00000188   Data   RO          605    RESET               startup_stm32f40_41xxx.o
    0x08000188   0x08000188   0x00000008   Code   RO         4753  * !!!main             c_w.l(__main.o)
    0x08000190   0x08000190   0x00000034   Code   RO         4958    !!!scatter          c_w.l(__scatter.o)
    0x080001c4   0x080001c4   0x0000001a   Code   RO         4960    !!handler_copy      c_w.l(__scatter_copy.o)
    0x080001de   0x080001de   0x00000002   PAD
    0x080001e0   0x080001e0   0x0000001c   Code   RO         4962    !!handler_zi        c_w.l(__scatter_zi.o)
    0x080001fc   0x080001fc   0x00000000   Code   RO         4738    .ARM.Collect$$_printf_percent$$00000000  c_w.l(_printf_percent.o)
    0x080001fc   0x080001fc   0x00000006   Code   RO         4736    .ARM.Collect$$_printf_percent$$00000009  c_w.l(_printf_d.o)
    0x08000202   0x08000202   0x00000006   Code   RO         4735    .ARM.Collect$$_printf_percent$$00000014  c_w.l(_printf_s.o)
    0x08000208   0x08000208   0x00000004   Code   RO         4790    .ARM.Collect$$_printf_percent$$00000017  c_w.l(_printf_percent_end.o)
    0x0800020c   0x0800020c   0x00000002   Code   RO         4832    .ARM.Collect$$libinit$$00000000  c_w.l(libinit.o)
    0x0800020e   0x0800020e   0x00000004   Code   RO         4838    .ARM.Collect$$libinit$$00000001  c_w.l(libinit2.o)
    0x08000212   0x08000212   0x00000000   Code   RO         4841    .ARM.Collect$$libinit$$00000004  c_w.l(libinit2.o)
    0x08000212   0x08000212   0x00000000   Code   RO         4844    .ARM.Collect$$libinit$$0000000A  c_w.l(libinit2.o)
    0x08000212   0x08000212   0x00000000   Code   RO         4846    .ARM.Collect$$libinit$$0000000C  c_w.l(libinit2.o)
    0x08000212   0x08000212   0x00000000   Code   RO         4848    .ARM.Collect$$libinit$$0000000E  c_w.l(libinit2.o)
    0x08000212   0x08000212   0x00000000   Code   RO         4851    .ARM.Collect$$libinit$$00000011  c_w.l(libinit2.o)
    0x08000212   0x08000212   0x00000000   Code   RO         4853    .ARM.Collect$$libinit$$00000013  c_w.l(libinit2.o)
    0x08000212   0x08000212   0x00000000   Code   RO         4855    .ARM.Collect$$libinit$$00000015  c_w.l(libinit2.o)
    0x08000212   0x08000212   0x00000000   Code   RO         4857    .ARM.Collect$$libinit$$00000017  c_w.l(libinit2.o)
    0x08000212   0x08000212   0x00000000   Code   RO         4859    .ARM.Collect$$libinit$$00000019  c_w.l(libinit2.o)
    0x08000212   0x08000212   0x00000000   Code   RO         4861    .ARM.Collect$$libinit$$0000001B  c_w.l(libinit2.o)
    0x08000212   0x08000212   0x00000000   Code   RO         4863    .ARM.Collect$$libinit$$0000001D  c_w.l(libinit2.o)
    0x08000212   0x08000212   0x00000000   Code   RO         4865    .ARM.Collect$$libinit$$0000001F  c_w.l(libinit2.o)
    0x08000212   0x08000212   0x00000000   Code   RO         4867    .ARM.Collect$$libinit$$00000021  c_w.l(libinit2.o)
    0x08000212   0x08000212   0x00000000   Code   RO         4869    .ARM.Collect$$libinit$$00000023  c_w.l(libinit2.o)
    0x08000212   0x08000212   0x00000000   Code   RO         4871    .ARM.Collect$$libinit$$00000025  c_w.l(libinit2.o)
    0x08000212   0x08000212   0x00000000   Code   RO         4875    .ARM.Collect$$libinit$$0000002C  c_w.l(libinit2.o)
    0x08000212   0x08000212   0x00000000   Code   RO         4877    .ARM.Collect$$libinit$$0000002E  c_w.l(libinit2.o)
    0x08000212   0x08000212   0x00000000   Code   RO         4879    .ARM.Collect$$libinit$$00000030  c_w.l(libinit2.o)
    0x08000212   0x08000212   0x00000000   Code   RO         4881    .ARM.Collect$$libinit$$00000032  c_w.l(libinit2.o)
    0x08000212   0x08000212   0x00000002   Code   RO         4882    .ARM.Collect$$libinit$$00000033  c_w.l(libinit2.o)
    0x08000214   0x08000214   0x00000002   Code   RO         4900    .ARM.Collect$$libshutdown$$00000000  c_w.l(libshutdown.o)
    0x08000216   0x08000216   0x00000000   Code   RO         4910    .ARM.Collect$$libshutdown$$00000002  c_w.l(libshutdown2.o)
    0x08000216   0x08000216   0x00000000   Code   RO         4912    .ARM.Collect$$libshutdown$$00000004  c_w.l(libshutdown2.o)
    0x08000216   0x08000216   0x00000000   Code   RO         4915    .ARM.Collect$$libshutdown$$00000007  c_w.l(libshutdown2.o)
    0x08000216   0x08000216   0x00000000   Code   RO         4918    .ARM.Collect$$libshutdown$$0000000A  c_w.l(libshutdown2.o)
    0x08000216   0x08000216   0x00000000   Code   RO         4920    .ARM.Collect$$libshutdown$$0000000C  c_w.l(libshutdown2.o)
    0x08000216   0x08000216   0x00000000   Code   RO         4923    .ARM.Collect$$libshutdown$$0000000F  c_w.l(libshutdown2.o)
    0x08000216   0x08000216   0x00000002   Code   RO         4924    .ARM.Collect$$libshutdown$$00000010  c_w.l(libshutdown2.o)
    0x08000218   0x08000218   0x00000000   Code   RO         4779    .ARM.Collect$$rtentry$$00000000  c_w.l(__rtentry.o)
    0x08000218   0x08000218   0x00000000   Code   RO         4801    .ARM.Collect$$rtentry$$00000002  c_w.l(__rtentry2.o)
    0x08000218   0x08000218   0x00000006   Code   RO         4813    .ARM.Collect$$rtentry$$00000004  c_w.l(__rtentry4.o)
    0x0800021e   0x0800021e   0x00000000   Code   RO         4803    .ARM.Collect$$rtentry$$00000009  c_w.l(__rtentry2.o)
    0x0800021e   0x0800021e   0x00000004   Code   RO         4804    .ARM.Collect$$rtentry$$0000000A  c_w.l(__rtentry2.o)
    0x08000222   0x08000222   0x00000000   Code   RO         4806    .ARM.Collect$$rtentry$$0000000C  c_w.l(__rtentry2.o)
    0x08000222   0x08000222   0x00000008   Code   RO         4807    .ARM.Collect$$rtentry$$0000000D  c_w.l(__rtentry2.o)
    0x0800022a   0x0800022a   0x00000002   Code   RO         4836    .ARM.Collect$$rtexit$$00000000  c_w.l(rtexit.o)
    0x0800022c   0x0800022c   0x00000000   Code   RO         4884    .ARM.Collect$$rtexit$$00000002  c_w.l(rtexit2.o)
    0x0800022c   0x0800022c   0x00000004   Code   RO         4885    .ARM.Collect$$rtexit$$00000003  c_w.l(rtexit2.o)
    0x08000230   0x08000230   0x00000006   Code   RO         4886    .ARM.Collect$$rtexit$$00000004  c_w.l(rtexit2.o)
    0x08000236   0x08000236   0x00000002   PAD
    0x08000238   0x08000238   0x000000b6   Code   RO         3418    .emb_text           port.o
    0x080002ee   0x080002ee   0x00000002   PAD
    0x080002f0   0x080002f0   0x00000040   Code   RO          606    .text               startup_stm32f40_41xxx.o
    0x08000330   0x08000330   0x00000002   Code   RO         4696    .text               c_w.l(use_no_semi_2.o)
    0x08000332   0x08000332   0x00000002   PAD
    0x08000334   0x08000334   0x00000018   Code   RO         4702    .text               c_w.l(noretval__2printf.o)
    0x0800034c   0x0800034c   0x00000028   Code   RO         4704    .text               c_w.l(noretval__2sprintf.o)
    0x08000374   0x08000374   0x0000004e   Code   RO         4708    .text               c_w.l(_printf_pad.o)
    0x080003c2   0x080003c2   0x00000052   Code   RO         4710    .text               c_w.l(_printf_str.o)
    0x08000414   0x08000414   0x00000078   Code   RO         4712    .text               c_w.l(_printf_dec.o)
    0x0800048c   0x0800048c   0x00000138   Code   RO         4726    .text               c_w.l(__printf_flags_wp.o)
    0x080005c4   0x080005c4   0x00000016   Code   RO         4741    .text               c_w.l(strrchr.o)
    0x080005da   0x080005da   0x0000003e   Code   RO         4743    .text               c_w.l(strlen.o)
    0x08000618   0x08000618   0x0000008a   Code   RO         4745    .text               c_w.l(rt_memcpy_v6.o)
    0x080006a2   0x080006a2   0x00000064   Code   RO         4747    .text               c_w.l(rt_memcpy_w.o)
    0x08000706   0x08000706   0x00000010   Code   RO         4749    .text               c_w.l(aeabi_memset.o)
    0x08000716   0x08000716   0x00000006   Code   RO         4751    .text               c_w.l(heapauxi.o)
    0x0800071c   0x0800071c   0x00000002   Code   RO         4777    .text               c_w.l(use_no_semi.o)
    0x0800071e   0x0800071e   0x000000b2   Code   RO         4780    .text               c_w.l(_printf_intcommon.o)
    0x080007d0   0x080007d0   0x00000030   Code   RO         4782    .text               c_w.l(_printf_char_common.o)
    0x08000800   0x08000800   0x0000000a   Code   RO         4784    .text               c_w.l(_sputc.o)
    0x0800080a   0x0800080a   0x0000002c   Code   RO         4786    .text               c_w.l(_printf_char.o)
    0x08000836   0x08000836   0x00000002   PAD
    0x08000838   0x08000838   0x00000024   Code   RO         4788    .text               c_w.l(_printf_char_file.o)
    0x0800085c   0x0800085c   0x00000044   Code   RO         4791    .text               c_w.l(rt_memclr.o)
    0x080008a0   0x080008a0   0x00000008   Code   RO         4817    .text               c_w.l(ferror.o)
    0x080008a8   0x080008a8   0x0000004e   Code   RO         4821    .text               c_w.l(rt_memclr_w.o)
    0x080008f6   0x080008f6   0x0000004a   Code   RO         4823    .text               c_w.l(sys_stackheap_outer.o)
    0x08000940   0x08000940   0x00000012   Code   RO         4825    .text               c_w.l(exit.o)
    0x08000952   0x08000952   0x00000002   PAD
    0x08000954   0x08000954   0x00000008   Code   RO         4833    .text               c_w.l(libspace.o)
    0x0800095c   0x0800095c   0x00000026   Code   RO         4219    i.ATOI8             utl_string.o
    0x08000982   0x08000982   0x00000002   Code   RO          218    i.BusFault_Handler  stm32f4xx_it.o
    0x08000984   0x08000984   0x0000000a   Code   RO         3955    i.CLI_CMD_ClearScreen  cli.o
    0x0800098e   0x0800098e   0x0000001c   Code   RO         4093    i.CLI_CMD_DEBUG_LEVEL  command.o
    0x080009aa   0x080009aa   0x00000002   PAD
    0x080009ac   0x080009ac   0x000000cc   Code   RO         3956    i.CLI_CMD_Help      cli.o
    0x08000a78   0x08000a78   0x00000018   Code   RO         3957    i.CLI_CMD_LOGOUT    cli.o
    0x08000a90   0x08000a90   0x00000070   Code   RO         3958    i.CLI_CMD_N_Help    cli.o
    0x08000b00   0x08000b00   0x00000028   Code   RO         4094    i.CLI_CMD_SystemRestart  command.o
    0x08000b28   0x08000b28   0x00000064   Code   RO         3961    i.CheckPwd          cli.o
    0x08000b8c   0x08000b8c   0x0000001c   Code   RO         4494    i.CliTask           task_manage.o
    0x08000ba8   0x08000ba8   0x00000002   Code   RO          219    i.DebugMon_Handler  stm32f4xx_it.o
    0x08000baa   0x08000baa   0x00000002   PAD
    0x08000bac   0x08000bac   0x0000000c   Code   RO          615    i.ETH_DMAClearITPendingBit  stm32f4x7_eth.o
    0x08000bb8   0x08000bb8   0x0000001e   Code   RO          657    i.ETH_GetRxPktSize  stm32f4x7_eth.o
    0x08000bd6   0x08000bd6   0x00000002   PAD
    0x08000bd8   0x08000bd8   0x00000024   Code   RO         3853    i.ETH_IRQHandler    lan8720.o
    0x08000bfc   0x08000bfc   0x00000020   Code   RO         1535    i.FSMC_NORSRAMCmd   stm32f4xx_fsmc.o
    0x08000c1c   0x08000c1c   0x000000c8   Code   RO         1537    i.FSMC_NORSRAMInit  stm32f4xx_fsmc.o
    0x08000ce4   0x08000ce4   0x000002b0   Code   RO         3607    i.FSMC_SRAM_Init    sram.o
    0x08000f94   0x08000f94   0x00000078   Code   RO         1183    i.GPIO_Init         stm32f4xx_gpio.o
    0x0800100c   0x0800100c   0x00000020   Code   RO         1184    i.GPIO_PinAFConfig  stm32f4xx_gpio.o
    0x0800102c   0x0800102c   0x00000004   Code   RO         1191    i.GPIO_SetBits      stm32f4xx_gpio.o
    0x08001030   0x08001030   0x00000002   Code   RO          220    i.HardFault_Handler  stm32f4xx_it.o
    0x08001032   0x08001032   0x00000002   PAD
    0x08001034   0x08001034   0x00000044   Code   RO         3560    i.KEY_Init          key.o
    0x08001078   0x08001078   0x0000006c   Code   RO         3651    i.LCD_Clear         lcd.o
    0x080010e4   0x080010e4   0x00000134   Code   RO         3655    i.LCD_Display_Dir   lcd.o
    0x08001218   0x08001218   0x00000110   Code   RO         3660    i.LCD_Fast_DrawPoint  lcd.o
    0x08001328   0x08001328   0x000036fc   Code   RO         3662    i.LCD_Init          lcd.o
    0x08004a24   0x08004a24   0x00000014   Code   RO         3664    i.LCD_RD_DATA       lcd.o
    0x08004a38   0x08004a38   0x00000014   Code   RO         3666    i.LCD_ReadReg       lcd.o
    0x08004a4c   0x08004a4c   0x00000050   Code   RO         3667    i.LCD_SSD_BackLightSet  lcd.o
    0x08004a9c   0x08004a9c   0x00000204   Code   RO         3668    i.LCD_Scan_Dir      lcd.o
    0x08004ca0   0x08004ca0   0x00000150   Code   RO         3669    i.LCD_SetCursor     lcd.o
    0x08004df0   0x08004df0   0x000000cc   Code   RO         3671    i.LCD_ShowChar      lcd.o
    0x08004ebc   0x08004ebc   0x00000054   Code   RO         3673    i.LCD_ShowString    lcd.o
    0x08004f10   0x08004f10   0x00000018   Code   RO         3675    i.LCD_WR_DATA       lcd.o
    0x08004f28   0x08004f28   0x00000018   Code   RO         3676    i.LCD_WR_REG        lcd.o
    0x08004f40   0x08004f40   0x00000014   Code   RO         3678    i.LCD_WriteRAM_Prepare  lcd.o
    0x08004f54   0x08004f54   0x0000000c   Code   RO         3679    i.LCD_WriteReg      lcd.o
    0x08004f60   0x08004f60   0x00000040   Code   RO         3587    i.LED_Init          led.o
    0x08004fa0   0x08004fa0   0x00000016   Code   RO         4225    i.MEMCPY            utl_string.o
    0x08004fb6   0x08004fb6   0x00000012   Code   RO         4226    i.MEMSET            utl_string.o
    0x08004fc8   0x08004fc8   0x00000002   Code   RO          221    i.MemManage_Handler  stm32f4xx_it.o
    0x08004fca   0x08004fca   0x00000002   Code   RO          222    i.NMI_Handler       stm32f4xx_it.o
    0x08004fcc   0x08004fcc   0x00000064   Code   RO         1138    i.NVIC_Init         misc.o
    0x08005030   0x08005030   0x00000014   Code   RO         1139    i.NVIC_PriorityGroupConfig  misc.o
    0x08005044   0x08005044   0x00000018   Code   RO         4227    i.P_MEMCPY          utl_string.o
    0x0800505c   0x0800505c   0x00000018   Code   RO         1652    i.RCC_AHB1PeriphClockCmd  stm32f4xx_rcc.o
    0x08005074   0x08005074   0x00000018   Code   RO         1658    i.RCC_AHB3PeriphClockCmd  stm32f4xx_rcc.o
    0x0800508c   0x0800508c   0x00000018   Code   RO         1661    i.RCC_APB1PeriphClockCmd  stm32f4xx_rcc.o
    0x080050a4   0x080050a4   0x00000090   Code   RO         1673    i.RCC_GetClocksFreq  stm32f4xx_rcc.o
    0x08005134   0x08005134   0x0000001a   Code   RO         4230    i.STRCMP            utl_string.o
    0x0800514e   0x0800514e   0x00000012   Code   RO         4231    i.STRCPY            utl_string.o
    0x08005160   0x08005160   0x00000020   Code   RO         4233    i.STRLCMP           utl_string.o
    0x08005180   0x08005180   0x00000018   Code   RO         4235    i.STRLEN_           utl_string.o
    0x08005198   0x08005198   0x0000002c   Code   RO         4236    i.STRMCMP           utl_string.o
    0x080051c4   0x080051c4   0x00000020   Code   RO         4237    i.STRMCPY           utl_string.o
    0x080051e4   0x080051e4   0x0000002e   Code   RO         4239    i.STRNCPY           utl_string.o
    0x08005212   0x08005212   0x00000058   Code   RO         4240    i.STRSCMP           utl_string.o
    0x0800526a   0x0800526a   0x00000060   Code   RO         4242    i.STRTCMP           utl_string.o
    0x080052ca   0x080052ca   0x0000004a   Code   RO         4244    i.STRTOHEAD         utl_string.o
    0x08005314   0x08005314   0x00000054   Code   RO         3962    i.SearchUser        cli.o
    0x08005368   0x08005368   0x000000b4   Code   RO          297    i.SetSysClock       system_stm32f4xx.o
    0x0800541c   0x0800541c   0x00000018   Code   RO         1142    i.SysTick_CLKSourceConfig  misc.o
    0x08005434   0x08005434   0x00000014   Code   RO          334    i.SysTick_Handler   delay.o
    0x08005448   0x08005448   0x0000005c   Code   RO          299    i.SystemInit        system_stm32f4xx.o
    0x080054a4   0x080054a4   0x0000001c   Code   RO         3927    i.TIM3_IRQHandler   timer.o
    0x080054c0   0x080054c0   0x0000005c   Code   RO         3928    i.TIM3_Int_Init     timer.o
    0x0800551c   0x0800551c   0x00000006   Code   RO         1989    i.TIM_ClearITPendingBit  stm32f4xx_tim.o
    0x08005522   0x08005522   0x00000014   Code   RO         1994    i.TIM_Cmd           stm32f4xx_tim.o
    0x08005536   0x08005536   0x00000018   Code   RO         2015    i.TIM_GetITStatus   stm32f4xx_tim.o
    0x0800554e   0x0800554e   0x00000010   Code   RO         2019    i.TIM_ITConfig      stm32f4xx_tim.o
    0x0800555e   0x0800555e   0x00000002   PAD
    0x08005560   0x08005560   0x0000007c   Code   RO         2066    i.TIM_TimeBaseInit  stm32f4xx_tim.o
    0x080055dc   0x080055dc   0x0000004c   Code   RO          475    i.USART1_IRQHandler  usart.o
    0x08005628   0x08005628   0x0000004c   Code   RO          476    i.USART2_IRQHandler  usart.o
    0x08005674   0x08005674   0x0000004c   Code   RO          477    i.USART3_IRQHandler  usart.o
    0x080056c0   0x080056c0   0x00000006   Code   RO         1280    i.USART_ClearFlag   stm32f4xx_usart.o
    0x080056c6   0x080056c6   0x00000014   Code   RO         1284    i.USART_Cmd         stm32f4xx_usart.o
    0x080056da   0x080056da   0x0000000e   Code   RO         1287    i.USART_GetFlagStatus  stm32f4xx_usart.o
    0x080056e8   0x080056e8   0x0000003e   Code   RO         1288    i.USART_GetITStatus  stm32f4xx_usart.o
    0x08005726   0x08005726   0x00000030   Code   RO         1290    i.USART_ITConfig    stm32f4xx_usart.o
    0x08005756   0x08005756   0x00000002   PAD
    0x08005758   0x08005758   0x000000ac   Code   RO         1291    i.USART_Init        stm32f4xx_usart.o
    0x08005804   0x08005804   0x00000008   Code   RO         1298    i.USART_ReceiveData  stm32f4xx_usart.o
    0x0800580c   0x0800580c   0x00000008   Code   RO         1301    i.USART_SendData    stm32f4xx_usart.o
    0x08005814   0x08005814   0x00000022   Code   RO         4135    i.UTL_VT_ClearRight  utl_vt.o
    0x08005836   0x08005836   0x00000002   PAD
    0x08005838   0x08005838   0x00000024   Code   RO         3963    i.UTL_VT_ClearScreen  cli.o
    0x0800585c   0x0800585c   0x00000044   Code   RO         4136    i.UTL_VT_InitScreen  utl_vt.o
    0x080058a0   0x080058a0   0x00000040   Code   RO         4137    i.UTL_VT_MoveLeft   utl_vt.o
    0x080058e0   0x080058e0   0x0000002c   Code   RO         4138    i.UTL_VT_MoveRight  utl_vt.o
    0x0800590c   0x0800590c   0x0000001c   Code   RO         4139    i.UTL_VT_PutAscii   utl_vt.o
    0x08005928   0x08005928   0x00000108   Code   RO         4140    i.UTL_VT_ReadKey    utl_vt.o
    0x08005a30   0x08005a30   0x00000090   Code   RO         3964    i.UTL_VT_ReadLine   cli.o
    0x08005ac0   0x08005ac0   0x00000050   Code   RO          478    i.UartGetByte       usart.o
    0x08005b10   0x08005b10   0x00000028   Code   RO          479    i.UartSendByte      usart.o
    0x08005b38   0x08005b38   0x00000018   Code   RO          480    i.UartSendStr       usart.o
    0x08005b50   0x08005b50   0x00000002   Code   RO          223    i.UsageFault_Handler  stm32f4xx_it.o
    0x08005b52   0x08005b52   0x0000000e   Code   RO         4724    i._is_digit         c_w.l(__printf_wp.o)
    0x08005b60   0x08005b60   0x00000002   Code   RO          481    i._sys_exit         usart.o
    0x08005b62   0x08005b62   0x00000002   PAD
    0x08005b64   0x08005b64   0x00000160   Code   RO         4495    i.card_setup        task_manage.o
    0x08005cc4   0x08005cc4   0x00000320   Code   RO         3965    i.cli_MainProcess   cli.o
    0x08005fe4   0x08005fe4   0x00000180   Code   RO         3966    i.cli_Search_ExecuteCmd  cli.o
    0x08006164   0x08006164   0x00000300   Code   RO         3967    i.cli_TabMatchCmd   cli.o
    0x08006464   0x08006464   0x00000080   Code   RO         3968    i.cli_UserLogin     cli.o
    0x080064e4   0x080064e4   0x00000014   Code   RO         3969    i.cli_timeout_count  cli.o
    0x080064f8   0x080064f8   0x00000038   Code   RO          335    i.delay_init        delay.o
    0x08006530   0x08006530   0x00000038   Code   RO          336    i.delay_ms          delay.o
    0x08006568   0x08006568   0x00000034   Code   RO          337    i.delay_us          delay.o
    0x0800659c   0x0800659c   0x000000c0   Code   RO         4496    i.float_task        task_manage.o
    0x0800665c   0x0800665c   0x00000018   Code   RO          482    i.fputc             usart.o
    0x08006674   0x08006674   0x00000028   Code   RO         4445    i.init_queue        control.o
    0x0800669c   0x0800669c   0x0000001c   Code   RO         4498    i.led0_task         task_manage.o
    0x080066b8   0x080066b8   0x00000024   Code   RO         4499    i.led1_task         task_manage.o
    0x080066dc   0x080066dc   0x00000030   Code   RO         4446    i.lock_init         control.o
    0x0800670c   0x0800670c   0x00000014   Code   RO         4447    i.lock_src          control.o
    0x08006720   0x08006720   0x00000144   Code   RO            3    i.main              main.o
    0x08006864   0x08006864   0x00000004   Code   RO          339    i.msleep            delay.o
    0x08006868   0x08006868   0x0000003c   Code   RO         4618    i.my_mem_init       malloc.o
    0x080068a4   0x080068a4   0x0000008c   Code   RO         4619    i.my_mem_malloc     malloc.o
    0x08006930   0x08006930   0x00000038   Code   RO         4620    i.my_mem_perused    malloc.o
    0x08006968   0x08006968   0x00000020   Code   RO         4622    i.mymalloc          malloc.o
    0x08006988   0x08006988   0x0000000c   Code   RO         4624    i.mymemset          malloc.o
    0x08006994   0x08006994   0x00000070   Code   RO         2937    i.prvAddCurrentTaskToDelayedList  tasks.o
    0x08006a04   0x08006a04   0x000000d0   Code   RO         2938    i.prvAddNewTaskToReadyList  tasks.o
    0x08006ad4   0x08006ad4   0x00000050   Code   RO         3290    i.prvCheckForValidListAndQueue  timers.o
    0x08006b24   0x08006b24   0x00000054   Code   RO         2939    i.prvCheckTasksWaitingTermination  tasks.o
    0x08006b78   0x08006b78   0x00000026   Code   RO         2711    i.prvCopyDataFromQueue  queue.o
    0x08006b9e   0x08006b9e   0x0000006c   Code   RO         2712    i.prvCopyDataToQueue  queue.o
    0x08006c0a   0x08006c0a   0x00000014   Code   RO         2940    i.prvDeleteTCB      tasks.o
    0x08006c1e   0x08006c1e   0x00000002   PAD
    0x08006c20   0x08006c20   0x0000004c   Code   RO         3503    i.prvHeapInit       heap_4.o
    0x08006c6c   0x08006c6c   0x00000028   Code   RO         2941    i.prvIdleTask       tasks.o
    0x08006c94   0x08006c94   0x000000c0   Code   RO         2942    i.prvInitialiseNewTask  tasks.o
    0x08006d54   0x08006d54   0x0000004c   Code   RO         3504    i.prvInsertBlockIntoFreeList  heap_4.o
    0x08006da0   0x08006da0   0x00000038   Code   RO         3291    i.prvInsertTimerInActiveList  timers.o
    0x08006dd8   0x08006dd8   0x0000001a   Code   RO         2713    i.prvIsQueueEmpty   queue.o
    0x08006df2   0x08006df2   0x00000002   PAD
    0x08006df4   0x08006df4   0x00000090   Code   RO         2714    i.prvNotifyQueueSetContainer  queue.o
    0x08006e84   0x08006e84   0x00000060   Code   RO         3292    i.prvProcessExpiredTimer  timers.o
    0x08006ee4   0x08006ee4   0x000000f0   Code   RO         3293    i.prvProcessReceivedCommands  timers.o
    0x08006fd4   0x08006fd4   0x0000006c   Code   RO         3294    i.prvProcessTimerOrBlockTask  timers.o
    0x08007040   0x08007040   0x00000020   Code   RO         2944    i.prvResetNextTaskUnblockTime  tasks.o
    0x08007060   0x08007060   0x00000028   Code   RO         3295    i.prvSampleTimeNow  timers.o
    0x08007088   0x08007088   0x0000006c   Code   RO         3296    i.prvSwitchTimerLists  timers.o
    0x080070f4   0x080070f4   0x00000064   Code   RO         3419    i.prvTaskExitError  port.o
    0x08007158   0x08007158   0x00000028   Code   RO         3297    i.prvTimerTask      timers.o
    0x08007180   0x08007180   0x00000078   Code   RO         2715    i.prvUnlockQueue    queue.o
    0x080071f8   0x080071f8   0x00000114   Code   RO         3505    i.pvPortMalloc      heap_4.o
    0x0800730c   0x0800730c   0x00000018   Code   RO         2946    i.pvTaskIncrementMutexHeldCount  tasks.o
    0x08007324   0x08007324   0x0000002c   Code   RO         3420    i.pxPortInitialiseStack  port.o
    0x08007350   0x08007350   0x000000b0   Code   RO         4582    i.set_log_level     log.o
    0x08007400   0x08007400   0x00000154   Code   RO         4502    i.start_task        task_manage.o
    0x08007554   0x08007554   0x00000008   Code   RO          487    i.uart3_send_str    usart.o
    0x0800755c   0x0800755c   0x000000b4   Code   RO          488    i.uart_init         usart.o
    0x08007610   0x08007610   0x00000014   Code   RO         4448    i.unlock_src        control.o
    0x08007624   0x08007624   0x00000024   Code   RO         2666    i.uxListRemove      list.o
    0x08007648   0x08007648   0x00000016   Code   RO         2667    i.vListInitialise   list.o
    0x0800765e   0x0800765e   0x00000006   Code   RO         2668    i.vListInitialiseItem  list.o
    0x08007664   0x08007664   0x00000030   Code   RO         2669    i.vListInsert       list.o
    0x08007694   0x08007694   0x00000018   Code   RO         2670    i.vListInsertEnd    list.o
    0x080076ac   0x080076ac   0x00000078   Code   RO         3422    i.vPortEnterCritical  port.o
    0x08007724   0x08007724   0x00000064   Code   RO         3423    i.vPortExitCritical  port.o
    0x08007788   0x08007788   0x0000009c   Code   RO         3506    i.vPortFree         heap_4.o
    0x08007824   0x08007824   0x00000020   Code   RO         3424    i.vPortSetupTimerInterrupt  port.o
    0x08007844   0x08007844   0x0000008c   Code   RO         3425    i.vPortValidateInterruptPriority  port.o
    0x080078d0   0x080078d0   0x00000024   Code   RO         2721    i.vQueueAddToRegistry  queue.o
    0x080078f4   0x080078f4   0x00000044   Code   RO         2725    i.vQueueWaitForMessageRestricted  queue.o
    0x08007938   0x08007938   0x0000006c   Code   RO         2954    i.vTaskDelay        tasks.o
    0x080079a4   0x080079a4   0x000000cc   Code   RO         2956    i.vTaskDelete       tasks.o
    0x08007a70   0x08007a70   0x0000000c   Code   RO         2960    i.vTaskMissedYield  tasks.o
    0x08007a7c   0x08007a7c   0x00000054   Code   RO         2962    i.vTaskPlaceOnEventList  tasks.o
    0x08007ad0   0x08007ad0   0x0000005c   Code   RO         2963    i.vTaskPlaceOnEventListRestricted  tasks.o
    0x08007b2c   0x08007b2c   0x00000084   Code   RO         2965    i.vTaskPriorityInherit  tasks.o
    0x08007bb0   0x08007bb0   0x00000048   Code   RO         2969    i.vTaskSetTimeOutState  tasks.o
    0x08007bf8   0x08007bf8   0x00000094   Code   RO         2970    i.vTaskStartScheduler  tasks.o
    0x08007c8c   0x08007c8c   0x00000010   Code   RO         2972    i.vTaskSuspendAll   tasks.o
    0x08007c9c   0x08007c9c   0x0000007c   Code   RO         2973    i.vTaskSwitchContext  tasks.o
    0x08007d18   0x08007d18   0x00000020   Code   RO         4503    i.vTimerCallback1   task_manage.o
    0x08007d38   0x08007d38   0x00000114   Code   RO         3426    i.xPortStartScheduler  port.o
    0x08007e4c   0x08007e4c   0x0000002c   Code   RO         3427    i.xPortSysTickHandler  port.o
    0x08007e78   0x08007e78   0x00000024   Code   RO         2728    i.xQueueCreateMutex  queue.o
    0x08007e9c   0x08007e9c   0x00000078   Code   RO         2730    i.xQueueGenericCreate  queue.o
    0x08007f14   0x08007f14   0x00000184   Code   RO         2731    i.xQueueGenericReceive  queue.o
    0x08008098   0x08008098   0x000000a8   Code   RO         2732    i.xQueueGenericReset  queue.o
    0x08008140   0x08008140   0x00000188   Code   RO         2733    i.xQueueGenericSend  queue.o
    0x080082c8   0x080082c8   0x000000e0   Code   RO         2734    i.xQueueGenericSendFromISR  queue.o
    0x080083a8   0x080083a8   0x00000088   Code   RO         2974    i.xTaskCheckForTimeOut  tasks.o
    0x08008430   0x08008430   0x00000056   Code   RO         2975    i.xTaskCreate       tasks.o
    0x08008486   0x08008486   0x00000002   PAD
    0x08008488   0x08008488   0x0000001c   Code   RO         2979    i.xTaskGetSchedulerState  tasks.o
    0x080084a4   0x080084a4   0x0000000c   Code   RO         2980    i.xTaskGetTickCount  tasks.o
    0x080084b0   0x080084b0   0x000000e8   Code   RO         2982    i.xTaskIncrementTick  tasks.o
    0x08008598   0x08008598   0x000000b4   Code   RO         2985    i.xTaskPriorityDisinherit  tasks.o
    0x0800864c   0x0800864c   0x00000098   Code   RO         2986    i.xTaskRemoveFromEventList  tasks.o
    0x080086e4   0x080086e4   0x000000e4   Code   RO         2988    i.xTaskResumeAll    tasks.o
    0x080087c8   0x080087c8   0x00000074   Code   RO         3300    i.xTimerCreate      timers.o
    0x0800883c   0x0800883c   0x00000074   Code   RO         3301    i.xTimerCreateTimerTask  timers.o
    0x080088b0   0x080088b0   0x00000090   Code   RO         3302    i.xTimerGenericCommand  timers.o
    0x08008940   0x08008940   0x0000005a   Code   RO         4765    x$fpl$dfixu         fz_wm.l(dfixu.o)
    0x0800899a   0x0800899a   0x00000026   Code   RO         4769    x$fpl$dfltu         fz_wm.l(dflt_clz.o)
    0x080089c0   0x080089c0   0x00000154   Code   RO         4775    x$fpl$dmul          fz_wm.l(dmul.o)
    0x08008b14   0x08008b14   0x0000009c   Code   RO         4793    x$fpl$dnaninf       fz_wm.l(dnaninf.o)
    0x08008bb0   0x08008bb0   0x0000000c   Code   RO         4795    x$fpl$dretinf       fz_wm.l(dretinf.o)
    0x08008bbc   0x08008bbc   0x0000000a   Code   RO         4892    x$fpl$fpinit        fz_wm.l(fpinit.o)
    0x08008bc6   0x08008bc6   0x00000000   Code   RO         4799    x$fpl$usenofp       fz_wm.l(usenofp.o)
    0x08008bc6   0x08008bc6   0x00000005   Data   RO            4    .constdata          main.o
    0x08008bcb   0x08008bcb   0x000017c0   Data   RO         3682    .constdata          lcd.o
    0x0800a38b   0x0800a38b   0x00000001   PAD
    0x0800a38c   0x0800a38c   0x00000058   Data   RO         3971    .constdata          cli.o
    0x0800a3e4   0x0800a3e4   0x00000058   Data   RO         3972    .constdata          cli.o
    0x0800a43c   0x0800a43c   0x000003b8   Data   RO         3973    .constdata          cli.o
    0x0800a7f4   0x0800a7f4   0x00000730   Data   RO         4142    .constdata          utl_vt.o
    0x0800af24   0x0800af24   0x0000003e   Data   RO         4504    .constdata          task_manage.o
    0x0800af62   0x0800af62   0x0000000e   Data   RO         4583    .constdata          log.o
    0x0800af70   0x0800af70   0x00000024   Data   RO         4632    .constdata          malloc.o
    0x0800af94   0x0800af94   0x00000011   Data   RO         4727    .constdata          c_w.l(__printf_flags_wp.o)
    0x0800afa5   0x0800afa5   0x00000003   PAD
    0x0800afa8   0x0800afa8   0x00000046   Data   RO            5    .conststring        main.o
    0x0800afee   0x0800afee   0x00000002   PAD
    0x0800aff0   0x0800aff0   0x00000020   Data   RO         4956    Region$$Table       anon$$obj.o


    Execution Region RW_IRAM1 (Exec base: 0x20000000, Load base: 0x0800b010, Size: 0x0001fda0, Max: 0x00020000, ABSOLUTE)

    Exec Addr    Load Addr    Size         Type   Attr      Idx    E Section Name        Object

    0x20000000   0x0800b010   0x00000014   Data   RW          300    .data               system_stm32f4xx.o
    0x20000014   0x0800b024   0x00000004   Data   RW          340    .data               delay.o
    0x20000018   0x0800b028   0x00000018   Data   RW          491    .data               usart.o
    0x20000030   0x0800b040   0x00000004   Data   RW          492    .data               usart.o
    0x20000034   0x0800b044   0x0000000c   Data   RW          697    .data               stm32f4x7_eth.o
    0x20000040   0x0800b050   0x00000010   Data   RW         1704    .data               stm32f4xx_rcc.o
    0x20000050   0x0800b060   0x0000003c   Data   RW         2991    .data               tasks.o
    0x2000008c   0x0800b09c   0x00000014   Data   RW         3310    .data               timers.o
    0x200000a0   0x0800b0b0   0x0000000c   Data   RW         3428    .data               port.o
    0x200000ac   0x0800b0bc   0x00000018   Data   RW         3511    .data               heap_4.o
    0x200000c4   0x0800b0d4   0x00000004   Data   RW         3683    .data               lcd.o
    0x200000c8   0x0800b0d8   0x00000015   Data   RW         3975    .data               cli.o
    0x200000dd   0x0800b0ed   0x00000002   Data   RW         4143    .data               utl_vt.o
    0x200000df   0x0800b0ef   0x00000001   PAD
    0x200000e0   0x0800b0f0   0x00000004   Data   RW         4450    .data               control.o
    0x200000e4   0x0800b0f4   0x00000018   Data   RW         4505    .data               task_manage.o
    0x200000fc   0x0800b10c   0x00000001   Data   RW         4584    .data               log.o
    0x200000fd   0x0800b10d   0x00000003   PAD
    0x20000100   0x0800b110   0x00000024   Data   RW         4633    .data               malloc.o
    0x20000124        -       0x00000e10   Zero   RW          490    .bss                usart.o
    0x20000f34        -       0x00000040   Zero   RW         2745    .bss                queue.o
    0x20000f74        -       0x000002e4   Zero   RW         2990    .bss                tasks.o
    0x20001258        -       0x00000028   Zero   RW         3309    .bss                timers.o
    0x20001280        -       0x00005000   Zero   RW         3510    .bss                heap_4.o
    0x20006280        -       0x0000000e   Zero   RW         3681    .bss                lcd.o
    0x2000628e        -       0x000000c3   Zero   RW         3970    .bss                cli.o
    0x20006351   0x0800b134   0x00000003   PAD
    0x20006354        -       0x0000001c   Zero   RW         4449    .bss                control.o
    0x20006370   0x0800b134   0x00000010   PAD
    0x20006380        -       0x00017c00   Zero   RW         4630    .bss                malloc.o
    0x2001df80        -       0x000017c0   Zero   RW         4631    .bss                malloc.o
    0x2001f740        -       0x00000060   Zero   RW         4834    .bss                c_w.l(libspace.o)
    0x2001f7a0        -       0x00000200   Zero   RW          604    HEAP                startup_stm32f40_41xxx.o
    0x2001f9a0        -       0x00000400   Zero   RW          603    STACK               startup_stm32f40_41xxx.o



  Load Region LR$$.ARM.__AT_0x10000000 (Base: 0x10000000, Size: 0x00000000, Max: 0x0000f000, ABSOLUTE)

    Execution Region ER$$.ARM.__AT_0x10000000 (Exec base: 0x10000000, Load base: 0x10000000, Size: 0x0000f000, Max: 0x0000f000, ABSOLUTE, UNINIT)

    Exec Addr    Load Addr    Size         Type   Attr      Idx    E Section Name        Object

    0x10000000        -       0x0000f000   Zero   RW         4626    .ARM.__AT_0x10000000  malloc.o



  Load Region LR$$.ARM.__AT_0x1000F000 (Base: 0x1000f000, Size: 0x00000000, Max: 0x00000f00, ABSOLUTE)

    Execution Region ER$$.ARM.__AT_0x1000F000 (Exec base: 0x1000f000, Load base: 0x1000f000, Size: 0x00000f00, Max: 0x00000f00, ABSOLUTE, UNINIT)

    Exec Addr    Load Addr    Size         Type   Attr      Idx    E Section Name        Object

    0x1000f000        -       0x00000f00   Zero   RW         4627    .ARM.__AT_0x1000F000  malloc.o



  Load Region LR$$.ARM.__AT_0x68000000 (Base: 0x68000000, Size: 0x00000000, Max: 0x000f0000, ABSOLUTE)

    Execution Region ER$$.ARM.__AT_0x68000000 (Exec base: 0x68000000, Load base: 0x68000000, Size: 0x000f0000, Max: 0x000f0000, ABSOLUTE, UNINIT)

    Exec Addr    Load Addr    Size         Type   Attr      Idx    E Section Name        Object

    0x68000000        -       0x000f0000   Zero   RW         4628    .ARM.__AT_0x68000000  malloc.o



  Load Region LR$$.ARM.__AT_0x680F0000 (Base: 0x680f0000, Size: 0x00000000, Max: 0x0000f000, ABSOLUTE)

    Execution Region ER$$.ARM.__AT_0x680F0000 (Exec base: 0x680f0000, Load base: 0x680f0000, Size: 0x0000f000, Max: 0x0000f000, ABSOLUTE, UNINIT)

    Exec Addr    Load Addr    Size         Type   Attr      Idx    E Section Name        Object

    0x680f0000        -       0x0000f000   Zero   RW         4629    .ARM.__AT_0x680F0000  malloc.o


==============================================================================

Image component sizes


      Code (inc. data)   RO Data    RW Data    ZI Data      Debug   Object Name

      2814        178       1128         21        195      16010   cli.o
        68         10          0          0          0      29393   command.o
       128         18          0          4         28       4969   control.o
       188         14          0          4          0       2954   delay.o
         0          0          0          0          0      11700   event_groups.o
       584        138          0         24      20480       4011   heap_4.o
        68         10          0          0          0        511   key.o
        36          4          0          0          0        513   lan8720.o
     16104        108       6080          4         14      21377   lcd.o
        64          6          0          0          0        527   led.o
       136          0          0          0          0       3078   list.o
       176        102         14          1          0        792   log.o
       324         94         75          0          0     304423   main.o
       300         28         36         36    1213120       5107   malloc.o
       144         14          0          0          0       2273   misc.o
      1038        382          0         12          0      10609   port.o
      1868        236          0          0         64      13805   queue.o
       688         20          0          0          0       1001   sram.o
        64         26        392          0       1536        824   startup_stm32f40_41xxx.o
        42          6          0         12          0      38574   stm32f4x7_eth.o
       232          6          0          0          0       2013   stm32f4xx_fsmc.o
       156          0          0          0          0       2482   stm32f4xx_gpio.o
        12          0          0          0          0       2585   stm32f4xx_it.o
       216         30          0         16          0       4931   stm32f4xx_rcc.o
       190         28          0          0          0       4993   stm32f4xx_tim.o
       338          8          0          0          0       6571   stm32f4xx_usart.o
       272         36          0         20          0       1689   system_stm32f4xx.o
      1008        478         62         24          0       5273   task_manage.o
      2758        670          0         60        740      29243   tasks.o
       120          8          0          0          0       1186   timer.o
      1144        260          0         20         40       9746   timers.o
       586         80          0         28       3600       7955   usart.o
       582          0          0          0          0      10265   utl_string.o
       502         28       1840          2          0       4888   utl_vt.o

    ----------------------------------------------------------------------
     32974       3026       9662        292    1239836     566271   Object Totals
         0          0         32          0          0          0   (incl. Generated)
        24          0          3          4         19          0   (incl. Padding)

    ----------------------------------------------------------------------

      Code (inc. data)   RO Data    RW Data    ZI Data      Debug   Library Member Name

         8          0          0          0          0         68   __main.o
       312          4         17          0          0         92   __printf_flags_wp.o
        14          0          0          0          0         68   __printf_wp.o
         0          0          0          0          0          0   __rtentry.o
        12          0          0          0          0          0   __rtentry2.o
         6          0          0          0          0          0   __rtentry4.o
        52          8          0          0          0          0   __scatter.o
        26          0          0          0          0          0   __scatter_copy.o
        28          0          0          0          0          0   __scatter_zi.o
        44          0          0          0          0        108   _printf_char.o
        48          6          0          0          0         96   _printf_char_common.o
        36          4          0          0          0         80   _printf_char_file.o
         6          0          0          0          0          0   _printf_d.o
       120         16          0          0          0         92   _printf_dec.o
       178          0          0          0          0         88   _printf_intcommon.o
        78          0          0          0          0        108   _printf_pad.o
         0          0          0          0          0          0   _printf_percent.o
         4          0          0          0          0          0   _printf_percent_end.o
         6          0          0          0          0          0   _printf_s.o
        82          0          0          0          0         80   _printf_str.o
        10          0          0          0          0         68   _sputc.o
        16          0          0          0          0         68   aeabi_memset.o
        18          0          0          0          0         80   exit.o
         8          0          0          0          0         68   ferror.o
         6          0          0          0          0        152   heapauxi.o
         2          0          0          0          0          0   libinit.o
         6          0          0          0          0          0   libinit2.o
         2          0          0          0          0          0   libshutdown.o
         2          0          0          0          0          0   libshutdown2.o
         8          4          0          0         96         68   libspace.o
        24          4          0          0          0         84   noretval__2printf.o
        40          6          0          0          0         84   noretval__2sprintf.o
        68          0          0          0          0         68   rt_memclr.o
        78          0          0          0          0         80   rt_memclr_w.o
       138          0          0          0          0         68   rt_memcpy_v6.o
       100          0          0          0          0         80   rt_memcpy_w.o
         2          0          0          0          0          0   rtexit.o
        10          0          0          0          0          0   rtexit2.o
        62          0          0          0          0         76   strlen.o
        22          0          0          0          0         68   strrchr.o
        74          0          0          0          0         80   sys_stackheap_outer.o
         2          0          0          0          0         68   use_no_semi.o
         2          0          0          0          0         68   use_no_semi_2.o
        90          4          0          0          0        140   dfixu.o
        38          0          0          0          0        116   dflt_clz.o
       340         12          0          0          0        152   dmul.o
       156          4          0          0          0        140   dnaninf.o
        12          0          0          0          0        116   dretinf.o
        10          0          0          0          0        116   fpinit.o
         0          0          0          0          0          0   usenofp.o

    ----------------------------------------------------------------------
      2416         72         20          0         96       2988   Library Totals
        10          0          3          0          0          0   (incl. Padding)

    ----------------------------------------------------------------------

      Code (inc. data)   RO Data    RW Data    ZI Data      Debug   Library Name

      1760         52         17          0         96       2208   c_w.l
       646         20          0          0          0        780   fz_wm.l

    ----------------------------------------------------------------------
      2416         72         20          0         96       2988   Library Totals

    ----------------------------------------------------------------------

==============================================================================


      Code (inc. data)   RO Data    RW Data    ZI Data      Debug   

     35390       3098       9682        292    1239932     549263   Grand Totals
     35390       3098       9682        292    1239932     549263   ELF Image Totals
     35390       3098       9682        292          0          0   ROM Totals

==============================================================================

    Total RO  Size (Code + RO Data)                45072 (  44.02kB)
    Total RW  Size (RW Data + ZI Data)           1240224 (1211.16kB)
    Total ROM Size (Code + RO Data + RW Data)      45364 (  44.30kB)

==============================================================================

